Archive member included to satisfy reference by file (symbol)

/opt/st/stm32cubeide_1.18.1/plugins/com.st.stm32cube.ide.mcu.externaltools.gnu-tools-for-stm32.13.3.rel1.linux64_1.0.0.202410170706/tools/bin/../lib/gcc/arm-none-eabi/13.3.1/../../../../arm-none-eabi/lib/thumb/v7e-m+fp/hard/libc_nano.a(libc_a-exit.o)
                              /opt/st/stm32cubeide_1.18.1/plugins/com.st.stm32cube.ide.mcu.externaltools.gnu-tools-for-stm32.13.3.rel1.linux64_1.0.0.202410170706/tools/bin/../lib/gcc/arm-none-eabi/13.3.1/../../../../arm-none-eabi/lib/thumb/v7e-m+fp/hard/crt0.o (exit)
/opt/st/stm32cubeide_1.18.1/plugins/com.st.stm32cube.ide.mcu.externaltools.gnu-tools-for-stm32.13.3.rel1.linux64_1.0.0.202410170706/tools/bin/../lib/gcc/arm-none-eabi/13.3.1/../../../../arm-none-eabi/lib/thumb/v7e-m+fp/hard/libc_nano.a(libc_a-findfp.o)
                              /opt/st/stm32cubeide_1.18.1/plugins/com.st.stm32cube.ide.mcu.externaltools.gnu-tools-for-stm32.13.3.rel1.linux64_1.0.0.202410170706/tools/bin/../lib/gcc/arm-none-eabi/13.3.1/../../../../arm-none-eabi/lib/thumb/v7e-m+fp/hard/libc_nano.a(libc_a-exit.o) (__stdio_exit_handler)
/opt/st/stm32cubeide_1.18.1/plugins/com.st.stm32cube.ide.mcu.externaltools.gnu-tools-for-stm32.13.3.rel1.linux64_1.0.0.202410170706/tools/bin/../lib/gcc/arm-none-eabi/13.3.1/../../../../arm-none-eabi/lib/thumb/v7e-m+fp/hard/libc_nano.a(libc_a-fwalk.o)
                              /opt/st/stm32cubeide_1.18.1/plugins/com.st.stm32cube.ide.mcu.externaltools.gnu-tools-for-stm32.13.3.rel1.linux64_1.0.0.202410170706/tools/bin/../lib/gcc/arm-none-eabi/13.3.1/../../../../arm-none-eabi/lib/thumb/v7e-m+fp/hard/libc_nano.a(libc_a-findfp.o) (_fwalk_sglue)
/opt/st/stm32cubeide_1.18.1/plugins/com.st.stm32cube.ide.mcu.externaltools.gnu-tools-for-stm32.13.3.rel1.linux64_1.0.0.202410170706/tools/bin/../lib/gcc/arm-none-eabi/13.3.1/../../../../arm-none-eabi/lib/thumb/v7e-m+fp/hard/libc_nano.a(libc_a-stdio.o)
                              /opt/st/stm32cubeide_1.18.1/plugins/com.st.stm32cube.ide.mcu.externaltools.gnu-tools-for-stm32.13.3.rel1.linux64_1.0.0.202410170706/tools/bin/../lib/gcc/arm-none-eabi/13.3.1/../../../../arm-none-eabi/lib/thumb/v7e-m+fp/hard/libc_nano.a(libc_a-findfp.o) (__sread)
/opt/st/stm32cubeide_1.18.1/plugins/com.st.stm32cube.ide.mcu.externaltools.gnu-tools-for-stm32.13.3.rel1.linux64_1.0.0.202410170706/tools/bin/../lib/gcc/arm-none-eabi/13.3.1/../../../../arm-none-eabi/lib/thumb/v7e-m+fp/hard/libc_nano.a(libc_a-memset.o)
                              /opt/st/stm32cubeide_1.18.1/plugins/com.st.stm32cube.ide.mcu.externaltools.gnu-tools-for-stm32.13.3.rel1.linux64_1.0.0.202410170706/tools/bin/../lib/gcc/arm-none-eabi/13.3.1/../../../../arm-none-eabi/lib/thumb/v7e-m+fp/hard/crt0.o (memset)
/opt/st/stm32cubeide_1.18.1/plugins/com.st.stm32cube.ide.mcu.externaltools.gnu-tools-for-stm32.13.3.rel1.linux64_1.0.0.202410170706/tools/bin/../lib/gcc/arm-none-eabi/13.3.1/../../../../arm-none-eabi/lib/thumb/v7e-m+fp/hard/libc_nano.a(libc_a-closer.o)
                              /opt/st/stm32cubeide_1.18.1/plugins/com.st.stm32cube.ide.mcu.externaltools.gnu-tools-for-stm32.13.3.rel1.linux64_1.0.0.202410170706/tools/bin/../lib/gcc/arm-none-eabi/13.3.1/../../../../arm-none-eabi/lib/thumb/v7e-m+fp/hard/libc_nano.a(libc_a-stdio.o) (_close_r)
/opt/st/stm32cubeide_1.18.1/plugins/com.st.stm32cube.ide.mcu.externaltools.gnu-tools-for-stm32.13.3.rel1.linux64_1.0.0.202410170706/tools/bin/../lib/gcc/arm-none-eabi/13.3.1/../../../../arm-none-eabi/lib/thumb/v7e-m+fp/hard/libc_nano.a(libc_a-reent.o)
                              /opt/st/stm32cubeide_1.18.1/plugins/com.st.stm32cube.ide.mcu.externaltools.gnu-tools-for-stm32.13.3.rel1.linux64_1.0.0.202410170706/tools/bin/../lib/gcc/arm-none-eabi/13.3.1/../../../../arm-none-eabi/lib/thumb/v7e-m+fp/hard/libc_nano.a(libc_a-closer.o) (errno)
/opt/st/stm32cubeide_1.18.1/plugins/com.st.stm32cube.ide.mcu.externaltools.gnu-tools-for-stm32.13.3.rel1.linux64_1.0.0.202410170706/tools/bin/../lib/gcc/arm-none-eabi/13.3.1/../../../../arm-none-eabi/lib/thumb/v7e-m+fp/hard/libc_nano.a(libc_a-impure.o)
                              /opt/st/stm32cubeide_1.18.1/plugins/com.st.stm32cube.ide.mcu.externaltools.gnu-tools-for-stm32.13.3.rel1.linux64_1.0.0.202410170706/tools/bin/../lib/gcc/arm-none-eabi/13.3.1/../../../../arm-none-eabi/lib/thumb/v7e-m+fp/hard/libc_nano.a(libc_a-reent.o) (_impure_ptr)
/opt/st/stm32cubeide_1.18.1/plugins/com.st.stm32cube.ide.mcu.externaltools.gnu-tools-for-stm32.13.3.rel1.linux64_1.0.0.202410170706/tools/bin/../lib/gcc/arm-none-eabi/13.3.1/../../../../arm-none-eabi/lib/thumb/v7e-m+fp/hard/libc_nano.a(libc_a-lseekr.o)
                              /opt/st/stm32cubeide_1.18.1/plugins/com.st.stm32cube.ide.mcu.externaltools.gnu-tools-for-stm32.13.3.rel1.linux64_1.0.0.202410170706/tools/bin/../lib/gcc/arm-none-eabi/13.3.1/../../../../arm-none-eabi/lib/thumb/v7e-m+fp/hard/libc_nano.a(libc_a-stdio.o) (_lseek_r)
[...]
Memory Configuration

Name             Origin             Length             Attributes
RAM              0x20000000         0x00050000         xrw
FLASH            0x08000000         0x00100000         xr
*default*        0x00000000         0xffffffff

Linker script and memory map

LOAD /opt/st/stm32cubeide_1.18.1/plugins/com.st.stm32cube.ide.mcu.externaltools.gnu-tools-for-stm32.13.3.rel1.linux64_1.0.0.202410170706/tools/bin/../lib/gcc/arm-none-eabi/13.3.1/thumb/v7e-m+fp/hard/crti.o
LOAD /opt/st/stm32cubeide_1.18.1/plugins/com.st.stm32cube.ide.mcu.externaltools.gnu-tools-for-stm32.13.3.rel1.linux64_1.0.0.202410170706/tools/bin/../lib/gcc/arm-none-eabi/13.3.1/thumb/v7e-m+fp/hard/crtbegin.o
LOAD /opt/st/stm32cubeide_1.18.1/plugins/com.st.stm32cube.ide.mcu.externaltools.gnu-tools-for-stm32.13.3.rel1.linux64_1.0.0.202410170706/tools/bin/../lib/gcc/arm-none-eabi/13.3.1/../../../../arm-none-eabi/lib/thumb/v7e-m+fp/hard/crt0.o
LOAD ./Core/Src/main.o
LOAD ./Core/Src/stm32f7xx_hal_msp.o
LOAD ./Core/Src/stm32f7xx_it.o
LOAD ./Core/Src/syscalls.o
LOAD ./Core/Src/sysmem.o
LOAD ./Core/Src/system_stm32f7xx.o
LOAD ./Core/Startup/startup_stm32f746nghx.o
LOAD ./Drivers/STM32F7xx_HAL_Driver/Src/stm32f7xx_hal.o
LOAD ./Drivers/STM32F7xx_HAL_Driver/Src/stm32f7xx_hal_cortex.o
LOAD ./Drivers/STM32F7xx_HAL_Driver/Src/stm32f7xx_hal_dma.o
LOAD ./Drivers/STM32F7xx_HAL_Driver/Src/stm32f7xx_hal_dma_ex.o
LOAD ./Drivers/STM32F7xx_HAL_Driver/Src/stm32f7xx_hal_exti.o
LOAD ./Drivers/STM32F7xx_HAL_Driver/Src/stm32f7xx_hal_flash.o
LOAD ./Drivers/STM32F7xx_HAL_Driver/Src/stm32f7xx_hal_flash_ex.o
LOAD ./Drivers/STM32F7xx_HAL_Driver/Src/stm32f7xx_hal_gpio.o
LOAD ./Drivers/STM32F7xx_HAL_Driver/Src/stm32f7xx_hal_i2c.o
LOAD ./Drivers/STM32F7xx_HAL_Driver/Src/stm32f7xx_hal_i2c_ex.o
LOAD ./Drivers/STM32F7xx_HAL_Driver/Src/stm32f7xx_hal_pwr.o
LOAD ./Drivers/STM32F7xx_HAL_Driver/Src/stm32f7xx_hal_pwr_ex.o
LOAD ./Drivers/STM32F7xx_HAL_Driver/Src/stm32f7xx_hal_rcc.o
LOAD ./Drivers/STM32F7xx_HAL_Driver/Src/stm32f7xx_hal_rcc_ex.o
START GROUP
LOAD /opt/st/stm32cubeide_1.18.1/plugins/com.st.stm32cube.ide.mcu.externaltools.gnu-tools-for-stm32.13.3.rel1.linux64_1.0.0.202410170706/tools/bin/../lib/gcc/arm-none-eabi/13.3.1/../../../../arm-none-eabi/lib/thumb/v7e-m+fp/hard/libc_nano.a
LOAD /opt/st/stm32cubeide_1.18.1/plugins/com.st.stm32cube.ide.mcu.externaltools.gnu-tools-for-stm32.13.3.rel1.linux64_1.0.0.202410170706/tools/bin/../lib/gcc/arm-none-eabi/13.3.1/../../../../arm-none-eabi/lib/thumb/v7e-m+fp/hard/libm.a
END GROUP
START GROUP
LOAD /opt/st/stm32cubeide_1.18.1/plugins/com.st.stm32cube.ide.mcu.externaltools.gnu-tools-for-stm32.13.3.rel1.linux64_1.0.0.202410170706/tools/bin/../lib/gcc/arm-none-eabi/13.3.1/thumb/v7e-m+fp/hard/libgcc.a
LOAD /opt/st/stm32cubeide_1.18.1/plugins/com.st.stm32cube.ide.mcu.externaltools.gnu-tools-for-stm32.13.3.rel1.linux64_1.0.0.202410170706/tools/bin/../lib/gcc/arm-none-eabi/13.3.1/../../../../arm-none-eabi/lib/thumb/v7e-m+fp/hard/libc_nano.a
END GROUP
START GROUP
LOAD /opt/st/stm32cubeide_1.18.1/plugins/com.st.stm32cube.ide.mcu.externaltools.gnu-tools-for-stm32.13.3.rel1.linux64_1.0.0.202410170706/tools/bin/../lib/gcc/arm-none-eabi/13.3.1/thumb/v7e-m+fp/hard/libgcc.a
LOAD /opt/st/stm32cubeide_1.18.1/plugins/com.st.stm32cube.ide.mcu.externaltools.gnu-tools-for-stm32.13.3.rel1.linux64_1.0.0.202410170706/tools/bin/../lib/gcc/arm-none-eabi/13.3.1/../../../../arm-none-eabi/lib/thumb/v7e-m+fp/hard/libc_nano.a
LOAD /opt/st/stm32cubeide_1.18.1/plugins/com.st.stm32cube.ide.mcu.externaltools.gnu-tools-for-stm32.13.3.rel1.linux64_1.0.0.202410170706/tools/bin/../lib/gcc/arm-none-eabi/13.3.1/../../../../arm-none-eabi/lib/thumb/v7e-m+fp/hard/libnosys.a
END GROUP
START GROUP
LOAD /opt/st/stm32cubeide_1.18.1/plugins/com.st.stm32cube.ide.mcu.externaltools.gnu-tools-for-stm32.13.3.rel1.linux64_1.0.0.202410170706/tools/bin/../lib/gcc/arm-none-eabi/13.3.1/thumb/v7e-m+fp/hard/libgcc.a
LOAD /opt/st/stm32cubeide_1.18.1/plugins/com.st.stm32cube.ide.mcu.externaltools.gnu-tools-for-stm32.13.3.rel1.linux64_1.0.0.202410170706/tools/bin/../lib/gcc/arm-none-eabi/13.3.1/../../../../arm-none-eabi/lib/thumb/v7e-m+fp/hard/libc_nano.a
LOAD /opt/st/stm32cubeide_1.18.1/plugins/com.st.stm32cube.ide.mcu.externaltools.gnu-tools-for-stm32.13.3.rel1.linux64_1.0.0.202410170706/tools/bin/../lib/gcc/arm-none-eabi/13.3.1/../../../../arm-none-eabi/lib/thumb/v7e-m+fp/hard/libnosys.a
END GROUP
LOAD /opt/st/stm32cubeide_1.18.1/plugins/com.st.stm32cube.ide.mcu.externaltools.gnu-tools-for-stm32.13.3.rel1.linux64_1.0.0.202410170706/tools/bin/../lib/gcc/arm-none-eabi/13.3.1/thumb/v7e-m+fp/hard/crtend.o
LOAD /opt/st/stm32cubeide_1.18.1/plugins/com.st.stm32cube.ide.mcu.externaltools.gnu-tools-for-stm32.13.3.rel1.linux64_1.0.0.202410170706/tools/bin/../lib/gcc/arm-none-eabi/13.3.1/thumb/v7e-m+fp/hard/crtn.o
                0x20050000                        _estack = (ORIGIN (RAM) + LENGTH (RAM))
                0x00000200                        _Min_Heap_Size = 0x200
                0x00000400                        _Min_Stack_Size = 0x400

.isr_vector     0x08000000      0x1c8
                0x08000000                        . = ALIGN (0x4)
 *(.isr_vector)
 .isr_vector    0x08000000      0x1c8 ./Core/Startup/startup_stm32f746nghx.o
                0x08000000                g_pfnVectors
                0x080001c8                        . = ALIGN (0x4)

.text           0x080001c8     0x16f8
                0x080001c8                        . = ALIGN (0x4)
 *(.text)
 .text          0x080001c8       0x40 /opt/st/stm32cubeide_1.18.1/plugins/com.st.stm32cube.ide.mcu.externaltools.gnu-tools-for-stm32.13.3.rel1.linux64_1.0.0.202410170706/tools/bin/../lib/gcc/arm-none-eabi/13.3.1/thumb/v7e-m+fp/hard/crtbegin.o
 .text          0x08000208       0x30 /opt/st/stm32cubeide_1.18.1/plugins/com.st.stm32cube.ide.mcu.externaltools.gnu-tools-for-stm32.13.3.rel1.linux64_1.0.0.202410170706/tools/bin/../lib/gcc/arm-none-eabi/13.3.1/thumb/v7e-m+fp/hard/libgcc.a(_aeabi_uldivmod.o)
                0x08000208                __aeabi_uldivmod
 .text          0x08000238      0x2f8 /opt/st/stm32cubeide_1.18.1/plugins/com.st.stm32cube.ide.mcu.externaltools.gnu-tools-for-stm32.13.3.rel1.linux64_1.0.0.202410170706/tools/bin/../lib/gcc/arm-none-eabi/13.3.1/thumb/v7e-m+fp/hard/libgcc.a(_udivmoddi4.o)
                0x08000238                __udivmoddi4
 .text          0x08000530        0x4 /opt/st/stm32cubeide_1.18.1/plugins/com.st.stm32cube.ide.mcu.externaltools.gnu-tools-for-stm32.13.3.rel1.linux64_1.0.0.202410170706/tools/bin/../lib/gcc/arm-none-eabi/13.3.1/thumb/v7e-m+fp/hard/libgcc.a(_dvmd_tls.o)
                0x08000530                __aeabi_ldiv0
                0x08000530                __aeabi_idiv0
 *(.text*)
 .text.main     0x08000534       0x8c ./Core/Src/main.o
                0x08000534                main
 .text.SystemClock_Config
                0x080005c0       0xdc ./Core/Src/main.o
                0x080005c0                SystemClock_Config
 .text.MX_GPIO_Init
                0x0800069c       0xb4 ./Core/Src/main.o
 .text.Error_Handler
                0x08000750        0xc ./Core/Src/main.o
                0x08000750                Error_Handler
 .text.HAL_MspInit
                0x0800075c       0x48 ./Core/Src/stm32f7xx_hal_msp.o
                0x0800075c                HAL_MspInit
 .text.NMI_Handler
                0x080007a4        0x8 ./Core/Src/stm32f7xx_it.o
                0x080007a4                NMI_Handler
 .text.HardFault_Handler
                0x080007ac        0x8 ./Core/Src/stm32f7xx_it.o
                0x080007ac                HardFault_Handler
 .text.MemManage_Handler
                0x080007b4        0x8 ./Core/Src/stm32f7xx_it.o
                0x080007b4                MemManage_Handler
 .text.BusFault_Handler
                0x080007bc        0x8 ./Core/Src/stm32f7xx_it.o
                0x080007bc                BusFault_Handler
 .text.UsageFault_Handler
                0x080007c4        0x8 ./Core/Src/stm32f7xx_it.o
                0x080007c4                UsageFault_Handler
 .text.SVC_Handler
                0x080007cc        0xe ./Core/Src/stm32f7xx_it.o
                0x080007cc                SVC_Handler
 .text.DebugMon_Handler
                0x080007da        0xe ./Core/Src/stm32f7xx_it.o
                0x080007da                DebugMon_Handler
 .text.PendSV_Handler
                0x080007e8        0xe ./Core/Src/stm32f7xx_it.o
                0x080007e8                PendSV_Handler
 .text.SysTick_Handler
                0x080007f6        0xc ./Core/Src/stm32f7xx_it.o
                0x080007f6                SysTick_Handler
 *fill*         0x08000802        0x2 
 .text.SystemInit
                0x08000804       0x24 ./Core/Src/system_stm32f7xx.o
                0x08000804                SystemInit
 .text.Reset_Handler
                0x08000828       0x50 ./Core/Startup/startup_stm32f746nghx.o
                0x08000828                Reset_Handler
 .text.Default_Handler
                0x08000878        0x2 ./Core/Startup/startup_stm32f746nghx.o
                0x08000878                RTC_Alarm_IRQHandler
                0x08000878                EXTI2_IRQHandler
                0x08000878                TIM8_CC_IRQHandler
                0x08000878                UART8_IRQHandler
                0x08000878                SPI4_IRQHandler
                0x08000878                TIM1_CC_IRQHandler
                0x08000878                DMA2_Stream5_IRQHandler
                0x08000878                DMA1_Stream5_IRQHandler
                0x08000878                PVD_IRQHandler
                0x08000878                TAMP_STAMP_IRQHandler
                0x08000878                CAN2_RX1_IRQHandler
                0x08000878                EXTI3_IRQHandler
                0x08000878                TIM8_TRG_COM_TIM14_IRQHandler
                0x08000878                TIM1_UP_TIM10_IRQHandler
                0x08000878                TIM8_UP_TIM13_IRQHandler
                0x08000878                I2C3_ER_IRQHandler
                0x08000878                EXTI0_IRQHandler
                0x08000878                I2C2_EV_IRQHandler
                0x08000878                DMA1_Stream2_IRQHandler
                0x08000878                CAN1_RX0_IRQHandler
                0x08000878                FPU_IRQHandler
                0x08000878                OTG_HS_WKUP_IRQHandler
                0x08000878                LTDC_ER_IRQHandler
                0x08000878                CAN2_SCE_IRQHandler
                0x08000878                DMA2_Stream2_IRQHandler
                0x08000878                SPI1_IRQHandler
                0x08000878                TIM6_DAC_IRQHandler
                0x08000878                TIM1_BRK_TIM9_IRQHandler
                0x08000878                DCMI_IRQHandler
                0x08000878                CAN2_RX0_IRQHandler
                0x08000878                DMA2_Stream3_IRQHandler
                0x08000878                SAI2_IRQHandler
                0x08000878                USART6_IRQHandler
                0x08000878                USART3_IRQHandler
                0x08000878                CAN1_RX1_IRQHandler
                0x08000878                UART5_IRQHandler
                0x08000878                DMA2_Stream0_IRQHandler
                0x08000878                TIM4_IRQHandler
                0x08000878                QUADSPI_IRQHandler
                0x08000878                I2C1_EV_IRQHandler
                0x08000878                DMA1_Stream6_IRQHandler
                0x08000878                DMA1_Stream1_IRQHandler
                0x08000878                UART4_IRQHandler
                0x08000878                TIM3_IRQHandler
                0x08000878                RCC_IRQHandler
                0x08000878                TIM8_BRK_TIM12_IRQHandler
                0x08000878                Default_Handler
                0x08000878                CEC_IRQHandler
                0x08000878                EXTI15_10_IRQHandler
                0x08000878                ADC_IRQHandler
                0x08000878                DMA1_Stream7_IRQHandler
                0x08000878                SPI5_IRQHandler
                0x08000878                TIM7_IRQHandler
                0x08000878                SDMMC1_IRQHandler
                0x08000878                CAN2_TX_IRQHandler
                0x08000878                TIM5_IRQHandler
                0x08000878                DMA2_Stream7_IRQHandler
                0x08000878                I2C3_EV_IRQHandler
                0x08000878                EXTI9_5_IRQHandler
                0x08000878                RTC_WKUP_IRQHandler
                0x08000878                LTDC_IRQHandler
                0x08000878                ETH_WKUP_IRQHandler
                0x08000878                SPDIF_RX_IRQHandler
                0x08000878                SPI2_IRQHandler
                0x08000878                OTG_HS_EP1_IN_IRQHandler
                0x08000878                DMA1_Stream0_IRQHandler
                0x08000878                CAN1_TX_IRQHandler
                0x08000878                EXTI4_IRQHandler
                0x08000878                RNG_IRQHandler
                0x08000878                ETH_IRQHandler
                0x08000878                OTG_HS_EP1_OUT_IRQHandler
                0x08000878                WWDG_IRQHandler
                0x08000878                SPI6_IRQHandler
                0x08000878                I2C4_EV_IRQHandler
                0x08000878                TIM2_IRQHandler
                0x08000878                OTG_FS_WKUP_IRQHandler
                0x08000878                TIM1_TRG_COM_TIM11_IRQHandler
                0x08000878                OTG_HS_IRQHandler
                0x08000878                DMA2D_IRQHandler
                0x08000878                EXTI1_IRQHandler
                0x08000878                UART7_IRQHandler
                0x08000878                USART2_IRQHandler
                0x08000878                I2C2_ER_IRQHandler
                0x08000878                DMA2_Stream1_IRQHandler
                0x08000878                CAN1_SCE_IRQHandler
                0x08000878                FLASH_IRQHandler
                0x08000878                DMA2_Stream4_IRQHandler
                0x08000878                USART1_IRQHandler
                0x08000878                OTG_FS_IRQHandler
                0x08000878                SPI3_IRQHandler
                0x08000878                DMA1_Stream4_IRQHandler
                0x08000878                I2C1_ER_IRQHandler
                0x08000878                FMC_IRQHandler
                0x08000878                LPTIM1_IRQHandler
                0x08000878                I2C4_ER_IRQHandler
                0x08000878                DMA2_Stream6_IRQHandler
                0x08000878                SAI1_IRQHandler
                0x08000878                DMA1_Stream3_IRQHandler
 .text.HAL_Init
                0x0800087a       0x1a ./Drivers/STM32F7xx_HAL_Driver/Src/stm32f7xx_hal.o
                0x0800087a                HAL_Init
 .text.HAL_InitTick
                0x08000894       0x60 ./Drivers/STM32F7xx_HAL_Driver/Src/stm32f7xx_hal.o
                0x08000894                HAL_InitTick
 .text.HAL_IncTick
                0x080008f4       0x28 ./Drivers/STM32F7xx_HAL_Driver/Src/stm32f7xx_hal.o
                0x080008f4                HAL_IncTick
 .text.HAL_GetTick
                0x0800091c       0x18 ./Drivers/STM32F7xx_HAL_Driver/Src/stm32f7xx_hal.o
                0x0800091c                HAL_GetTick
 .text.HAL_Delay
                0x08000934       0x48 ./Drivers/STM32F7xx_HAL_Driver/Src/stm32f7xx_hal.o
                0x08000934                HAL_Delay
 .text.__NVIC_SetPriorityGrouping
                0x0800097c       0x48 ./Drivers/STM32F7xx_HAL_Driver/Src/stm32f7xx_hal_cortex.o
 .text.__NVIC_GetPriorityGrouping
                0x080009c4       0x1c ./Drivers/STM32F7xx_HAL_Driver/Src/stm32f7xx_hal_cortex.o
 .text.__NVIC_SetPriority
                0x080009e0       0x54 ./Drivers/STM32F7xx_HAL_Driver/Src/stm32f7xx_hal_cortex.o
 .text.NVIC_EncodePriority
                0x08000a34       0x66 ./Drivers/STM32F7xx_HAL_Driver/Src/stm32f7xx_hal_cortex.o
 *fill*         0x08000a9a        0x2 
 .text.SysTick_Config
                0x08000a9c       0x44 ./Drivers/STM32F7xx_HAL_Driver/Src/stm32f7xx_hal_cortex.o
 .text.HAL_NVIC_SetPriorityGrouping
                0x08000ae0       0x16 ./Drivers/STM32F7xx_HAL_Driver/Src/stm32f7xx_hal_cortex.o
                0x08000ae0                HAL_NVIC_SetPriorityGrouping
 .text.HAL_NVIC_SetPriority
                0x08000af6       0x38 ./Drivers/STM32F7xx_HAL_Driver/Src/stm32f7xx_hal_cortex.o
                0x08000af6                HAL_NVIC_SetPriority
 .text.HAL_SYSTICK_Config
                0x08000b2e       0x18 ./Drivers/STM32F7xx_HAL_Driver/Src/stm32f7xx_hal_cortex.o
                0x08000b2e                HAL_SYSTICK_Config
 *fill*         0x08000b46        0x2 
 .text.HAL_GPIO_Init
                0x08000b48      0x358 ./Drivers/STM32F7xx_HAL_Driver/Src/stm32f7xx_hal_gpio.o
                0x08000b48                HAL_GPIO_Init
 .text.HAL_GPIO_ReadPin
                0x08000ea0       0x30 ./Drivers/STM32F7xx_HAL_Driver/Src/stm32f7xx_hal_gpio.o
                0x08000ea0                HAL_GPIO_ReadPin
 .text.HAL_GPIO_WritePin
                0x08000ed0       0x32 ./Drivers/STM32F7xx_HAL_Driver/Src/stm32f7xx_hal_gpio.o
                0x08000ed0                HAL_GPIO_WritePin
 *fill*         0x08000f02        0x2 
 .text.HAL_PWREx_EnableOverDrive
                0x08000f04       0xa0 ./Drivers/STM32F7xx_HAL_Driver/Src/stm32f7xx_hal_pwr_ex.o
                0x08000f04                HAL_PWREx_EnableOverDrive
 .text.HAL_RCC_OscConfig
                0x08000fa4      0x548 ./Drivers/STM32F7xx_HAL_Driver/Src/stm32f7xx_hal_rcc.o
                0x08000fa4                HAL_RCC_OscConfig
 .text.HAL_RCC_ClockConfig
                0x080014ec      0x1d8 ./Drivers/STM32F7xx_HAL_Driver/Src/stm32f7xx_hal_rcc.o
                0x080014ec                HAL_RCC_ClockConfig
 .text.HAL_RCC_GetSysClockFreq
                0x080016c4      0x18c ./Drivers/STM32F7xx_HAL_Driver/Src/stm32f7xx_hal_rcc.o
                0x080016c4                HAL_RCC_GetSysClockFreq
 .text.memset   0x08001850       0x10 /opt/st/stm32cubeide_1.18.1/plugins/com.st.stm32cube.ide.mcu.externaltools.gnu-tools-for-stm32.13.3.rel1.linux64_1.0.0.202410170706/tools/bin/../lib/gcc/arm-none-eabi/13.3.1/../../../../arm-none-eabi/lib/thumb/v7e-m+fp/hard/libc_nano.a(libc_a-memset.o)
                0x08001850                memset
 .text.__libc_init_array
                0x08001860       0x48 /opt/st/stm32cubeide_1.18.1/plugins/com.st.stm32cube.ide.mcu.externaltools.gnu-tools-for-stm32.13.3.rel1.linux64_1.0.0.202410170706/tools/bin/../lib/gcc/arm-none-eabi/13.3.1/../../../../arm-none-eabi/lib/thumb/v7e-m+fp/hard/libc_nano.a(libc_a-init.o)
                0x08001860                __libc_init_array
 *(.glue_7)
 .glue_7        0x080018a8        0x0 linker stubs
 *(.glue_7t)
 .glue_7t       0x080018a8        0x0 linker stubs
 *(.eh_frame)
 .eh_frame      0x080018a8        0x0 /opt/st/stm32cubeide_1.18.1/plugins/com.st.stm32cube.ide.mcu.externaltools.gnu-tools-for-stm32.13.3.rel1.linux64_1.0.0.202410170706/tools/bin/../lib/gcc/arm-none-eabi/13.3.1/thumb/v7e-m+fp/hard/crtbegin.o
 *(.init)
 .init          0x080018a8        0x4 /opt/st/stm32cubeide_1.18.1/plugins/com.st.stm32cube.ide.mcu.externaltools.gnu-tools-for-stm32.13.3.rel1.linux64_1.0.0.202410170706/tools/bin/../lib/gcc/arm-none-eabi/13.3.1/thumb/v7e-m+fp/hard/crti.o
                0x080018a8                _init
 .init          0x080018ac        0x8 /opt/st/stm32cubeide_1.18.1/plugins/com.st.stm32cube.ide.mcu.externaltools.gnu-tools-for-stm32.13.3.rel1.linux64_1.0.0.202410170706/tools/bin/../lib/gcc/arm-none-eabi/13.3.1/thumb/v7e-m+fp/hard/crtn.o
 *(.fini)
 .fini          0x080018b4        0x4 /opt/st/stm32cubeide_1.18.1/plugins/com.st.stm32cube.ide.mcu.externaltools.gnu-tools-for-stm32.13.3.rel1.linux64_1.0.0.202410170706/tools/bin/../lib/gcc/arm-none-eabi/13.3.1/thumb/v7e-m+fp/hard/crti.o
                0x080018b4                _fini
 .fini          0x080018b8        0x8 /opt/st/stm32cubeide_1.18.1/plugins/com.st.stm32cube.ide.mcu.externaltools.gnu-tools-for-stm32.13.3.rel1.linux64_1.0.0.202410170706/tools/bin/../lib/gcc/arm-none-eabi/13.3.1/thumb/v7e-m+fp/hard/crtn.o
                0x080018c0                        . = ALIGN (0x4)
                0x080018c0                        _etext = .

.vfp11_veneer   0x080018c0        0x0
 .vfp11_veneer  0x080018c0        0x0 linker stubs

.v4_bx          0x080018c0        0x0
 .v4_bx         0x080018c0        0x0 linker stubs

.iplt           0x080018c0        0x0
 .iplt          0x080018c0        0x0 /opt/st/stm32cubeide_1.18.1/plugins/com.st.stm32cube.ide.mcu.externaltools.gnu-tools-for-stm32.13.3.rel1.linux64_1.0.0.202410170706/tools/bin/../lib/gcc/arm-none-eabi/13.3.1/thumb/v7e-m+fp/hard/crtbegin.o

.rodata         0x080018c0       0x10
                0x080018c0                        . = ALIGN (0x4)
 *(.rodata)
 *(.rodata*)
 .rodata.AHBPrescTable
                0x080018c0       0x10 ./Core/Src/system_stm32f7xx.o
                0x080018c0                AHBPrescTable
                0x080018d0                        . = ALIGN (0x4)

.ARM.extab      0x080018d0        0x0
                0x080018d0                        . = ALIGN (0x4)
 *(.ARM.extab* .gnu.linkonce.armextab.*)
                0x080018d0                        . = ALIGN (0x4)

.ARM            0x080018d0        0x8
                0x080018d0                        . = ALIGN (0x4)
                0x080018d0                        __exidx_start = .
 *(.ARM.exidx*)
 .ARM.exidx     0x080018d0        0x8 /opt/st/stm32cubeide_1.18.1/plugins/com.st.stm32cube.ide.mcu.externaltools.gnu-tools-for-stm32.13.3.rel1.linux64_1.0.0.202410170706/tools/bin/../lib/gcc/arm-none-eabi/13.3.1/thumb/v7e-m+fp/hard/libgcc.a(_udivmoddi4.o)
                0x080018d8                        __exidx_end = .
                0x080018d8                        . = ALIGN (0x4)

.preinit_array  0x080018d8        0x0
                0x080018d8                        . = ALIGN (0x4)
                0x080018d8                        PROVIDE (__preinit_array_start = .)
 *(.preinit_array*)
                0x080018d8                        PROVIDE (__preinit_array_end = .)
                0x080018d8                        . = ALIGN (0x4)

.init_array     0x080018d8        0x4
                0x080018d8                        . = ALIGN (0x4)
                0x080018d8                        PROVIDE (__init_array_start = .)
 *(SORT_BY_NAME(.init_array.*))
 *(.init_array*)
 .init_array    0x080018d8        0x4 /opt/st/stm32cubeide_1.18.1/plugins/com.st.stm32cube.ide.mcu.externaltools.gnu-tools-for-stm32.13.3.rel1.linux64_1.0.0.202410170706/tools/bin/../lib/gcc/arm-none-eabi/13.3.1/thumb/v7e-m+fp/hard/crtbegin.o
                0x080018dc                        PROVIDE (__init_array_end = .)
                0x080018dc                        . = ALIGN (0x4)

.fini_array     0x080018dc        0x4
                0x080018dc                        . = ALIGN (0x4)
                [!provide]                        PROVIDE (__fini_array_start = .)
 *(SORT_BY_NAME(.fini_array.*))
 *(.fini_array*)
 .fini_array    0x080018dc        0x4 /opt/st/stm32cubeide_1.18.1/plugins/com.st.stm32cube.ide.mcu.externaltools.gnu-tools-for-stm32.13.3.rel1.linux64_1.0.0.202410170706/tools/bin/../lib/gcc/arm-none-eabi/13.3.1/thumb/v7e-m+fp/hard/crtbegin.o
                [!provide]                        PROVIDE (__fini_array_end = .)
                0x080018e0                        . = ALIGN (0x4)
                0x080018e0                        _sidata = LOADADDR (.data)

.rel.dyn        0x080018e0        0x0
 .rel.iplt      0x080018e0        0x0 /opt/st/stm32cubeide_1.18.1/plugins/com.st.stm32cube.ide.mcu.externaltools.gnu-tools-for-stm32.13.3.rel1.linux64_1.0.0.202410170706/tools/bin/../lib/gcc/arm-none-eabi/13.3.1/thumb/v7e-m+fp/hard/crtbegin.o

.data           0x20000000        0xc load address 0x080018e0
                0x20000000                        . = ALIGN (0x4)
                0x20000000                        _sdata = .
 *(.data)
 *(.data*)
 .data.SystemCoreClock
                0x20000000        0x4 ./Core/Src/system_stm32f7xx.o
                0x20000000                SystemCoreClock
 .data.uwTickPrio
                0x20000004        0x4 ./Drivers/STM32F7xx_HAL_Driver/Src/stm32f7xx_hal.o
                0x20000004                uwTickPrio
 .data.uwTickFreq
                0x20000008        0x1 ./Drivers/STM32F7xx_HAL_Driver/Src/stm32f7xx_hal.o
                0x20000008                uwTickFreq
 *(.RamFunc)
 *(.RamFunc*)
                0x2000000c                        . = ALIGN (0x4)
 *fill*         0x20000009        0x3 
                0x2000000c                        _edata = .

.igot.plt       0x2000000c        0x0 load address 0x080018ec
 .igot.plt      0x2000000c        0x0 /opt/st/stm32cubeide_1.18.1/plugins/com.st.stm32cube.ide.mcu.externaltools.gnu-tools-for-stm32.13.3.rel1.linux64_1.0.0.202410170706/tools/bin/../lib/gcc/arm-none-eabi/13.3.1/thumb/v7e-m+fp/hard/crtbegin.o
                0x2000000c                        . = ALIGN (0x4)

.bss            0x2000000c       0x20 load address 0x080018ec
                0x2000000c                        _sbss = .
                0x2000000c                        __bss_start__ = _sbss
 *(.bss)
 .bss           0x2000000c       0x1c /opt/st/stm32cubeide_1.18.1/plugins/com.st.stm32cube.ide.mcu.externaltools.gnu-tools-for-stm32.13.3.rel1.linux64_1.0.0.202410170706/tools/bin/../lib/gcc/arm-none-eabi/13.3.1/thumb/v7e-m+fp/hard/crtbegin.o
 *(.bss*)
 .bss.uwTick    0x20000028        0x4 ./Drivers/STM32F7xx_HAL_Driver/Src/stm32f7xx_hal.o
                0x20000028                uwTick
 *(COMMON)
                0x2000002c                        . = ALIGN (0x4)
                0x2000002c                        _ebss = .
                0x2000002c                        __bss_end__ = _ebss

._user_heap_stack
                0x2000002c      0x604 load address 0x080018ec
                0x20000030                        . = ALIGN (0x8)
 *fill*         0x2000002c        0x4 
                [!provide]                        PROVIDE (end = .)
                0x20000030                        PROVIDE (_end = .)
                0x20000230                        . = (. + _Min_Heap_Size)
 *fill*         0x20000030      0x200 
                0x20000630                        . = (. + _Min_Stack_Size)
 *fill*         0x20000230      0x400 
                0x20000630                        . = ALIGN (0x8)

/DISCARD/
 libc.a(*)
 libm.a(*)
 libgcc.a(*)

.ARM.attributes
                0x00000000       0x30
 *(.ARM.attributes)
 .ARM.attributes
                0x00000000       0x22 /opt/st/stm32cubeide_1.18.1/plugins/com.st.stm32cube.ide.mcu.externaltools.gnu-tools-for-stm32.13.3.rel1.linux64_1.0.0.202410170706/tools/bin/../lib/gcc/arm-none-eabi/13.3.1/thumb/v7e-m+fp/hard/crti.o
 .ARM.attributes
                0x00000022       0x34 /opt/st/stm32cubeide_1.18.1/plugins/com.st.stm32cube.ide.mcu.externaltools.gnu-tools-for-stm32.13.3.rel1.linux64_1.0.0.202410170706/tools/bin/../lib/gcc/arm-none-eabi/13.3.1/thumb/v7e-m+fp/hard/crtbegin.o
 .ARM.attributes
                0x00000056       0x34 ./Core/Src/main.o
 .ARM.attributes
                0x0000008a       0x34 ./Core/Src/stm32f7xx_hal_msp.o
 .ARM.attributes
                0x000000be       0x34 ./Core/Src/stm32f7xx_it.o
 .ARM.attributes
                0x000000f2       0x34 ./Core/Src/system_stm32f7xx.o
 .ARM.attributes
                0x00000126       0x21 ./Core/Startup/startup_stm32f746nghx.o
 .ARM.attributes
                0x00000147       0x34 ./Drivers/STM32F7xx_HAL_Driver/Src/stm32f7xx_hal.o
 .ARM.attributes
                0x0000017b       0x34 ./Drivers/STM32F7xx_HAL_Driver/Src/stm32f7xx_hal_cortex.o
 .ARM.attributes
                0x000001af       0x34 ./Drivers/STM32F7xx_HAL_Driver/Src/stm32f7xx_hal_gpio.o
 .ARM.attributes
                0x000001e3       0x34 ./Drivers/STM32F7xx_HAL_Driver/Src/stm32f7xx_hal_pwr_ex.o
 .ARM.attributes
                0x00000217       0x34 ./Drivers/STM32F7xx_HAL_Driver/Src/stm32f7xx_hal_rcc.o
 .ARM.attributes
                0x0000024b       0x34 /opt/st/stm32cubeide_1.18.1/plugins/com.st.stm32cube.ide.mcu.externaltools.gnu-tools-for-stm32.13.3.rel1.linux64_1.0.0.202410170706/tools/bin/../lib/gcc/arm-none-eabi/13.3.1/../../../../arm-none-eabi/lib/thumb/v7e-m+fp/hard/libc_nano.a(libc_a-memset.o)
 .ARM.attributes
                0x0000027f       0x34 /opt/st/stm32cubeide_1.18.1/plugins/com.st.stm32cube.ide.mcu.externaltools.gnu-tools-for-stm32.13.3.rel1.linux64_1.0.0.202410170706/tools/bin/../lib/gcc/arm-none-eabi/13.3.1/../../../../arm-none-eabi/lib/thumb/v7e-m+fp/hard/libc_nano.a(libc_a-init.o)
 .ARM.attributes
                0x000002b3       0x22 /opt/st/stm32cubeide_1.18.1/plugins/com.st.stm32cube.ide.mcu.externaltools.gnu-tools-for-stm32.13.3.rel1.linux64_1.0.0.202410170706/tools/bin/../lib/gcc/arm-none-eabi/13.3.1/thumb/v7e-m+fp/hard/libgcc.a(_aeabi_uldivmod.o)
 .ARM.attributes
                0x000002d5       0x34 /opt/st/stm32cubeide_1.18.1/plugins/com.st.stm32cube.ide.mcu.externaltools.gnu-tools-for-stm32.13.3.rel1.linux64_1.0.0.202410170706/tools/bin/../lib/gcc/arm-none-eabi/13.3.1/thumb/v7e-m+fp/hard/libgcc.a(_udivmoddi4.o)
 .ARM.attributes
                0x00000309       0x22 /opt/st/stm32cubeide_1.18.1/plugins/com.st.stm32cube.ide.mcu.externaltools.gnu-tools-for-stm32.13.3.rel1.linux64_1.0.0.202410170706/tools/bin/../lib/gcc/arm-none-eabi/13.3.1/thumb/v7e-m+fp/hard/libgcc.a(_dvmd_tls.o)
 .ARM.attributes
                0x0000032b       0x22 /opt/st/stm32cubeide_1.18.1/plugins/com.st.stm32cube.ide.mcu.externaltools.gnu-tools-for-stm32.13.3.rel1.linux64_1.0.0.202410170706/tools/bin/../lib/gcc/arm-none-eabi/13.3.1/thumb/v7e-m+fp/hard/crtn.o
OUTPUT(pushbutton_3timespress_blinkled.elf elf32-littlearm)
LOAD linker stubs
LOAD /opt/st/stm32cubeide_1.18.1/plugins/com.st.stm32cube.ide.mcu.externaltools.gnu-tools-for-stm32.13.3.rel1.linux64_1.0.0.202410170706/tools/bin/../lib/gcc/arm-none-eabi/13.3.1/../../../../arm-none-eabi/lib/thumb/v7e-m+fp/hard/libc.a
LOAD /opt/st/stm32cubeide_1.18.1/plugins/com.st.stm32cube.ide.mcu.externaltools.gnu-tools-for-stm32.13.3.rel1.linux64_1.0.0.202410170706/tools/bin/../lib/gcc/arm-none-eabi/13.3.1/../../../../arm-none-eabi/lib/thumb/v7e-m+fp/hard/libm.a
LOAD /opt/st/stm32cubeide_1.18.1/plugins/com.st.stm32cube.ide.mcu.externaltools.gnu-tools-for-stm32.13.3.rel1.linux64_1.0.0.202410170706/tools/bin/../lib/gcc/arm-none-eabi/13.3.1/thumb/v7e-m+fp/hard/libgcc.a

.debug_info     0x00000000     0x43cc
 .debug_info    0x00000000      0x716 ./Core/Src/main.o
 .debug_info    0x00000716      0x28d ./Core/Src/stm32f7xx_hal_msp.o
 .debug_info    0x000009a3      0x112 ./Core/Src/stm32f7xx_it.o
 .debug_info    0x00000ab5      0x6ed ./Core/Src/system_stm32f7xx.o
 .debug_info    0x000011a2       0x30 ./Core/Startup/startup_stm32f746nghx.o
 .debug_info    0x000011d2      0x9d8 ./Drivers/STM32F7xx_HAL_Driver/Src/stm32f7xx_hal.o
 .debug_info    0x00001baa      0xf7e ./Drivers/STM32F7xx_HAL_Driver/Src/stm32f7xx_hal_cortex.o
 .debug_info    0x00002b28      0x6e7 ./Drivers/STM32F7xx_HAL_Driver/Src/stm32f7xx_hal_gpio.o
 .debug_info    0x0000320f      0x8cd ./Drivers/STM32F7xx_HAL_Driver/Src/stm32f7xx_hal_pwr_ex.o
 .debug_info    0x00003adc      0x8f0 ./Drivers/STM32F7xx_HAL_Driver/Src/stm32f7xx_hal_rcc.o

.debug_abbrev   0x00000000     0x1022
 .debug_abbrev  0x00000000      0x216 ./Core/Src/main.o
 .debug_abbrev  0x00000216       0xd8 ./Core/Src/stm32f7xx_hal_msp.o
 .debug_abbrev  0x000002ee       0x73 ./Core/Src/stm32f7xx_it.o
 .debug_abbrev  0x00000361      0x13b ./Core/Src/system_stm32f7xx.o
 .debug_abbrev  0x0000049c       0x24 ./Core/Startup/startup_stm32f746nghx.o
 .debug_abbrev  0x000004c0      0x213 ./Drivers/STM32F7xx_HAL_Driver/Src/stm32f7xx_hal.o
 .debug_abbrev  0x000006d3      0x31e ./Drivers/STM32F7xx_HAL_Driver/Src/stm32f7xx_hal_cortex.o
 .debug_abbrev  0x000009f1      0x1d4 ./Drivers/STM32F7xx_HAL_Driver/Src/stm32f7xx_hal_gpio.o
 .debug_abbrev  0x00000bc5      0x1d5 ./Drivers/STM32F7xx_HAL_Driver/Src/stm32f7xx_hal_pwr_ex.o
 .debug_abbrev  0x00000d9a      0x288 ./Drivers/STM32F7xx_HAL_Driver/Src/stm32f7xx_hal_rcc.o

.debug_aranges  0x00000000      0x490
 .debug_aranges
                0x00000000       0x38 ./Core/Src/main.o
 .debug_aranges
                0x00000038       0x20 ./Core/Src/stm32f7xx_hal_msp.o
 .debug_aranges
                0x00000058       0x60 ./Core/Src/stm32f7xx_it.o
 .debug_aranges
                0x000000b8       0x28 ./Core/Src/system_stm32f7xx.o
 .debug_aranges
                0x000000e0       0x28 ./Core/Startup/startup_stm32f746nghx.o
 .debug_aranges
                0x00000108      0x100 ./Drivers/STM32F7xx_HAL_Driver/Src/stm32f7xx_hal.o
 .debug_aranges
                0x00000208      0x128 ./Drivers/STM32F7xx_HAL_Driver/Src/stm32f7xx_hal_cortex.o
 .debug_aranges
                0x00000330       0x58 ./Drivers/STM32F7xx_HAL_Driver/Src/stm32f7xx_hal_gpio.o
 .debug_aranges
                0x00000388       0x80 ./Drivers/STM32F7xx_HAL_Driver/Src/stm32f7xx_hal_pwr_ex.o
 .debug_aranges
                0x00000408       0x88 ./Drivers/STM32F7xx_HAL_Driver/Src/stm32f7xx_hal_rcc.o

.debug_rnglists
                0x00000000      0x34b
 .debug_rnglists
                0x00000000       0x28 ./Core/Src/main.o
 .debug_rnglists
                0x00000028       0x13 ./Core/Src/stm32f7xx_hal_msp.o
 .debug_rnglists
                0x0000003b       0x43 ./Core/Src/stm32f7xx_it.o
 .debug_rnglists
                0x0000007e       0x1a ./Core/Src/system_stm32f7xx.o
 .debug_rnglists
                0x00000098       0x19 ./Core/Startup/startup_stm32f746nghx.o
 .debug_rnglists
                0x000000b1       0xbb ./Drivers/STM32F7xx_HAL_Driver/Src/stm32f7xx_hal.o
 .debug_rnglists
                0x0000016c       0xda ./Drivers/STM32F7xx_HAL_Driver/Src/stm32f7xx_hal_cortex.o
 .debug_rnglists
                0x00000246       0x3f ./Drivers/STM32F7xx_HAL_Driver/Src/stm32f7xx_hal_gpio.o
 .debug_rnglists
                0x00000285       0x5f ./Drivers/STM32F7xx_HAL_Driver/Src/stm32f7xx_hal_pwr_ex.o
 .debug_rnglists
                0x000002e4       0x67 ./Drivers/STM32F7xx_HAL_Driver/Src/stm32f7xx_hal_rcc.o

.debug_macro    0x00000000    0x23798
 .debug_macro   0x00000000      0x1c4 ./Core/Src/main.o
 .debug_macro   0x000001c4      0xad8 ./Core/Src/main.o
 .debug_macro   0x00000c9c      0x287 ./Core/Src/main.o
 .debug_macro   0x00000f23       0x2e ./Core/Src/main.o
 .debug_macro   0x00000f51       0x3b ./Core/Src/main.o
 .debug_macro   0x00000f8c       0x22 ./Core/Src/main.o
 .debug_macro   0x00000fae       0x8e ./Core/Src/main.o
 .debug_macro   0x0000103c       0x51 ./Core/Src/main.o
 .debug_macro   0x0000108d      0x103 ./Core/Src/main.o
 .debug_macro   0x00001190       0x6a ./Core/Src/main.o
 .debug_macro   0x000011fa      0x1df ./Core/Src/main.o
 .debug_macro   0x000013d9       0x1c ./Core/Src/main.o
 .debug_macro   0x000013f5       0x22 ./Core/Src/main.o
 .debug_macro   0x00001417       0xd9 ./Core/Src/main.o
 .debug_macro   0x000014f0     0x12cd ./Core/Src/main.o
 .debug_macro   0x000027bd      0x11f ./Core/Src/main.o
 .debug_macro   0x000028dc       0x19 ./Core/Src/main.o
 .debug_macro   0x000028f5    0x19222 ./Core/Src/main.o
 .debug_macro   0x0001bb17       0x6d ./Core/Src/main.o
 .debug_macro   0x0001bb84     0x375e ./Core/Src/main.o
 .debug_macro   0x0001f2e2      0x190 ./Core/Src/main.o
 .debug_macro   0x0001f472       0x63 ./Core/Src/main.o
 .debug_macro   0x0001f4d5     0x18ad ./Core/Src/main.o
 .debug_macro   0x00020d82      0x6c4 ./Core/Src/main.o
 .debug_macro   0x00021446      0x185 ./Core/Src/main.o
 .debug_macro   0x000215cb      0x115 ./Core/Src/main.o
 .debug_macro   0x000216e0      0x1fd ./Core/Src/main.o
 .debug_macro   0x000218dd       0xa5 ./Core/Src/main.o
 .debug_macro   0x00021982      0x24f ./Core/Src/main.o
 .debug_macro   0x00021bd1       0x41 ./Core/Src/main.o
 .debug_macro   0x00021c12       0x58 ./Core/Src/main.o
 .debug_macro   0x00021c6a      0x236 ./Core/Src/main.o
 .debug_macro   0x00021ea0      0x14e ./Core/Src/main.o
 .debug_macro   0x00021fee      0x25a ./Core/Src/main.o
 .debug_macro   0x00022248       0x12 ./Core/Src/main.o
 .debug_macro   0x0002225a      0x22c ./Core/Src/main.o
 .debug_macro   0x00022486       0x61 ./Core/Src/main.o
 .debug_macro   0x000224e7       0xa5 ./Core/Src/main.o
 .debug_macro   0x0002258c      0x12e ./Core/Src/main.o
 .debug_macro   0x000226ba      0x108 ./Core/Src/main.o
 .debug_macro   0x000227c2       0x35 ./Core/Src/main.o
 .debug_macro   0x000227f7      0x14d ./Core/Src/main.o
 .debug_macro   0x00022944      0x1c4 ./Core/Src/stm32f7xx_hal_msp.o
 .debug_macro   0x00022b08      0x1ce ./Core/Src/stm32f7xx_it.o
 .debug_macro   0x00022cd6      0x1ba ./Core/Src/system_stm32f7xx.o
 .debug_macro   0x00022e90      0x1de ./Drivers/STM32F7xx_HAL_Driver/Src/stm32f7xx_hal.o
 .debug_macro   0x0002306e      0x1ba ./Drivers/STM32F7xx_HAL_Driver/Src/stm32f7xx_hal_cortex.o
 .debug_macro   0x00023228      0x1c0 ./Drivers/STM32F7xx_HAL_Driver/Src/stm32f7xx_hal_gpio.o
 .debug_macro   0x000233e8      0x1d2 ./Drivers/STM32F7xx_HAL_Driver/Src/stm32f7xx_hal_pwr_ex.o
 .debug_macro   0x000235ba      0x1de ./Drivers/STM32F7xx_HAL_Driver/Src/stm32f7xx_hal_rcc.o

.debug_line     0x00000000     0x53c9
 .debug_line    0x00000000      0x73c ./Core/Src/main.o
 .debug_line    0x0000073c      0x652 ./Core/Src/stm32f7xx_hal_msp.o
 .debug_line    0x00000d8e      0x701 ./Core/Src/stm32f7xx_it.o
 .debug_line    0x0000148f      0x6c6 ./Core/Src/system_stm32f7xx.o
 .debug_line    0x00001b55       0x7a ./Core/Startup/startup_stm32f746nghx.o
 .debug_line    0x00001bcf      0x979 ./Drivers/STM32F7xx_HAL_Driver/Src/stm32f7xx_hal.o
 .debug_line    0x00002548      0xbf9 ./Drivers/STM32F7xx_HAL_Driver/Src/stm32f7xx_hal_cortex.o
 .debug_line    0x00003141      0xad3 ./Drivers/STM32F7xx_HAL_Driver/Src/stm32f7xx_hal_gpio.o
 .debug_line    0x00003c14      0x949 ./Drivers/STM32F7xx_HAL_Driver/Src/stm32f7xx_hal_pwr_ex.o
 .debug_line    0x0000455d      0xe6c ./Drivers/STM32F7xx_HAL_Driver/Src/stm32f7xx_hal_rcc.o

.debug_str      0x00000000    0xdca57
 .debug_str     0x00000000    0xdca57 ./Core/Src/main.o
                              0xdbbdc (size before relaxing)
 .debug_str     0x000dca57    0xdb8ff ./Core/Src/stm32f7xx_hal_msp.o
 .debug_str     0x000dca57    0xdb868 ./Core/Src/stm32f7xx_it.o
 .debug_str     0x000dca57    0xdba78 ./Core/Src/system_stm32f7xx.o
 .debug_str     0x000dca57       0x8f ./Core/Startup/startup_stm32f746nghx.o
 .debug_str     0x000dca57    0xdc3e1 ./Drivers/STM32F7xx_HAL_Driver/Src/stm32f7xx_hal.o
 .debug_str     0x000dca57    0xdc3fe ./Drivers/STM32F7xx_HAL_Driver/Src/stm32f7xx_hal_cortex.o
 .debug_str     0x000dca57    0xdbb36 ./Drivers/STM32F7xx_HAL_Driver/Src/stm32f7xx_hal_gpio.o
 .debug_str     0x000dca57    0xdbce7 ./Drivers/STM32F7xx_HAL_Driver/Src/stm32f7xx_hal_pwr_ex.o
 .debug_str     0x000dca57    0xdbdda ./Drivers/STM32F7xx_HAL_Driver/Src/stm32f7xx_hal_rcc.o

.comment        0x00000000       0x43
 .comment       0x00000000       0x43 ./Core/Src/main.o
                                 0x44 (size before relaxing)
 .comment       0x00000043       0x44 ./Core/Src/stm32f7xx_hal_msp.o
 .comment       0x00000043       0x44 ./Core/Src/stm32f7xx_it.o
 .comment       0x00000043       0x44 ./Core/Src/system_stm32f7xx.o
 .comment       0x00000043       0x44 ./Drivers/STM32F7xx_HAL_Driver/Src/stm32f7xx_hal.o
 .comment       0x00000043       0x44 ./Drivers/STM32F7xx_HAL_Driver/Src/stm32f7xx_hal_cortex.o
 .comment       0x00000043       0x44 ./Drivers/STM32F7xx_HAL_Driver/Src/stm32f7xx_hal_gpio.o
 .comment       0x00000043       0x44 ./Drivers/STM32F7xx_HAL_Driver/Src/stm32f7xx_hal_pwr_ex.o
 .comment       0x00000043       0x44 ./Drivers/STM32F7xx_HAL_Driver/Src/stm32f7xx_hal_rcc.o

.debug_frame    0x00000000     0x1078
 .debug_frame   0x00000000       0x90 ./Core/Src/main.o
 .debug_frame   0x00000090       0x38 ./Core/Src/stm32f7xx_hal_msp.o
 .debug_frame   0x000000c8      0x104 ./Core/Src/stm32f7xx_it.o
 .debug_frame   0x000001cc       0x58 ./Core/Src/system_stm32f7xx.o
 .debug_frame   0x00000224      0x3b4 ./Drivers/STM32F7xx_HAL_Driver/Src/stm32f7xx_hal.o
 .debug_frame   0x000005d8      0x4e8 ./Drivers/STM32F7xx_HAL_Driver/Src/stm32f7xx_hal_cortex.o
 .debug_frame   0x00000ac0      0x14c ./Drivers/STM32F7xx_HAL_Driver/Src/stm32f7xx_hal_gpio.o
 .debug_frame   0x00000c0c      0x1c8 ./Drivers/STM32F7xx_HAL_Driver/Src/stm32f7xx_hal_pwr_ex.o
 .debug_frame   0x00000dd4      0x1f8 ./Drivers/STM32F7xx_HAL_Driver/Src/stm32f7xx_hal_rcc.o
 .debug_frame   0x00000fcc       0x20 /opt/st/stm32cubeide_1.18.1/plugins/com.st.stm32cube.ide.mcu.externaltools.gnu-tools-for-stm32.13.3.rel1.linux64_1.0.0.202410170706/tools/bin/../lib/gcc/arm-none-eabi/13.3.1/../../../../arm-none-eabi/lib/thumb/v7e-m+fp/hard/libc_nano.a(libc_a-memset.o)
 .debug_frame   0x00000fec       0x2c /opt/st/stm32cubeide_1.18.1/plugins/com.st.stm32cube.ide.mcu.externaltools.gnu-tools-for-stm32.13.3.rel1.linux64_1.0.0.202410170706/tools/bin/../lib/gcc/arm-none-eabi/13.3.1/../../../../arm-none-eabi/lib/thumb/v7e-m+fp/hard/libc_nano.a(libc_a-init.o)
 .debug_frame   0x00001018       0x2c /opt/st/stm32cubeide_1.18.1/plugins/com.st.stm32cube.ide.mcu.externaltools.gnu-tools-for-stm32.13.3.rel1.linux64_1.0.0.202410170706/tools/bin/../lib/gcc/arm-none-eabi/13.3.1/thumb/v7e-m+fp/hard/libgcc.a(_aeabi_uldivmod.o)
 .debug_frame   0x00001044       0x34 /opt/st/stm32cubeide_1.18.1/plugins/com.st.stm32cube.ide.mcu.externaltools.gnu-tools-for-stm32.13.3.rel1.linux64_1.0.0.202410170706/tools/bin/../lib/gcc/arm-none-eabi/13.3.1/thumb/v7e-m+fp/hard/libgcc.a(_udivmoddi4.o)

.debug_line_str
                0x00000000       0x73
 .debug_line_str
                0x00000000       0x73 ./Core/Startup/startup_stm32f746nghx.o
