../LWIP/Target/ethernetif.c:592:9:ETH_PHY_IO_DeInit	0	static
../LWIP/Target/ethernetif.c:264:14:low_level_output	64	static
../LWIP/Target/ethernetif.c:447:6:pbuf_free_custom	8	static
../LWIP/Target/ethernetif.c:635:9:ETH_PHY_IO_GetTick	0	static
../LWIP/Target/ethernetif.c:575:9:ETH_PHY_IO_Init	8	static
../LWIP/Target/ethernetif.c:604:9:ETH_PHY_IO_ReadReg	8	static
../LWIP/Target/ethernetif.c:621:9:ETH_PHY_IO_WriteReg	8	static
../LWIP/Target/ethernetif.c:333:6:ethernetif_input	32	static
../LWIP/Target/ethernetif.c:469:7:sys_now	0	static
../LWIP/Target/ethernetif.c:482:6:HAL_ETH_MspInit	72	static
../LWIP/Target/ethernetif.c:534:6:HAL_ETH_MspDeInit	8	static
../LWIP/Target/ethernetif.c:644:6:ethernet_link_check_state	120	static
../LWIP/Target/ethernetif.c:396:7:ethernetif_init	32	static
../LWIP/Target/ethernetif.c:701:6:HAL_ETH_RxAllocateCallback	16	static
../LWIP/Target/ethernetif.c:723:6:HAL_ETH_RxLinkCallback	12	static,ignoring_inline_asm
../LWIP/Target/ethernetif.c:763:6:HAL_ETH_TxFreeCallback	0	static
