../Drivers/CMSIS/Include/core_cm7.h:1896:22:__NVIC_EnableIRQ	16	static
../Drivers/CMSIS/Include/core_cm7.h:2024:22:__NVIC_SetPriority	16	static
../Core/Src/main.c:52:6:EXTI15_10_IRQHandler	4	static
../Core/Src/main.c:77:5:main	8	static
../Core/Src/main.c:122:6:SystemClock_Config	88	static
../Core/Src/main.c:175:13:MX_TIM6_Init	8	static
../Core/Src/main.c:194:6:TIM6_DAC_IRQHandler	4	static
../Core/Src/main.c:215:13:MX_GPIO_Init	40	static
../Core/Src/main.c:264:6:Error_Handler	4	static,ignoring_inline_asm
