../Core/Src/main.c:85:6:DWT_Init	4	static
../Core/Src/main.c:91:6:delay_us	24	static
../Core/Src/main.c:110:5:main	8	static
../Core/Src/main.c:160:6:start	8	static
../Core/Src/main.c:173:6:stop	8	static
../Core/Src/main.c:182:6:write_bit	16	static
../Core/Src/main.c:194:9:read_bit	16	static
../Core/Src/main.c:208:6:write_byte	24	static
../Core/Src/main.c:225:9:read_byte	24	static
../Core/Src/main.c:244:6:eeprom_write	24	static
../Core/Src/main.c:256:6:eeprom_read	32	static
../Core/Src/main.c:275:6:SystemClock_Config	88	static
../Core/Src/main.c:329:13:MX_GPIO_Init	4	static
../Core/Src/main.c:367:6:Error_Handler	4	static,ignoring_inline_asm
