../Core/Src/main.c:85:6:DWT_Init	1
../Core/Src/main.c:91:6:delay_us	2
../Core/Src/main.c:110:5:main	1
../Core/Src/main.c:160:6:start	1
../Core/Src/main.c:173:6:stop	1
../Core/Src/main.c:182:6:write_bit	2
../Core/Src/main.c:194:9:read_bit	1
../Core/Src/main.c:208:6:write_byte	4
../Core/Src/main.c:225:9:read_byte	3
../Core/Src/main.c:244:6:eeprom_write	2
../Core/Src/main.c:256:6:eeprom_read	2
../Core/Src/main.c:275:6:SystemClock_Config	4
../Core/Src/main.c:329:13:MX_GPIO_Init	1
../Core/Src/main.c:367:6:Error_Handler	1
