../Core/Src/main.c:88:6:DWT_Init	1
../Core/Src/main.c:94:6:delay_us	2
../Core/Src/main.c:113:5:main	2
../Core/Src/main.c:168:6:start	1
../Core/Src/main.c:181:6:stop	1
../Core/Src/main.c:190:6:write_bit	2
../Core/Src/main.c:202:9:read_bit	1
../Core/Src/main.c:216:6:write_byte	4
../Core/Src/main.c:233:9:read_byte	3
../Core/Src/main.c:252:6:eeprom_write	2
../Core/Src/main.c:272:6:eeprom_read	2
../Core/Src/main.c:299:6:SystemClock_Config	4
../Core/Src/main.c:354:13:MX_GPIO_Init	1
../Core/Src/main.c:398:6:Error_Handler	1
