
There are no discarded input sections

Memory Configuration

Name             Origin             Length             Attributes
FLASH            0x08000000         0x00100000         xr
RAM              0x20000000         0x00050000         xrw
*default*        0x00000000         0xffffffff

Linker script and memory map

LOAD startup_stm32f746xx.o
LOAD syscalls.o
LOAD main.o
START GROUP
LOAD /usr/lib/gcc/arm-none-eabi/13.2.1/libgcc.a
LOAD /usr/lib/gcc/arm-none-eabi/13.2.1/../../../arm-none-eabi/lib/libc.a
END GROUP
                0x20050000                        _estack = (ORIGIN (RAM) + LENGTH (RAM))

.isr_vector     0x08000000       0x10
 *(.isr_vector)
 .isr_vector    0x08000000       0x10 startup_stm32f746xx.o

.text           0x08000010      0x298
 *(.text*)
 .text          0x08000010        0x0 startup_stm32f746xx.o
 .text.Reset_Handler
                0x08000010        0x6 startup_stm32f746xx.o
                0x08000010                Reset_Handler
 *fill*         0x08000016        0x2 
 .text          0x08000018      0x108 syscalls.o
                0x08000030                _exit
                0x0800003a                _close
                0x08000050                _fstat
                0x0800006e                _isatty
                0x08000082                _lseek
                0x0800009a                _read
                0x080000b2                _write
                0x080000ca                _sbrk
 .text          0x08000120      0x188 main.o
                0x08000120                delay
                0x08000142                SystemClock_Config
                0x08000208                MX_GPIO_Init
                0x0800026c                main
 *(.rodata*)
 *(.glue_7)
 .glue_7        0x080002a8        0x0 linker stubs
 *(.glue_7t)
 .glue_7t       0x080002a8        0x0 linker stubs
 *(.init)
 *(.fini)

.vfp11_veneer   0x080002a8        0x0
 .vfp11_veneer  0x080002a8        0x0 linker stubs

.v4_bx          0x080002a8        0x0
 .v4_bx         0x080002a8        0x0 linker stubs

.iplt           0x080002a8        0x0
 .iplt          0x080002a8        0x0 startup_stm32f746xx.o

.rel.dyn        0x080002a8        0x0
 .rel.iplt      0x080002a8        0x0 startup_stm32f746xx.o

.data           0x20000000        0x0 load address 0x080002a8
                0x20000000                        __data_start__ = .
 *(.data*)
 .data          0x20000000        0x0 startup_stm32f746xx.o
 .data          0x20000000        0x0 syscalls.o
 .data          0x20000000        0x0 main.o
                0x20000000                        __data_end__ = .

.igot.plt       0x20000000        0x0 load address 0x080002a8
 .igot.plt      0x20000000        0x0 startup_stm32f746xx.o

.bss            0x20000000        0x4 load address 0x080002a8
                0x20000000                        __bss_start__ = .
 *(.bss*)
 .bss           0x20000000        0x0 startup_stm32f746xx.o
 .bss           0x20000000        0x4 syscalls.o
 .bss           0x20000004        0x0 main.o
 *(COMMON)
                0x20000004                        __bss_end__ = .
                0x20000004                        _end = .

.stack          0x20000004        0x4 load address 0x080002ac
                0x20000008                        . = ALIGN (0x8)
 *fill*         0x20000004        0x4 
                0x20050000                        _estack = (ORIGIN (RAM) + LENGTH (RAM))

.heap           0x20000008        0x0
                0x20000008                        . = ALIGN (0x8)
                0x20000008                        __heap_start__ = .
                0x2004f000                        __heap_end__ = ((ORIGIN (RAM) + LENGTH (RAM)) - 0x1000)
                0x20000008                        end = .
                [!provide]                        PROVIDE (_estack = (ORIGIN (RAM) + LENGTH (RAM)))
OUTPUT(main.elf elf32-littlearm)
LOAD linker stubs

.stack          0x00000000     0x1000
 .stack         0x00000000     0x1000 startup_stm32f746xx.o

.ARM.attributes
                0x00000000       0x2f
 .ARM.attributes
                0x00000000       0x21 startup_stm32f746xx.o
 .ARM.attributes
                0x00000021       0x2e syscalls.o
 .ARM.attributes
                0x0000004f       0x2e main.o

.comment        0x00000000       0x26
 .comment       0x00000000       0x26 syscalls.o
                                 0x27 (size before relaxing)
 .comment       0x00000026       0x27 main.o

.debug_line     0x00000000      0x2c4
 .debug_line    0x00000000       0x46 startup_stm32f746xx.o
 .debug_line    0x00000046      0x13f syscalls.o
 .debug_line    0x00000185      0x13f main.o

.debug_line_str
                0x00000000       0x5a
 .debug_line_str
                0x00000000       0x5a startup_stm32f746xx.o

.debug_info     0x00000000      0x551
 .debug_info    0x00000000       0x31 startup_stm32f746xx.o
 .debug_info    0x00000031      0x48a syscalls.o
 .debug_info    0x000004bb       0x96 main.o

.debug_abbrev   0x00000000      0x1ef
 .debug_abbrev  0x00000000       0x28 startup_stm32f746xx.o
 .debug_abbrev  0x00000028      0x134 syscalls.o
 .debug_abbrev  0x0000015c       0x93 main.o

.debug_aranges  0x00000000       0x60
 .debug_aranges
                0x00000000       0x20 startup_stm32f746xx.o
 .debug_aranges
                0x00000020       0x20 syscalls.o
 .debug_aranges
                0x00000040       0x20 main.o

.debug_str      0x00000000      0x2df
 .debug_str     0x00000000      0x2df startup_stm32f746xx.o
                                 0x74 (size before relaxing)
 .debug_str     0x000002df      0x30a syscalls.o
 .debug_str     0x000002df       0xe1 main.o

.debug_frame    0x00000000      0x1fc
 .debug_frame   0x00000000      0x168 syscalls.o
 .debug_frame   0x00000168       0x94 main.o
