2025-09-06 13:59:17,152 [INFO] Activator:176 - 


2025-09-06 13:59:17,154 [INFO] Activator:177 - !SESSION log4j initialized
2025-09-06 13:59:19,035 [INFO] LogOutputStream:77 - [STDOUT_REDIRECT] 
2025-09-06 13:59:19,266 [ERROR] ConfigurationRetriever:142 - IOException on connection: sw-center.st.com
2025-09-06 13:59:19,267 [ERROR] ConfigurationRetriever:142 - IOException on connection: sw-center.st.com
2025-09-06 13:59:19,267 [ERROR] ConfigurationRetriever:142 - IOException on connection: sw-center.st.com
2025-09-06 13:59:19,615 [ERROR] ConfigurationRetriever:142 - IOException on connection: sw-center.st.com
2025-09-06 13:59:19,616 [ERROR] ConfigurationRetriever:142 - IOException on connection: sw-center.st.com
2025-09-06 13:59:19,616 [ERROR] ConfigurationRetriever:142 - IOException on connection: sw-center.st.com
2025-09-06 13:59:19,696 [ERROR] ConfigurationRetriever:142 - IOException on connection: sw-center.st.com
2025-09-06 13:59:19,697 [ERROR] ConfigurationRetriever:142 - IOException on connection: sw-center.st.com
2025-09-06 13:59:19,697 [ERROR] ConfigurationRetriever:142 - IOException on connection: sw-center.st.com
2025-09-06 13:59:19,761 [ERROR] LogOutputStream:75 - [STDERR_REDIRECT] java.net.URISyntaxException: Illegal character in path at index 35: file:/home/invadl0640/Desktop/STM32 Codes/.metadata/.log4j2.xml
2025-09-06 13:59:19,762 [ERROR] LogOutputStream:75 - [STDERR_REDIRECT] 	at java.base/java.net.URI$Parser.fail(URI.java:2995)
2025-09-06 13:59:19,762 [ERROR] LogOutputStream:75 - [STDERR_REDIRECT] 	at java.base/java.net.URI$Parser.checkChars(URI.java:3166)
2025-09-06 13:59:19,762 [ERROR] LogOutputStream:75 - [STDERR_REDIRECT] 	at java.base/java.net.URI$Parser.parseHierarchical(URI.java:3248)
2025-09-06 13:59:19,762 [ERROR] LogOutputStream:75 - [STDERR_REDIRECT] 	at java.base/java.net.URI$Parser.parse(URI.java:3196)
2025-09-06 13:59:19,763 [ERROR] LogOutputStream:75 - [STDERR_REDIRECT] 	at java.base/java.net.URI.<init>(URI.java:645)
2025-09-06 13:59:19,763 [ERROR] LogOutputStream:75 - [STDERR_REDIRECT] 	at java.base/java.net.URL.toURI(URL.java:1220)
2025-09-06 13:59:19,763 [ERROR] LogOutputStream:75 - [STDERR_REDIRECT] 	at com.st.stm32cube.common.mx.core.CubeMxInstance.getInstance(CubeMxInstance.java:81)
2025-09-06 13:59:19,763 [ERROR] LogOutputStream:75 - [STDERR_REDIRECT] 	at com.st.stm32cube.common.mx.userauth.UserAuthAdapter.<init>(UserAuthAdapter.java:25)
2025-09-06 13:59:19,763 [ERROR] LogOutputStream:75 - [STDERR_REDIRECT] 	at com.st.stm32cube.common.mx.userauth.UserAuthProvider.getUserAuthAdapter(UserAuthProvider.java:16)
2025-09-06 13:59:19,764 [ERROR] LogOutputStream:75 - [STDERR_REDIRECT] 	at com.st.stm32cube.common.ecosystemintegration.ui.core.MCUEcoSystemIntegrationUiHelper.getUserAuth(MCUEcoSystemIntegrationUiHelper.java:100)
2025-09-06 13:59:19,764 [ERROR] LogOutputStream:75 - [STDERR_REDIRECT] 	at com.st.stm32cube.ide.mcu.userauth.UserAuthStartup.earlyStartup(UserAuthStartup.java:32)
2025-09-06 13:59:19,764 [ERROR] LogOutputStream:75 - [STDERR_REDIRECT] 	at org.eclipse.ui.internal.EarlyStartupRunnable.runEarlyStartup(EarlyStartupRunnable.java:79)
2025-09-06 13:59:19,764 [ERROR] LogOutputStream:75 - [STDERR_REDIRECT] 	at org.eclipse.ui.internal.EarlyStartupRunnable.run(EarlyStartupRunnable.java:55)
2025-09-06 13:59:19,764 [ERROR] LogOutputStream:75 - [STDERR_REDIRECT] 	at org.eclipse.core.runtime.SafeRunner.run(SafeRunner.java:47)
2025-09-06 13:59:19,765 [ERROR] LogOutputStream:75 - [STDERR_REDIRECT] 	at org.eclipse.ui.internal.Workbench$39.run(Workbench.java:2733)
2025-09-06 13:59:19,765 [ERROR] LogOutputStream:75 - [STDERR_REDIRECT] 	at org.eclipse.core.internal.jobs.Worker.run(Worker.java:63)
2025-09-06 13:59:23,720 [INFO] LogOutputStream:77 - [STDOUT_REDIRECT] 1 : Invalid condition id : UX_CORESTACK_Condition cause : null
2025-09-06 13:59:23,721 [INFO] LogOutputStream:77 - [STDOUT_REDIRECT] 1 : Invalid condition id : UX_CORESTACK_Condition cause : null
2025-09-06 13:59:23,721 [INFO] LogOutputStream:77 - [STDOUT_REDIRECT] 1 : Invalid condition id : UX_CORESTACK_Condition cause : null
2025-09-06 13:59:23,721 [INFO] LogOutputStream:77 - [STDOUT_REDIRECT] 1 : Invalid condition id : UX_CORESTACK_Condition cause : null
2025-09-06 13:59:23,721 [INFO] LogOutputStream:77 - [STDOUT_REDIRECT] 1 : Invalid condition id : UX_CORESTACK_Condition cause : null
2025-09-06 14:43:59,495 [ERROR] ConfigurationRetriever:142 - IOException on connection: sw-center.st.com
2025-09-06 14:43:59,495 [ERROR] ConfigurationRetriever:142 - IOException on connection: sw-center.st.com
2025-09-06 14:43:59,496 [ERROR] ConfigurationRetriever:142 - IOException on connection: sw-center.st.com
2025-09-06 19:00:18,261 [INFO] Activator:176 - 


2025-09-06 19:00:18,263 [INFO] Activator:177 - !SESSION log4j initialized
2025-09-06 19:00:20,441 [INFO] LogOutputStream:77 - [STDOUT_REDIRECT] 
2025-09-06 19:00:20,805 [ERROR] ConfigurationRetriever:142 - IOException on connection: sw-center.st.com
2025-09-06 19:00:20,806 [ERROR] ConfigurationRetriever:142 - IOException on connection: sw-center.st.com
2025-09-06 19:00:20,807 [ERROR] ConfigurationRetriever:142 - IOException on connection: sw-center.st.com
2025-09-06 19:00:21,211 [ERROR] ConfigurationRetriever:142 - IOException on connection: sw-center.st.com
2025-09-06 19:00:21,213 [ERROR] ConfigurationRetriever:142 - IOException on connection: sw-center.st.com
2025-09-06 19:00:21,213 [ERROR] ConfigurationRetriever:142 - IOException on connection: sw-center.st.com
2025-09-06 19:00:21,307 [ERROR] ConfigurationRetriever:142 - IOException on connection: sw-center.st.com
2025-09-06 19:00:21,308 [ERROR] ConfigurationRetriever:142 - IOException on connection: sw-center.st.com
2025-09-06 19:00:21,308 [ERROR] ConfigurationRetriever:142 - IOException on connection: sw-center.st.com
2025-09-06 19:00:21,461 [ERROR] ConfigurationRetriever:142 - IOException on connection: sw-center.st.com
2025-09-06 19:00:21,462 [ERROR] ConfigurationRetriever:142 - IOException on connection: sw-center.st.com
2025-09-06 19:00:21,463 [ERROR] ConfigurationRetriever:142 - IOException on connection: sw-center.st.com
2025-09-06 19:00:21,514 [ERROR] ConfigurationRetriever:142 - IOException on connection: sw-center.st.com
2025-09-06 19:00:21,515 [ERROR] ConfigurationRetriever:142 - IOException on connection: sw-center.st.com
2025-09-06 19:00:21,516 [ERROR] ConfigurationRetriever:142 - IOException on connection: sw-center.st.com
2025-09-06 19:00:21,552 [ERROR] LogOutputStream:75 - [STDERR_REDIRECT] java.net.URISyntaxException: Illegal character in path at index 35: file:/home/invadl0640/Desktop/STM32 Codes/.metadata/.log4j2.xml
2025-09-06 19:00:21,553 [ERROR] LogOutputStream:75 - [STDERR_REDIRECT] 	at java.base/java.net.URI$Parser.fail(URI.java:2995)
2025-09-06 19:00:21,553 [ERROR] LogOutputStream:75 - [STDERR_REDIRECT] 	at java.base/java.net.URI$Parser.checkChars(URI.java:3166)
2025-09-06 19:00:21,554 [ERROR] LogOutputStream:75 - [STDERR_REDIRECT] 	at java.base/java.net.URI$Parser.parseHierarchical(URI.java:3248)
2025-09-06 19:00:21,554 [ERROR] LogOutputStream:75 - [STDERR_REDIRECT] 	at java.base/java.net.URI$Parser.parse(URI.java:3196)
2025-09-06 19:00:21,555 [ERROR] LogOutputStream:75 - [STDERR_REDIRECT] 	at java.base/java.net.URI.<init>(URI.java:645)
2025-09-06 19:00:21,555 [ERROR] LogOutputStream:75 - [STDERR_REDIRECT] 	at java.base/java.net.URL.toURI(URL.java:1220)
2025-09-06 19:00:21,556 [ERROR] LogOutputStream:75 - [STDERR_REDIRECT] 	at com.st.stm32cube.common.mx.core.CubeMxInstance.getInstance(CubeMxInstance.java:81)
2025-09-06 19:00:21,556 [ERROR] LogOutputStream:75 - [STDERR_REDIRECT] 	at com.st.stm32cube.common.mx.userauth.UserAuthAdapter.<init>(UserAuthAdapter.java:25)
2025-09-06 19:00:21,557 [ERROR] LogOutputStream:75 - [STDERR_REDIRECT] 	at com.st.stm32cube.common.mx.userauth.UserAuthProvider.getUserAuthAdapter(UserAuthProvider.java:16)
2025-09-06 19:00:21,557 [ERROR] LogOutputStream:75 - [STDERR_REDIRECT] 	at com.st.stm32cube.common.ecosystemintegration.ui.core.MCUEcoSystemIntegrationUiHelper.getUserAuth(MCUEcoSystemIntegrationUiHelper.java:100)
2025-09-06 19:00:21,557 [ERROR] LogOutputStream:75 - [STDERR_REDIRECT] 	at com.st.stm32cube.ide.mcu.userauth.UserAuthStartup.earlyStartup(UserAuthStartup.java:32)
2025-09-06 19:00:21,558 [ERROR] LogOutputStream:75 - [STDERR_REDIRECT] 	at org.eclipse.ui.internal.EarlyStartupRunnable.runEarlyStartup(EarlyStartupRunnable.java:79)
2025-09-06 19:00:21,558 [ERROR] LogOutputStream:75 - [STDERR_REDIRECT] 	at org.eclipse.ui.internal.EarlyStartupRunnable.run(EarlyStartupRunnable.java:55)
2025-09-06 19:00:21,559 [ERROR] LogOutputStream:75 - [STDERR_REDIRECT] 	at org.eclipse.core.runtime.SafeRunner.run(SafeRunner.java:47)
2025-09-06 19:00:21,559 [ERROR] LogOutputStream:75 - [STDERR_REDIRECT] 	at org.eclipse.ui.internal.Workbench$39.run(Workbench.java:2733)
2025-09-06 19:00:21,559 [ERROR] LogOutputStream:75 - [STDERR_REDIRECT] 	at org.eclipse.core.internal.jobs.Worker.run(Worker.java:63)
2025-09-06 19:00:25,874 [INFO] LogOutputStream:77 - [STDOUT_REDIRECT] 1 : Invalid condition id : UX_CORESTACK_Condition cause : null
2025-09-06 19:00:25,874 [INFO] LogOutputStream:77 - [STDOUT_REDIRECT] 1 : Invalid condition id : UX_CORESTACK_Condition cause : null
2025-09-06 19:00:25,874 [INFO] LogOutputStream:77 - [STDOUT_REDIRECT] 1 : Invalid condition id : UX_CORESTACK_Condition cause : null
2025-09-06 19:00:25,874 [INFO] LogOutputStream:77 - [STDOUT_REDIRECT] 1 : Invalid condition id : UX_CORESTACK_Condition cause : null
2025-09-06 19:00:25,875 [INFO] LogOutputStream:77 - [STDOUT_REDIRECT] 1 : Invalid condition id : UX_CORESTACK_Condition cause : null
2025-09-06 19:11:50,381 [ERROR] ConfigurationRetriever:142 - IOException on connection: sw-center.st.com
2025-09-06 19:11:50,382 [ERROR] ConfigurationRetriever:142 - IOException on connection: sw-center.st.com
2025-09-06 19:11:50,382 [ERROR] ConfigurationRetriever:142 - IOException on connection: sw-center.st.com
