2025-09-20 16:51:42,875 [INFO] Activator:176 - 


2025-09-20 16:51:42,878 [INFO] Activator:177 - !SESSION log4j initialized
2025-09-20 16:51:46,092 [INFO] LogOutputStream:77 - [STDOUT_REDIRECT] 
2025-09-20 16:51:46,468 [ERROR] ConfigurationRetriever:142 - IOException on connection: sw-center.st.com
2025-09-20 16:51:46,469 [ERROR] ConfigurationRetriever:142 - IOException on connection: sw-center.st.com
2025-09-20 16:51:46,470 [ERROR] ConfigurationRetriever:142 - IOException on connection: sw-center.st.com
2025-09-20 16:51:47,086 [ERROR] LogOutputStream:75 - [STDERR_REDIRECT] java.net.URISyntaxException: Illegal character in path at index 35: file:/home/invadl0640/Desktop/STM32 Codes/.metadata/.log4j2.xml
2025-09-20 16:51:47,087 [ERROR] LogOutputStream:75 - [STDERR_REDIRECT] 	at java.base/java.net.URI$Parser.fail(URI.java:2995)
2025-09-20 16:51:47,087 [ERROR] LogOutputStream:75 - [STDERR_REDIRECT] 	at java.base/java.net.URI$Parser.checkChars(URI.java:3166)
2025-09-20 16:51:47,088 [ERROR] LogOutputStream:75 - [STDERR_REDIRECT] 	at java.base/java.net.URI$Parser.parseHierarchical(URI.java:3248)
2025-09-20 16:51:47,088 [ERROR] LogOutputStream:75 - [STDERR_REDIRECT] 	at java.base/java.net.URI$Parser.parse(URI.java:3196)
2025-09-20 16:51:47,089 [ERROR] LogOutputStream:75 - [STDERR_REDIRECT] 	at java.base/java.net.URI.<init>(URI.java:645)
2025-09-20 16:51:47,089 [ERROR] LogOutputStream:75 - [STDERR_REDIRECT] 	at java.base/java.net.URL.toURI(URL.java:1220)
2025-09-20 16:51:47,090 [ERROR] LogOutputStream:75 - [STDERR_REDIRECT] 	at com.st.stm32cube.common.mx.core.CubeMxInstance.getInstance(CubeMxInstance.java:81)
2025-09-20 16:51:47,090 [ERROR] LogOutputStream:75 - [STDERR_REDIRECT] 	at com.st.stm32cube.common.mx.userauth.UserAuthAdapter.<init>(UserAuthAdapter.java:25)
2025-09-20 16:51:47,090 [ERROR] ConfigurationRetriever:142 - IOException on connection: sw-center.st.com
2025-09-20 16:51:47,091 [ERROR] LogOutputStream:75 - [STDERR_REDIRECT] 	at com.st.stm32cube.common.mx.userauth.UserAuthProvider.getUserAuthAdapter(UserAuthProvider.java:16)
2025-09-20 16:51:47,091 [ERROR] ConfigurationRetriever:142 - IOException on connection: sw-center.st.com
2025-09-20 16:51:47,091 [ERROR] LogOutputStream:75 - [STDERR_REDIRECT] 	at com.st.stm32cube.common.ecosystemintegration.ui.core.MCUEcoSystemIntegrationUiHelper.getUserAuth(MCUEcoSystemIntegrationUiHelper.java:100)
2025-09-20 16:51:47,092 [ERROR] ConfigurationRetriever:142 - IOException on connection: sw-center.st.com
2025-09-20 16:51:47,092 [ERROR] LogOutputStream:75 - [STDERR_REDIRECT] 	at com.st.stm32cube.ide.mcu.userauth.UserAuthStartup.earlyStartup(UserAuthStartup.java:32)
2025-09-20 16:51:47,092 [ERROR] LogOutputStream:75 - [STDERR_REDIRECT] 	at org.eclipse.ui.internal.EarlyStartupRunnable.runEarlyStartup(EarlyStartupRunnable.java:79)
2025-09-20 16:51:47,093 [ERROR] LogOutputStream:75 - [STDERR_REDIRECT] 	at org.eclipse.ui.internal.EarlyStartupRunnable.run(EarlyStartupRunnable.java:55)
2025-09-20 16:51:47,093 [ERROR] LogOutputStream:75 - [STDERR_REDIRECT] 	at org.eclipse.core.runtime.SafeRunner.run(SafeRunner.java:47)
2025-09-20 16:51:47,094 [ERROR] LogOutputStream:75 - [STDERR_REDIRECT] 	at org.eclipse.ui.internal.Workbench$39.run(Workbench.java:2733)
2025-09-20 16:51:47,094 [ERROR] LogOutputStream:75 - [STDERR_REDIRECT] 	at org.eclipse.core.internal.jobs.Worker.run(Worker.java:63)
2025-09-20 16:51:51,776 [INFO] LogOutputStream:77 - [STDOUT_REDIRECT] 1 : Invalid condition id : UX_CORESTACK_Condition cause : null
2025-09-20 16:51:51,776 [INFO] LogOutputStream:77 - [STDOUT_REDIRECT] 1 : Invalid condition id : UX_CORESTACK_Condition cause : null
2025-09-20 16:51:51,777 [INFO] LogOutputStream:77 - [STDOUT_REDIRECT] 1 : Invalid condition id : UX_CORESTACK_Condition cause : null
2025-09-20 16:51:51,777 [INFO] LogOutputStream:77 - [STDOUT_REDIRECT] 1 : Invalid condition id : UX_CORESTACK_Condition cause : null
2025-09-20 16:51:51,777 [INFO] LogOutputStream:77 - [STDOUT_REDIRECT] 1 : Invalid condition id : UX_CORESTACK_Condition cause : null
2025-09-20 17:24:15,755 [ERROR] ConfigurationRetriever:142 - IOException on connection: sw-center.st.com
2025-09-20 17:24:15,758 [ERROR] ConfigurationRetriever:142 - IOException on connection: sw-center.st.com
2025-09-20 17:24:15,759 [ERROR] ConfigurationRetriever:142 - IOException on connection: sw-center.st.com
