15:49:40 **** Incremental Build of configuration Debug for project adc_interrupt_eoc ****
make -j12 all 
arm-none-eabi-gcc "../Core/Src/main.c" -mcpu=cortex-m7 -std=gnu11 -g3 -DDEBUG -DUSE_HAL_DRIVER -DSTM32F746xx -c -I../Core/Inc -I../Drivers/STM32F7xx_HAL_Driver/Inc -I../Drivers/STM32F7xx_HAL_Driver/Inc/Legacy -I../Drivers/CMSIS/Device/ST/STM32F7xx/Include -I../Drivers/CMSIS/Include -O0 -ffunction-sections -fdata-sections -Wall -fstack-usage -fcyclomatic-complexity -MMD -MP -MF"Core/Src/main.d" -MT"Core/Src/main.o" --specs=nano.specs -mfpu=fpv5-sp-d16 -mfloat-abi=hard -mthumb -o "Core/Src/main.o"
arm-none-eabi-gcc -o "adc_interrupt_eoc.elf" @"objects.list"   -mcpu=cortex-m7 -T"/home/invadl0640/Desktop/STM32 Codes/adc_interrupt_eoc/STM32F746NGHX_FLASH.ld" --specs=nosys.specs -Wl,-Map="adc_interrupt_eoc.map" -Wl,--gc-sections -static --specs=nano.specs -mfpu=fpv5-sp-d16 -mfloat-abi=hard -mthumb -Wl,--start-group -lc -lm -Wl,--end-group
Finished building target: adc_interrupt_eoc.elf
 
arm-none-eabi-size  adc_interrupt_eoc.elf 
arm-none-eabi-objdump -h -S adc_interrupt_eoc.elf  > "adc_interrupt_eoc.list"
   text	   data	    bss	    dec	    hex	filename
   5840	     12	   1580	   7432	   1d08	adc_interrupt_eoc.elf
Finished building: default.size.stdout
 
Finished building: adc_interrupt_eoc.list
 

15:49:41 Build Finished. 0 errors, 0 warnings. (took 281ms)

