15:13:05 **** Incremental Build of configuration Debug for project delete ****
make -j12 all 
arm-none-eabi-gcc "../Core/Src/main.c" -mcpu=cortex-m7 -std=gnu11 -g3 -DDEBUG -DUSE_HAL_DRIVER -DSTM32F746xx -c -I../Core/Inc -I../Drivers/STM32F7xx_HAL_Driver/Inc -I../Drivers/STM32F7xx_HAL_Driver/Inc/Legacy -I../Drivers/CMSIS/Device/ST/STM32F7xx/Include -I../Drivers/CMSIS/Include -O0 -ffunction-sections -fdata-sections -Wall -fstack-usage -fcyclomatic-complexity -MMD -MP -MF"Core/Src/main.d" -MT"Core/Src/main.o" --specs=nano.specs -mfpu=fpv5-sp-d16 -mfloat-abi=hard -mthumb -o "Core/Src/main.o"
../Core/Src/main.c: In function 'main':
../Core/Src/main.c:90:16: warning: suggest parentheses around assignment used as truth value [-Wparentheses]
   90 |   for(int i=0; i=5; i++)
      |                ^
arm-none-eabi-gcc -o "delete.elf" @"objects.list"   -mcpu=cortex-m7 -T"/home/invadl0640/Desktop/STM32 Codes/delete/STM32F746NGHX_FLASH.ld" --specs=nosys.specs -Wl,-Map="delete.map" -Wl,--gc-sections -static --specs=nano.specs -mfpu=fpv5-sp-d16 -mfloat-abi=hard -mthumb -Wl,--start-group -lc -lm -Wl,--end-group
Finished building target: delete.elf
 
arm-none-eabi-size  delete.elf 
arm-none-eabi-objdump -h -S delete.elf  > "delete.list"
   text	   data	    bss	    dec	    hex	filename
   6200	     12	   1572	   7784	   1e68	delete.elf
Finished building: default.size.stdout
 
Finished building: delete.list
 

15:13:05 Build Finished. 0 errors, 1 warnings. (took 294ms)

