14:44:24 **** Incremental Build of configuration Debug for project Eth_udp_client ****
make -j12 all 
arm-none-eabi-gcc "../Core/Src/udp_client.c" -mcpu=cortex-m7 -std=gnu11 -g3 -DDEBUG -DUSE_HAL_DRIVER -DSTM32F746xx -c -I../Core/Inc -I../Drivers/STM32F7xx_HAL_Driver/Inc -I../Drivers/STM32F7xx_HAL_Driver/Inc/Legacy -I../Drivers/CMSIS/Device/ST/STM32F7xx/Include -I../Drivers/CMSIS/Include -I../LWIP/App -I../LWIP/Target -I../Middlewares/Third_Party/LwIP/src/include -I../Middlewares/Third_Party/LwIP/system -I../Drivers/BSP/Components/lan8742 -I../Middlewares/Third_Party/LwIP/src/include/netif/ppp -I../Middlewares/Third_Party/LwIP/src/include/lwip -I../Middlewares/Third_Party/LwIP/src/include/lwip/apps -I../Middlewares/Third_Party/LwIP/src/include/lwip/priv -I../Middlewares/Third_Party/LwIP/src/include/lwip/prot -I../Middlewares/Third_Party/LwIP/src/include/netif -I../Middlewares/Third_Party/LwIP/src/include/compat/posix -I../Middlewares/Third_Party/LwIP/src/include/compat/posix/arpa -I../Middlewares/Third_Party/LwIP/src/include/compat/posix/net -I../Middlewares/Third_Party/LwIP/src/include/compat/posix/sys -I../Middlewares/Third_Party/LwIP/src/include/compat/stdc -I../Middlewares/Third_Party/LwIP/system/arch -O0 -ffunction-sections -fdata-sections -Wall -fstack-usage -fcyclomatic-complexity -MMD -MP -MF"Core/Src/udp_client.d" -MT"Core/Src/udp_client.o" --specs=nano.specs -mfpu=fpv5-sp-d16 -mfloat-abi=hard -mthumb -o "Core/Src/udp_client.o"
arm-none-eabi-gcc -o "Eth_udp_client.elf" @"objects.list"   -mcpu=cortex-m7 -T"/home/invadl0640/Desktop/ST/STM32F746-Discovery-Kit/Eth_udp_client/STM32F746NGHX_FLASH.ld" --specs=nosys.specs -Wl,-Map="Eth_udp_client.map" -Wl,--gc-sections -static --specs=nano.specs -mfpu=fpv5-sp-d16 -mfloat-abi=hard -mthumb -Wl,--start-group -lc -lm -Wl,--end-group
Finished building target: Eth_udp_client.elf
 
arm-none-eabi-size  Eth_udp_client.elf 
arm-none-eabi-objdump -h -S Eth_udp_client.elf  > "Eth_udp_client.list"
   text	   data	    bss	    dec	    hex	filename
  78812	    456	  33744	 113012	  1b974	Eth_udp_client.elf
Finished building: default.size.stdout
 
Finished building: Eth_udp_client.list
 

14:44:24 Build Finished. 0 errors, 0 warnings. (took 421ms)

