11:43:07 **** Incremental Build of configuration Debug for project I2C_test2 ****
make -j12 all 
arm-none-eabi-gcc "../Core/Src/main.c" -mcpu=cortex-m7 -std=gnu11 -g3 -DDEBUG -DUSE_HAL_DRIVER -DSTM32F746xx -c -I../Core/Inc -I../Drivers/STM32F7xx_HAL_Driver/Inc -I../Drivers/STM32F7xx_HAL_Driver/Inc/Legacy -I../Drivers/CMSIS/Device/ST/STM32F7xx/Include -I../Drivers/CMSIS/Include -O0 -ffunction-sections -fdata-sections -Wall -fstack-usage -fcyclomatic-complexity -MMD -MP -MF"Core/Src/main.d" -MT"Core/Src/main.o" --specs=nano.specs -mfpu=fpv5-sp-d16 -mfloat-abi=hard -mthumb -o "Core/Src/main.o"
arm-none-eabi-gcc -o "I2C_test2.elf" @"objects.list"   -mcpu=cortex-m7 -T"/home/invadl0640/Desktop/STM32 Codes/I2C_test2/STM32F746NGHX_FLASH.ld" --specs=nosys.specs -Wl,-Map="I2C_test2.map" -Wl,--gc-sections -static --specs=nano.specs -mfpu=fpv5-sp-d16 -mfloat-abi=hard -mthumb -Wl,--start-group -lc -lm -Wl,--end-group
Finished building target: I2C_test2.elf
 
arm-none-eabi-size  I2C_test2.elf 
arm-none-eabi-objdump -h -S I2C_test2.elf  > "I2C_test2.list"
   text	   data	    bss	    dec	    hex	filename
  11652	     20	   1660	  13332	   3414	I2C_test2.elf
Finished building: default.size.stdout
 
Finished building: I2C_test2.list
 
11:44:11 **** Incremental Build of configuration Debug for project I2C_test2 ****
make -j12 all 
arm-none-eabi-size  I2C_test2.elf 
   text	   data	    bss	    dec	    hex	filename
  11652	     20	   1660	  13332	   3414	I2C_test2.elf
Finished building: default.size.stdout
 
11:46:14 **** Incremental Build of configuration Debug for project I2C_test2 ****
make -j12 all 
arm-none-eabi-size  I2C_test2.elf 
   text	   data	    bss	    dec	    hex	filename
  11652	     20	   1660	  13332	   3414	I2C_test2.elf
Finished building: default.size.stdout
 
11:52:48 **** Incremental Build of configuration Debug for project I2C_test2 ****
make -j12 all 
arm-none-eabi-size  I2C_test2.elf 
   text	   data	    bss	    dec	    hex	filename
  11652	     20	   1660	  13332	   3414	I2C_test2.elf
Finished building: default.size.stdout
 
11:53:35 **** Incremental Build of configuration Debug for project I2C_test2 ****
make -j12 all 
arm-none-eabi-size  I2C_test2.elf 
   text	   data	    bss	    dec	    hex	filename
  11652	     20	   1660	  13332	   3414	I2C_test2.elf
Finished building: default.size.stdout
 
11:53:46 **** Incremental Build of configuration Debug for project I2C_test2 ****
make -j12 all 
arm-none-eabi-size  I2C_test2.elf 
   text	   data	    bss	    dec	    hex	filename
  11652	     20	   1660	  13332	   3414	I2C_test2.elf
Finished building: default.size.stdout
 
11:54:07 **** Incremental Build of configuration Debug for project I2C_test2 ****
make -j12 all 
arm-none-eabi-size  I2C_test2.elf 
   text	   data	    bss	    dec	    hex	filename
  11652	     20	   1660	  13332	   3414	I2C_test2.elf
Finished building: default.size.stdout
 
11:54:20 **** Incremental Build of configuration Debug for project I2C_test2 ****
make -j12 all 
arm-none-eabi-size  I2C_test2.elf 
   text	   data	    bss	    dec	    hex	filename
  11652	     20	   1660	  13332	   3414	I2C_test2.elf
Finished building: default.size.stdout
 
11:54:33 **** Incremental Build of configuration Debug for project I2C_test2 ****
make -j12 all 
arm-none-eabi-size  I2C_test2.elf 
   text	   data	    bss	    dec	    hex	filename
  11652	     20	   1660	  13332	   3414	I2C_test2.elf
Finished building: default.size.stdout
 
12:06:53 **** Incremental Build of configuration Debug for project I2C_test2 ****
make -j12 all 
arm-none-eabi-size  I2C_test2.elf 
   text	   data	    bss	    dec	    hex	filename
  11652	     20	   1660	  13332	   3414	I2C_test2.elf
Finished building: default.size.stdout
 
12:16:10 **** Incremental Build of configuration Debug for project I2C_test2 ****
make -j12 all 
arm-none-eabi-size  I2C_test2.elf 
   text	   data	    bss	    dec	    hex	filename
  11652	     20	   1660	  13332	   3414	I2C_test2.elf
Finished building: default.size.stdout
 
12:32:02 **** Incremental Build of configuration Debug for project I2C_test2 ****
make -j12 all 
arm-none-eabi-size  I2C_test2.elf 
   text	   data	    bss	    dec	    hex	filename
  11652	     20	   1660	  13332	   3414	I2C_test2.elf
Finished building: default.size.stdout
 
12:32:35 **** Incremental Build of configuration Debug for project I2C_test2 ****
make -j12 all 
arm-none-eabi-size  I2C_test2.elf 
   text	   data	    bss	    dec	    hex	filename
  11652	     20	   1660	  13332	   3414	I2C_test2.elf
Finished building: default.size.stdout
 
12:32:45 **** Incremental Build of configuration Debug for project I2C_test2 ****
make -j12 all 
arm-none-eabi-size  I2C_test2.elf 
   text	   data	    bss	    dec	    hex	filename
  11652	     20	   1660	  13332	   3414	I2C_test2.elf
Finished building: default.size.stdout
 
12:33:37 **** Incremental Build of configuration Debug for project I2C_test2 ****
make -j12 all 
arm-none-eabi-size  I2C_test2.elf 
   text	   data	    bss	    dec	    hex	filename
  11652	     20	   1660	  13332	   3414	I2C_test2.elf
Finished building: default.size.stdout
 
12:35:05 **** Incremental Build of configuration Debug for project I2C_test2 ****
make -j12 all 
arm-none-eabi-size  I2C_test2.elf 
   text	   data	    bss	    dec	    hex	filename
  11652	     20	   1660	  13332	   3414	I2C_test2.elf
Finished building: default.size.stdout
 
13:28:02 **** Incremental Build of configuration Debug for project I2C_test2 ****
make -j12 all 
arm-none-eabi-size  I2C_test2.elf 
   text	   data	    bss	    dec	    hex	filename
  11652	     20	   1660	  13332	   3414	I2C_test2.elf
Finished building: default.size.stdout
 
13:34:36 **** Incremental Build of configuration Debug for project I2C_test2 ****
make -j12 all 
arm-none-eabi-size  I2C_test2.elf 
   text	   data	    bss	    dec	    hex	filename
  11652	     20	   1660	  13332	   3414	I2C_test2.elf
Finished building: default.size.stdout
 
13:35:12 **** Incremental Build of configuration Debug for project I2C_test2 ****
make -j12 all 
arm-none-eabi-size  I2C_test2.elf 
   text	   data	    bss	    dec	    hex	filename
  11652	     20	   1660	  13332	   3414	I2C_test2.elf
Finished building: default.size.stdout
 
13:45:21 **** Incremental Build of configuration Debug for project I2C_test2 ****
make -j12 all 
arm-none-eabi-size  I2C_test2.elf 
   text	   data	    bss	    dec	    hex	filename
  11652	     20	   1660	  13332	   3414	I2C_test2.elf
Finished building: default.size.stdout
 
14:09:54 **** Incremental Build of configuration Debug for project I2C_test2 ****
make -j12 all 
arm-none-eabi-size  I2C_test2.elf 
   text	   data	    bss	    dec	    hex	filename
  11652	     20	   1660	  13332	   3414	I2C_test2.elf
Finished building: default.size.stdout
 
14:20:49 **** Incremental Build of configuration Debug for project I2C_test2 ****
make -j12 all 
arm-none-eabi-gcc "../Core/Src/main.c" -mcpu=cortex-m7 -std=gnu11 -g3 -DDEBUG -DUSE_HAL_DRIVER -DSTM32F746xx -c -I../Core/Inc -I../Drivers/STM32F7xx_HAL_Driver/Inc -I../Drivers/STM32F7xx_HAL_Driver/Inc/Legacy -I../Drivers/CMSIS/Device/ST/STM32F7xx/Include -I../Drivers/CMSIS/Include -O0 -ffunction-sections -fdata-sections -Wall -fstack-usage -fcyclomatic-complexity -MMD -MP -MF"Core/Src/main.d" -MT"Core/Src/main.o" --specs=nano.specs -mfpu=fpv5-sp-d16 -mfloat-abi=hard -mthumb -o "Core/Src/main.o"
../Core/Src/main.c:82:23: error: initializer element is not constant
   82 | uint16_t i2cAddress = GetEEPROM_I2CAddress(eepromAddress);
      |                       ^~~~~~~~~~~~~~~~~~~~
../Core/Src/main.c:83:23: error: initializer element is not constant
   83 | uint8_t blockOffset = GetEEPROM_BlockOffset(eepromAddress);
      |                       ^~~~~~~~~~~~~~~~~~~~~
../Core/Src/main.c: In function 'main':
../Core/Src/main.c:130:7: error: 'EEPROM_I2C_ADDR' undeclared (first use in this function); did you mean 'EEPROM_BASE_ADDR'?
  130 |       EEPROM_I2C_ADDR,
      |       ^~~~~~~~~~~~~~~
      |       EEPROM_BASE_ADDR
../Core/Src/main.c:130:7: note: each undeclared identifier is reported only once for each function it appears in
../Core/Src/main.c:131:7: error: 'EEPROM_MEM_ADDR' undeclared (first use in this function); did you mean 'EEPROM_BASE_ADDR'?
  131 |       EEPROM_MEM_ADDR,
      |       ^~~~~~~~~~~~~~~
      |       EEPROM_BASE_ADDR
make: *** [Core/Src/subdir.mk:34: Core/Src/main.o] Error 1
"make -j12 all" terminated with exit code 2. Build might be incomplete.
14:27:18 **** Incremental Build of configuration Debug for project I2C_test2 ****
make -j12 all 
arm-none-eabi-gcc "../Core/Src/main.c" -mcpu=cortex-m7 -std=gnu11 -g3 -DDEBUG -DUSE_HAL_DRIVER -DSTM32F746xx -c -I../Core/Inc -I../Drivers/STM32F7xx_HAL_Driver/Inc -I../Drivers/STM32F7xx_HAL_Driver/Inc/Legacy -I../Drivers/CMSIS/Device/ST/STM32F7xx/Include -I../Drivers/CMSIS/Include -O0 -ffunction-sections -fdata-sections -Wall -fstack-usage -fcyclomatic-complexity -MMD -MP -MF"Core/Src/main.d" -MT"Core/Src/main.o" --specs=nano.specs -mfpu=fpv5-sp-d16 -mfloat-abi=hard -mthumb -o "Core/Src/main.o"
../Core/Src/main.c:82:23: error: initializer element is not constant
   82 | uint16_t i2cAddress = GetEEPROM_I2CAddress(eepromAddress);
      |                       ^~~~~~~~~~~~~~~~~~~~
../Core/Src/main.c:83:23: error: initializer element is not constant
   83 | uint8_t blockOffset = GetEEPROM_BlockOffset(eepromAddress);
      |                       ^~~~~~~~~~~~~~~~~~~~~
../Core/Src/main.c: In function 'main':
../Core/Src/main.c:131:7: error: 'blockoffset' undeclared (first use in this function); did you mean 'blockOffset'?
  131 |       blockoffset,
      |       ^~~~~~~~~~~
      |       blockOffset
../Core/Src/main.c:131:7: note: each undeclared identifier is reported only once for each function it appears in
../Core/Src/main.c:143:7: error: 'EEPROM_I2C_ADDR' undeclared (first use in this function); did you mean 'EEPROM_BASE_ADDR'?
  143 |       EEPROM_I2C_ADDR,
      |       ^~~~~~~~~~~~~~~
      |       EEPROM_BASE_ADDR
../Core/Src/main.c:144:7: error: 'EEPROM_MEM_ADDR' undeclared (first use in this function); did you mean 'EEPROM_BASE_ADDR'?
  144 |       EEPROM_MEM_ADDR,
      |       ^~~~~~~~~~~~~~~
      |       EEPROM_BASE_ADDR
make: *** [Core/Src/subdir.mk:34: Core/Src/main.o] Error 1
"make -j12 all" terminated with exit code 2. Build might be incomplete.
14:29:20 **** Incremental Build of configuration Debug for project I2C_test2 ****
make -j12 all 
arm-none-eabi-gcc "../Core/Src/main.c" -mcpu=cortex-m7 -std=gnu11 -g3 -DDEBUG -DUSE_HAL_DRIVER -DSTM32F746xx -c -I../Core/Inc -I../Drivers/STM32F7xx_HAL_Driver/Inc -I../Drivers/STM32F7xx_HAL_Driver/Inc/Legacy -I../Drivers/CMSIS/Device/ST/STM32F7xx/Include -I../Drivers/CMSIS/Include -O0 -ffunction-sections -fdata-sections -Wall -fstack-usage -fcyclomatic-complexity -MMD -MP -MF"Core/Src/main.d" -MT"Core/Src/main.o" --specs=nano.specs -mfpu=fpv5-sp-d16 -mfloat-abi=hard -mthumb -o "Core/Src/main.o"
../Core/Src/main.c:82:23: error: initializer element is not constant
   82 | uint16_t i2cAddress = GetEEPROM_I2CAddress(eepromAddress);
      |                       ^~~~~~~~~~~~~~~~~~~~
../Core/Src/main.c:83:23: error: initializer element is not constant
   83 | uint8_t blockOffset = GetEEPROM_BlockOffset(eepromAddress);
      |                       ^~~~~~~~~~~~~~~~~~~~~
../Core/Src/main.c: In function 'main':
../Core/Src/main.c:143:7: error: 'EEPROM_I2C_ADDR' undeclared (first use in this function); did you mean 'EEPROM_BASE_ADDR'?
  143 |       EEPROM_I2C_ADDR,
      |       ^~~~~~~~~~~~~~~
      |       EEPROM_BASE_ADDR
../Core/Src/main.c:143:7: note: each undeclared identifier is reported only once for each function it appears in
../Core/Src/main.c:144:7: error: 'EEPROM_MEM_ADDR' undeclared (first use in this function); did you mean 'EEPROM_BASE_ADDR'?
  144 |       EEPROM_MEM_ADDR,
      |       ^~~~~~~~~~~~~~~
      |       EEPROM_BASE_ADDR
make: *** [Core/Src/subdir.mk:34: Core/Src/main.o] Error 1
"make -j12 all" terminated with exit code 2. Build might be incomplete.
14:29:26 **** Incremental Build of configuration Debug for project I2C_test2 ****
make -j12 all 
arm-none-eabi-gcc "../Core/Src/main.c" -mcpu=cortex-m7 -std=gnu11 -g3 -DDEBUG -DUSE_HAL_DRIVER -DSTM32F746xx -c -I../Core/Inc -I../Drivers/STM32F7xx_HAL_Driver/Inc -I../Drivers/STM32F7xx_HAL_Driver/Inc/Legacy -I../Drivers/CMSIS/Device/ST/STM32F7xx/Include -I../Drivers/CMSIS/Include -O0 -ffunction-sections -fdata-sections -Wall -fstack-usage -fcyclomatic-complexity -MMD -MP -MF"Core/Src/main.d" -MT"Core/Src/main.o" --specs=nano.specs -mfpu=fpv5-sp-d16 -mfloat-abi=hard -mthumb -o "Core/Src/main.o"
../Core/Src/main.c:82:23: error: initializer element is not constant
   82 | uint16_t i2cAddress = GetEEPROM_I2CAddress(eepromAddress);
      |                       ^~~~~~~~~~~~~~~~~~~~
../Core/Src/main.c:83:23: error: initializer element is not constant
   83 | uint8_t blockOffset = GetEEPROM_BlockOffset(eepromAddress);
      |                       ^~~~~~~~~~~~~~~~~~~~~
../Core/Src/main.c: In function 'main':
../Core/Src/main.c:143:7: error: 'EEPROM_I2C_ADDR' undeclared (first use in this function); did you mean 'EEPROM_BASE_ADDR'?
  143 |       EEPROM_I2C_ADDR,
      |       ^~~~~~~~~~~~~~~
      |       EEPROM_BASE_ADDR
../Core/Src/main.c:143:7: note: each undeclared identifier is reported only once for each function it appears in
../Core/Src/main.c:144:7: error: 'EEPROM_MEM_ADDR' undeclared (first use in this function); did you mean 'EEPROM_BASE_ADDR'?
  144 |       EEPROM_MEM_ADDR,
      |       ^~~~~~~~~~~~~~~
      |       EEPROM_BASE_ADDR
make: *** [Core/Src/subdir.mk:34: Core/Src/main.o] Error 1
"make -j12 all" terminated with exit code 2. Build might be incomplete.
14:29:53 **** Incremental Build of configuration Debug for project I2C_test2 ****
make -j12 all 
arm-none-eabi-gcc "../Core/Src/main.c" -mcpu=cortex-m7 -std=gnu11 -g3 -DDEBUG -DUSE_HAL_DRIVER -DSTM32F746xx -c -I../Core/Inc -I../Drivers/STM32F7xx_HAL_Driver/Inc -I../Drivers/STM32F7xx_HAL_Driver/Inc/Legacy -I../Drivers/CMSIS/Device/ST/STM32F7xx/Include -I../Drivers/CMSIS/Include -O0 -ffunction-sections -fdata-sections -Wall -fstack-usage -fcyclomatic-complexity -MMD -MP -MF"Core/Src/main.d" -MT"Core/Src/main.o" --specs=nano.specs -mfpu=fpv5-sp-d16 -mfloat-abi=hard -mthumb -o "Core/Src/main.o"
../Core/Src/main.c:82:23: error: initializer element is not constant
   82 | uint16_t i2cAddress = GetEEPROM_I2CAddress(eepromAddress);
      |                       ^~~~~~~~~~~~~~~~~~~~
../Core/Src/main.c:83:23: error: initializer element is not constant
   83 | uint8_t blockOffset = GetEEPROM_BlockOffset(eepromAddress);
      |                       ^~~~~~~~~~~~~~~~~~~~~
make: *** [Core/Src/subdir.mk:34: Core/Src/main.o] Error 1
"make -j12 all" terminated with exit code 2. Build might be incomplete.
14:31:44 **** Incremental Build of configuration Debug for project I2C_test2 ****
make -j12 all 
arm-none-eabi-gcc "../Core/Src/main.c" -mcpu=cortex-m7 -std=gnu11 -g3 -DDEBUG -DUSE_HAL_DRIVER -DSTM32F746xx -c -I../Core/Inc -I../Drivers/STM32F7xx_HAL_Driver/Inc -I../Drivers/STM32F7xx_HAL_Driver/Inc/Legacy -I../Drivers/CMSIS/Device/ST/STM32F7xx/Include -I../Drivers/CMSIS/Include -O0 -ffunction-sections -fdata-sections -Wall -fstack-usage -fcyclomatic-complexity -MMD -MP -MF"Core/Src/main.d" -MT"Core/Src/main.o" --specs=nano.specs -mfpu=fpv5-sp-d16 -mfloat-abi=hard -mthumb -o "Core/Src/main.o"
arm-none-eabi-gcc -o "I2C_test2.elf" @"objects.list"   -mcpu=cortex-m7 -T"/home/invadl0640/Desktop/STM32 Codes/I2C_test2/STM32F746NGHX_FLASH.ld" --specs=nosys.specs -Wl,-Map="I2C_test2.map" -Wl,--gc-sections -static --specs=nano.specs -mfpu=fpv5-sp-d16 -mfloat-abi=hard -mthumb -Wl,--start-group -lc -lm -Wl,--end-group
Finished building target: I2C_test2.elf
 
arm-none-eabi-size  I2C_test2.elf 
arm-none-eabi-objdump -h -S I2C_test2.elf  > "I2C_test2.list"
   text	   data	    bss	    dec	    hex	filename
  11764	     20	   1660	  13444	   3484	I2C_test2.elf
Finished building: default.size.stdout
 
Finished building: I2C_test2.list
 
14:31:58 **** Incremental Build of configuration Debug for project I2C_test2 ****
make -j12 all 
arm-none-eabi-size  I2C_test2.elf 
   text	   data	    bss	    dec	    hex	filename
  11764	     20	   1660	  13444	   3484	I2C_test2.elf
Finished building: default.size.stdout
 
14:32:21 **** Incremental Build of configuration Debug for project I2C_test2 ****
make -j12 all 
arm-none-eabi-size  I2C_test2.elf 
   text	   data	    bss	    dec	    hex	filename
  11764	     20	   1660	  13444	   3484	I2C_test2.elf
Finished building: default.size.stdout
 
14:32:43 **** Incremental Build of configuration Debug for project I2C_test2 ****
make -j12 all 
arm-none-eabi-size  I2C_test2.elf 
   text	   data	    bss	    dec	    hex	filename
  11764	     20	   1660	  13444	   3484	I2C_test2.elf
Finished building: default.size.stdout
 
14:34:46 **** Incremental Build of configuration Debug for project I2C_test2 ****
make -j12 all 
arm-none-eabi-gcc "../Core/Src/main.c" -mcpu=cortex-m7 -std=gnu11 -g3 -DDEBUG -DUSE_HAL_DRIVER -DSTM32F746xx -c -I../Core/Inc -I../Drivers/STM32F7xx_HAL_Driver/Inc -I../Drivers/STM32F7xx_HAL_Driver/Inc/Legacy -I../Drivers/CMSIS/Device/ST/STM32F7xx/Include -I../Drivers/CMSIS/Include -O0 -ffunction-sections -fdata-sections -Wall -fstack-usage -fcyclomatic-complexity -MMD -MP -MF"Core/Src/main.d" -MT"Core/Src/main.o" --specs=nano.specs -mfpu=fpv5-sp-d16 -mfloat-abi=hard -mthumb -o "Core/Src/main.o"
arm-none-eabi-gcc -o "I2C_test2.elf" @"objects.list"   -mcpu=cortex-m7 -T"/home/invadl0640/Desktop/STM32 Codes/I2C_test2/STM32F746NGHX_FLASH.ld" --specs=nosys.specs -Wl,-Map="I2C_test2.map" -Wl,--gc-sections -static --specs=nano.specs -mfpu=fpv5-sp-d16 -mfloat-abi=hard -mthumb -Wl,--start-group -lc -lm -Wl,--end-group
Finished building target: I2C_test2.elf
 
arm-none-eabi-size  I2C_test2.elf 
arm-none-eabi-objdump -h -S I2C_test2.elf  > "I2C_test2.list"
   text	   data	    bss	    dec	    hex	filename
  11652	     20	   1660	  13332	   3414	I2C_test2.elf
Finished building: default.size.stdout
 
Finished building: I2C_test2.list
 
14:34:53 **** Incremental Build of configuration Debug for project I2C_test2 ****
make -j12 all 
arm-none-eabi-size  I2C_test2.elf 
   text	   data	    bss	    dec	    hex	filename
  11652	     20	   1660	  13332	   3414	I2C_test2.elf
Finished building: default.size.stdout
 
14:35:55 **** Incremental Build of configuration Debug for project I2C_test2 ****
make -j12 all 
arm-none-eabi-size  I2C_test2.elf 
   text	   data	    bss	    dec	    hex	filename
  11652	     20	   1660	  13332	   3414	I2C_test2.elf
Finished building: default.size.stdout
 
14:36:12 **** Incremental Build of configuration Debug for project I2C_test2 ****
make -j12 all 
arm-none-eabi-size  I2C_test2.elf 
   text	   data	    bss	    dec	    hex	filename
  11652	     20	   1660	  13332	   3414	I2C_test2.elf
Finished building: default.size.stdout
 
14:37:40 **** Incremental Build of configuration Debug for project I2C_test2 ****
make -j12 all 
arm-none-eabi-gcc "../Core/Src/main.c" -mcpu=cortex-m7 -std=gnu11 -g3 -DDEBUG -DUSE_HAL_DRIVER -DSTM32F746xx -c -I../Core/Inc -I../Drivers/STM32F7xx_HAL_Driver/Inc -I../Drivers/STM32F7xx_HAL_Driver/Inc/Legacy -I../Drivers/CMSIS/Device/ST/STM32F7xx/Include -I../Drivers/CMSIS/Include -O0 -ffunction-sections -fdata-sections -Wall -fstack-usage -fcyclomatic-complexity -MMD -MP -MF"Core/Src/main.d" -MT"Core/Src/main.o" --specs=nano.specs -mfpu=fpv5-sp-d16 -mfloat-abi=hard -mthumb -o "Core/Src/main.o"
../Core/Src/main.c: In function 'main':
../Core/Src/main.c:130:7: error: 'writeStatus' undeclared (first use in this function)
  130 |   if (writeStatus == HAL_OK && readStatus == HAL_OK)
      |       ^~~~~~~~~~~
../Core/Src/main.c:130:7: note: each undeclared identifier is reported only once for each function it appears in
make: *** [Core/Src/subdir.mk:34: Core/Src/main.o] Error 1
"make -j12 all" terminated with exit code 2. Build might be incomplete.
14:38:13 **** Incremental Build of configuration Debug for project I2C_test2 ****
make -j12 all 
arm-none-eabi-gcc "../Core/Src/main.c" -mcpu=cortex-m7 -std=gnu11 -g3 -DDEBUG -DUSE_HAL_DRIVER -DSTM32F746xx -c -I../Core/Inc -I../Drivers/STM32F7xx_HAL_Driver/Inc -I../Drivers/STM32F7xx_HAL_Driver/Inc/Legacy -I../Drivers/CMSIS/Device/ST/STM32F7xx/Include -I../Drivers/CMSIS/Include -O0 -ffunction-sections -fdata-sections -Wall -fstack-usage -fcyclomatic-complexity -MMD -MP -MF"Core/Src/main.d" -MT"Core/Src/main.o" --specs=nano.specs -mfpu=fpv5-sp-d16 -mfloat-abi=hard -mthumb -o "Core/Src/main.o"
../Core/Src/main.c: In function 'main':
../Core/Src/main.c:119:21: warning: unused variable 'readStatus' [-Wunused-variable]
  119 |   HAL_StatusTypeDef readStatus = HAL_I2C_Mem_Read(
      |                     ^~~~~~~~~~
arm-none-eabi-gcc -o "I2C_test2.elf" @"objects.list"   -mcpu=cortex-m7 -T"/home/invadl0640/Desktop/STM32 Codes/I2C_test2/STM32F746NGHX_FLASH.ld" --specs=nosys.specs -Wl,-Map="I2C_test2.map" -Wl,--gc-sections -static --specs=nano.specs -mfpu=fpv5-sp-d16 -mfloat-abi=hard -mthumb -Wl,--start-group -lc -lm -Wl,--end-group
Finished building target: I2C_test2.elf
 
arm-none-eabi-size  I2C_test2.elf 
arm-none-eabi-objdump -h -S I2C_test2.elf  > "I2C_test2.list"
   text	   data	    bss	    dec	    hex	filename
  10892	     20	   1660	  12572	   311c	I2C_test2.elf
Finished building: default.size.stdout
 
Finished building: I2C_test2.list
 
14:38:32 **** Incremental Build of configuration Debug for project I2C_test2 ****
make -j12 all 
arm-none-eabi-size  I2C_test2.elf 
   text	   data	    bss	    dec	    hex	filename
  10892	     20	   1660	  12572	   311c	I2C_test2.elf
Finished building: default.size.stdout
 
14:38:36 **** Incremental Build of configuration Debug for project I2C_test2 ****
make -j12 all 
arm-none-eabi-size  I2C_test2.elf 
   text	   data	    bss	    dec	    hex	filename
  10892	     20	   1660	  12572	   311c	I2C_test2.elf
Finished building: default.size.stdout
 
14:39:59 **** Incremental Build of configuration Debug for project I2C_test2 ****
make -j12 all 
arm-none-eabi-size  I2C_test2.elf 
   text	   data	    bss	    dec	    hex	filename
  10892	     20	   1660	  12572	   311c	I2C_test2.elf
Finished building: default.size.stdout
 
14:50:31 **** Incremental Build of configuration Debug for project I2C_test2 ****
make -j12 all 
arm-none-eabi-gcc "../Core/Src/main.c" -mcpu=cortex-m7 -std=gnu11 -g3 -DDEBUG -DUSE_HAL_DRIVER -DSTM32F746xx -c -I../Core/Inc -I../Drivers/STM32F7xx_HAL_Driver/Inc -I../Drivers/STM32F7xx_HAL_Driver/Inc/Legacy -I../Drivers/CMSIS/Device/ST/STM32F7xx/Include -I../Drivers/CMSIS/Include -O0 -ffunction-sections -fdata-sections -Wall -fstack-usage -fcyclomatic-complexity -MMD -MP -MF"Core/Src/main.d" -MT"Core/Src/main.o" --specs=nano.specs -mfpu=fpv5-sp-d16 -mfloat-abi=hard -mthumb -o "Core/Src/main.o"
arm-none-eabi-gcc -o "I2C_test2.elf" @"objects.list"   -mcpu=cortex-m7 -T"/home/invadl0640/Desktop/STM32 Codes/I2C_test2/STM32F746NGHX_FLASH.ld" --specs=nosys.specs -Wl,-Map="I2C_test2.map" -Wl,--gc-sections -static --specs=nano.specs -mfpu=fpv5-sp-d16 -mfloat-abi=hard -mthumb -Wl,--start-group -lc -lm -Wl,--end-group
Finished building target: I2C_test2.elf
 
arm-none-eabi-size  I2C_test2.elf 
arm-none-eabi-objdump -h -S I2C_test2.elf  > "I2C_test2.list"
   text	   data	    bss	    dec	    hex	filename
  11652	     20	   1660	  13332	   3414	I2C_test2.elf
Finished building: default.size.stdout
 
Finished building: I2C_test2.list
 
14:50:36 **** Incremental Build of configuration Debug for project I2C_test2 ****
make -j12 all 
arm-none-eabi-size  I2C_test2.elf 
   text	   data	    bss	    dec	    hex	filename
  11652	     20	   1660	  13332	   3414	I2C_test2.elf
Finished building: default.size.stdout
 
14:51:39 **** Incremental Build of configuration Debug for project I2C_test2 ****
make -j12 all 
arm-none-eabi-size  I2C_test2.elf 
   text	   data	    bss	    dec	    hex	filename
  11652	     20	   1660	  13332	   3414	I2C_test2.elf
Finished building: default.size.stdout
 
14:52:03 **** Incremental Build of configuration Debug for project I2C_test2 ****
make -j12 all 
arm-none-eabi-size  I2C_test2.elf 
   text	   data	    bss	    dec	    hex	filename
  11652	     20	   1660	  13332	   3414	I2C_test2.elf
Finished building: default.size.stdout
 
14:52:48 **** Incremental Build of configuration Debug for project I2C_test2 ****
make -j12 all 
arm-none-eabi-size  I2C_test2.elf 
   text	   data	    bss	    dec	    hex	filename
  11652	     20	   1660	  13332	   3414	I2C_test2.elf
Finished building: default.size.stdout
 
14:53:16 **** Incremental Build of configuration Debug for project I2C_test2 ****
make -j12 all 
arm-none-eabi-size  I2C_test2.elf 
   text	   data	    bss	    dec	    hex	filename
  11652	     20	   1660	  13332	   3414	I2C_test2.elf
Finished building: default.size.stdout
 
14:55:50 **** Building Selected Files of configuration Debug for project I2C_test2 ****
Info: Internal Builder is used for build
arm-none-eabi-gcc ../Core/Src/main.c -mcpu=cortex-m7 -std=gnu11 -g3 -DDEBUG -DUSE_HAL_DRIVER -DSTM32F746xx -c -I../Core/Inc -I../Drivers/STM32F7xx_HAL_Driver/Inc -I../Drivers/STM32F7xx_HAL_Driver/Inc/Legacy -I../Drivers/CMSIS/Device/ST/STM32F7xx/Include -I../Drivers/CMSIS/Include -O0 -ffunction-sections -fdata-sections -Wall -fstack-usage -fcyclomatic-complexity --specs=nano.specs -mfpu=fpv5-sp-d16 -mfloat-abi=hard -mthumb -o Core/Src/main.o 
15:02:29 **** Incremental Build of configuration Debug for project I2C_test2 ****
make -j12 all 
arm-none-eabi-gcc "../Core/Src/main.c" -mcpu=cortex-m7 -std=gnu11 -g3 -DDEBUG -DUSE_HAL_DRIVER -DSTM32F746xx -c -I../Core/Inc -I../Drivers/STM32F7xx_HAL_Driver/Inc -I../Drivers/STM32F7xx_HAL_Driver/Inc/Legacy -I../Drivers/CMSIS/Device/ST/STM32F7xx/Include -I../Drivers/CMSIS/Include -O0 -ffunction-sections -fdata-sections -Wall -fstack-usage -fcyclomatic-complexity -MMD -MP -MF"Core/Src/main.d" -MT"Core/Src/main.o" --specs=nano.specs -mfpu=fpv5-sp-d16 -mfloat-abi=hard -mthumb -o "Core/Src/main.o"
arm-none-eabi-gcc -o "I2C_test2.elf" @"objects.list"   -mcpu=cortex-m7 -T"/home/invadl0640/Desktop/STM32 Codes/I2C_test2/STM32F746NGHX_FLASH.ld" --specs=nosys.specs -Wl,-Map="I2C_test2.map" -Wl,--gc-sections -static --specs=nano.specs -mfpu=fpv5-sp-d16 -mfloat-abi=hard -mthumb -Wl,--start-group -lc -lm -Wl,--end-group
Finished building target: I2C_test2.elf
 
arm-none-eabi-size  I2C_test2.elf 
arm-none-eabi-objdump -h -S I2C_test2.elf  > "I2C_test2.list"
   text	   data	    bss	    dec	    hex	filename
  11652	     20	   1660	  13332	   3414	I2C_test2.elf
Finished building: default.size.stdout
 
Finished building: I2C_test2.list
 
15:31:47 **** Build of configuration Debug for project i2c_applicationram ****
make -j12 all 
arm-none-eabi-gcc "../Drivers/STM32F7xx_HAL_Driver/Src/stm32f7xx_hal.c" -mcpu=cortex-m7 -std=gnu11 -g3 -DDEBUG -DUSE_HAL_DRIVER -DSTM32F746xx -c -I../Core/Inc -I../Drivers/STM32F7xx_HAL_Driver/Inc -I../Drivers/STM32F7xx_HAL_Driver/Inc/Legacy -I../Drivers/CMSIS/Device/ST/STM32F7xx/Include -I../Drivers/CMSIS/Include -O0 -ffunction-sections -fdata-sections -Wall -fstack-usage -fcyclomatic-complexity -MMD -MP -MF"Drivers/STM32F7xx_HAL_Driver/Src/stm32f7xx_hal.d" -MT"Drivers/STM32F7xx_HAL_Driver/Src/stm32f7xx_hal.o" --specs=nano.specs -mfpu=fpv5-sp-d16 -mfloat-abi=hard -mthumb -o "Drivers/STM32F7xx_HAL_Driver/Src/stm32f7xx_hal.o"
arm-none-eabi-gcc "../Drivers/STM32F7xx_HAL_Driver/Src/stm32f7xx_hal_cortex.c" -mcpu=cortex-m7 -std=gnu11 -g3 -DDEBUG -DUSE_HAL_DRIVER -DSTM32F746xx -c -I../Core/Inc -I../Drivers/STM32F7xx_HAL_Driver/Inc -I../Drivers/STM32F7xx_HAL_Driver/Inc/Legacy -I../Drivers/CMSIS/Device/ST/STM32F7xx/Include -I../Drivers/CMSIS/Include -O0 -ffunction-sections -fdata-sections -Wall -fstack-usage -fcyclomatic-complexity -MMD -MP -MF"Drivers/STM32F7xx_HAL_Driver/Src/stm32f7xx_hal_cortex.d" -MT"Drivers/STM32F7xx_HAL_Driver/Src/stm32f7xx_hal_cortex.o" --specs=nano.specs -mfpu=fpv5-sp-d16 -mfloat-abi=hard -mthumb -o "Drivers/STM32F7xx_HAL_Driver/Src/stm32f7xx_hal_cortex.o"
arm-none-eabi-gcc "../Drivers/STM32F7xx_HAL_Driver/Src/stm32f7xx_hal_dma.c" -mcpu=cortex-m7 -std=gnu11 -g3 -DDEBUG -DUSE_HAL_DRIVER -DSTM32F746xx -c -I../Core/Inc -I../Drivers/STM32F7xx_HAL_Driver/Inc -I../Drivers/STM32F7xx_HAL_Driver/Inc/Legacy -I../Drivers/CMSIS/Device/ST/STM32F7xx/Include -I../Drivers/CMSIS/Include -O0 -ffunction-sections -fdata-sections -Wall -fstack-usage -fcyclomatic-complexity -MMD -MP -MF"Drivers/STM32F7xx_HAL_Driver/Src/stm32f7xx_hal_dma.d" -MT"Drivers/STM32F7xx_HAL_Driver/Src/stm32f7xx_hal_dma.o" --specs=nano.specs -mfpu=fpv5-sp-d16 -mfloat-abi=hard -mthumb -o "Drivers/STM32F7xx_HAL_Driver/Src/stm32f7xx_hal_dma.o"
arm-none-eabi-gcc "../Drivers/STM32F7xx_HAL_Driver/Src/stm32f7xx_hal_dma_ex.c" -mcpu=cortex-m7 -std=gnu11 -g3 -DDEBUG -DUSE_HAL_DRIVER -DSTM32F746xx -c -I../Core/Inc -I../Drivers/STM32F7xx_HAL_Driver/Inc -I../Drivers/STM32F7xx_HAL_Driver/Inc/Legacy -I../Drivers/CMSIS/Device/ST/STM32F7xx/Include -I../Drivers/CMSIS/Include -O0 -ffunction-sections -fdata-sections -Wall -fstack-usage -fcyclomatic-complexity -MMD -MP -MF"Drivers/STM32F7xx_HAL_Driver/Src/stm32f7xx_hal_dma_ex.d" -MT"Drivers/STM32F7xx_HAL_Driver/Src/stm32f7xx_hal_dma_ex.o" --specs=nano.specs -mfpu=fpv5-sp-d16 -mfloat-abi=hard -mthumb -o "Drivers/STM32F7xx_HAL_Driver/Src/stm32f7xx_hal_dma_ex.o"
arm-none-eabi-gcc "../Drivers/STM32F7xx_HAL_Driver/Src/stm32f7xx_hal_exti.c" -mcpu=cortex-m7 -std=gnu11 -g3 -DDEBUG -DUSE_HAL_DRIVER -DSTM32F746xx -c -I../Core/Inc -I../Drivers/STM32F7xx_HAL_Driver/Inc -I../Drivers/STM32F7xx_HAL_Driver/Inc/Legacy -I../Drivers/CMSIS/Device/ST/STM32F7xx/Include -I../Drivers/CMSIS/Include -O0 -ffunction-sections -fdata-sections -Wall -fstack-usage -fcyclomatic-complexity -MMD -MP -MF"Drivers/STM32F7xx_HAL_Driver/Src/stm32f7xx_hal_exti.d" -MT"Drivers/STM32F7xx_HAL_Driver/Src/stm32f7xx_hal_exti.o" --specs=nano.specs -mfpu=fpv5-sp-d16 -mfloat-abi=hard -mthumb -o "Drivers/STM32F7xx_HAL_Driver/Src/stm32f7xx_hal_exti.o"
arm-none-eabi-gcc "../Drivers/STM32F7xx_HAL_Driver/Src/stm32f7xx_hal_flash.c" -mcpu=cortex-m7 -std=gnu11 -g3 -DDEBUG -DUSE_HAL_DRIVER -DSTM32F746xx -c -I../Core/Inc -I../Drivers/STM32F7xx_HAL_Driver/Inc -I../Drivers/STM32F7xx_HAL_Driver/Inc/Legacy -I../Drivers/CMSIS/Device/ST/STM32F7xx/Include -I../Drivers/CMSIS/Include -O0 -ffunction-sections -fdata-sections -Wall -fstack-usage -fcyclomatic-complexity -MMD -MP -MF"Drivers/STM32F7xx_HAL_Driver/Src/stm32f7xx_hal_flash.d" -MT"Drivers/STM32F7xx_HAL_Driver/Src/stm32f7xx_hal_flash.o" --specs=nano.specs -mfpu=fpv5-sp-d16 -mfloat-abi=hard -mthumb -o "Drivers/STM32F7xx_HAL_Driver/Src/stm32f7xx_hal_flash.o"
arm-none-eabi-gcc "../Drivers/STM32F7xx_HAL_Driver/Src/stm32f7xx_hal_flash_ex.c" -mcpu=cortex-m7 -std=gnu11 -g3 -DDEBUG -DUSE_HAL_DRIVER -DSTM32F746xx -c -I../Core/Inc -I../Drivers/STM32F7xx_HAL_Driver/Inc -I../Drivers/STM32F7xx_HAL_Driver/Inc/Legacy -I../Drivers/CMSIS/Device/ST/STM32F7xx/Include -I../Drivers/CMSIS/Include -O0 -ffunction-sections -fdata-sections -Wall -fstack-usage -fcyclomatic-complexity -MMD -MP -MF"Drivers/STM32F7xx_HAL_Driver/Src/stm32f7xx_hal_flash_ex.d" -MT"Drivers/STM32F7xx_HAL_Driver/Src/stm32f7xx_hal_flash_ex.o" --specs=nano.specs -mfpu=fpv5-sp-d16 -mfloat-abi=hard -mthumb -o "Drivers/STM32F7xx_HAL_Driver/Src/stm32f7xx_hal_flash_ex.o"
arm-none-eabi-gcc "../Drivers/STM32F7xx_HAL_Driver/Src/stm32f7xx_hal_gpio.c" -mcpu=cortex-m7 -std=gnu11 -g3 -DDEBUG -DUSE_HAL_DRIVER -DSTM32F746xx -c -I../Core/Inc -I../Drivers/STM32F7xx_HAL_Driver/Inc -I../Drivers/STM32F7xx_HAL_Driver/Inc/Legacy -I../Drivers/CMSIS/Device/ST/STM32F7xx/Include -I../Drivers/CMSIS/Include -O0 -ffunction-sections -fdata-sections -Wall -fstack-usage -fcyclomatic-complexity -MMD -MP -MF"Drivers/STM32F7xx_HAL_Driver/Src/stm32f7xx_hal_gpio.d" -MT"Drivers/STM32F7xx_HAL_Driver/Src/stm32f7xx_hal_gpio.o" --specs=nano.specs -mfpu=fpv5-sp-d16 -mfloat-abi=hard -mthumb -o "Drivers/STM32F7xx_HAL_Driver/Src/stm32f7xx_hal_gpio.o"
arm-none-eabi-gcc "../Drivers/STM32F7xx_HAL_Driver/Src/stm32f7xx_hal_i2c.c" -mcpu=cortex-m7 -std=gnu11 -g3 -DDEBUG -DUSE_HAL_DRIVER -DSTM32F746xx -c -I../Core/Inc -I../Drivers/STM32F7xx_HAL_Driver/Inc -I../Drivers/STM32F7xx_HAL_Driver/Inc/Legacy -I../Drivers/CMSIS/Device/ST/STM32F7xx/Include -I../Drivers/CMSIS/Include -O0 -ffunction-sections -fdata-sections -Wall -fstack-usage -fcyclomatic-complexity -MMD -MP -MF"Drivers/STM32F7xx_HAL_Driver/Src/stm32f7xx_hal_i2c.d" -MT"Drivers/STM32F7xx_HAL_Driver/Src/stm32f7xx_hal_i2c.o" --specs=nano.specs -mfpu=fpv5-sp-d16 -mfloat-abi=hard -mthumb -o "Drivers/STM32F7xx_HAL_Driver/Src/stm32f7xx_hal_i2c.o"
arm-none-eabi-gcc "../Drivers/STM32F7xx_HAL_Driver/Src/stm32f7xx_hal_i2c_ex.c" -mcpu=cortex-m7 -std=gnu11 -g3 -DDEBUG -DUSE_HAL_DRIVER -DSTM32F746xx -c -I../Core/Inc -I../Drivers/STM32F7xx_HAL_Driver/Inc -I../Drivers/STM32F7xx_HAL_Driver/Inc/Legacy -I../Drivers/CMSIS/Device/ST/STM32F7xx/Include -I../Drivers/CMSIS/Include -O0 -ffunction-sections -fdata-sections -Wall -fstack-usage -fcyclomatic-complexity -MMD -MP -MF"Drivers/STM32F7xx_HAL_Driver/Src/stm32f7xx_hal_i2c_ex.d" -MT"Drivers/STM32F7xx_HAL_Driver/Src/stm32f7xx_hal_i2c_ex.o" --specs=nano.specs -mfpu=fpv5-sp-d16 -mfloat-abi=hard -mthumb -o "Drivers/STM32F7xx_HAL_Driver/Src/stm32f7xx_hal_i2c_ex.o"
arm-none-eabi-gcc "../Drivers/STM32F7xx_HAL_Driver/Src/stm32f7xx_hal_pwr.c" -mcpu=cortex-m7 -std=gnu11 -g3 -DDEBUG -DUSE_HAL_DRIVER -DSTM32F746xx -c -I../Core/Inc -I../Drivers/STM32F7xx_HAL_Driver/Inc -I../Drivers/STM32F7xx_HAL_Driver/Inc/Legacy -I../Drivers/CMSIS/Device/ST/STM32F7xx/Include -I../Drivers/CMSIS/Include -O0 -ffunction-sections -fdata-sections -Wall -fstack-usage -fcyclomatic-complexity -MMD -MP -MF"Drivers/STM32F7xx_HAL_Driver/Src/stm32f7xx_hal_pwr.d" -MT"Drivers/STM32F7xx_HAL_Driver/Src/stm32f7xx_hal_pwr.o" --specs=nano.specs -mfpu=fpv5-sp-d16 -mfloat-abi=hard -mthumb -o "Drivers/STM32F7xx_HAL_Driver/Src/stm32f7xx_hal_pwr.o"
arm-none-eabi-gcc "../Drivers/STM32F7xx_HAL_Driver/Src/stm32f7xx_hal_pwr_ex.c" -mcpu=cortex-m7 -std=gnu11 -g3 -DDEBUG -DUSE_HAL_DRIVER -DSTM32F746xx -c -I../Core/Inc -I../Drivers/STM32F7xx_HAL_Driver/Inc -I../Drivers/STM32F7xx_HAL_Driver/Inc/Legacy -I../Drivers/CMSIS/Device/ST/STM32F7xx/Include -I../Drivers/CMSIS/Include -O0 -ffunction-sections -fdata-sections -Wall -fstack-usage -fcyclomatic-complexity -MMD -MP -MF"Drivers/STM32F7xx_HAL_Driver/Src/stm32f7xx_hal_pwr_ex.d" -MT"Drivers/STM32F7xx_HAL_Driver/Src/stm32f7xx_hal_pwr_ex.o" --specs=nano.specs -mfpu=fpv5-sp-d16 -mfloat-abi=hard -mthumb -o "Drivers/STM32F7xx_HAL_Driver/Src/stm32f7xx_hal_pwr_ex.o"
arm-none-eabi-gcc "../Drivers/STM32F7xx_HAL_Driver/Src/stm32f7xx_hal_rcc.c" -mcpu=cortex-m7 -std=gnu11 -g3 -DDEBUG -DUSE_HAL_DRIVER -DSTM32F746xx -c -I../Core/Inc -I../Drivers/STM32F7xx_HAL_Driver/Inc -I../Drivers/STM32F7xx_HAL_Driver/Inc/Legacy -I../Drivers/CMSIS/Device/ST/STM32F7xx/Include -I../Drivers/CMSIS/Include -O0 -ffunction-sections -fdata-sections -Wall -fstack-usage -fcyclomatic-complexity -MMD -MP -MF"Drivers/STM32F7xx_HAL_Driver/Src/stm32f7xx_hal_rcc.d" -MT"Drivers/STM32F7xx_HAL_Driver/Src/stm32f7xx_hal_rcc.o" --specs=nano.specs -mfpu=fpv5-sp-d16 -mfloat-abi=hard -mthumb -o "Drivers/STM32F7xx_HAL_Driver/Src/stm32f7xx_hal_rcc.o"
arm-none-eabi-gcc "../Drivers/STM32F7xx_HAL_Driver/Src/stm32f7xx_hal_rcc_ex.c" -mcpu=cortex-m7 -std=gnu11 -g3 -DDEBUG -DUSE_HAL_DRIVER -DSTM32F746xx -c -I../Core/Inc -I../Drivers/STM32F7xx_HAL_Driver/Inc -I../Drivers/STM32F7xx_HAL_Driver/Inc/Legacy -I../Drivers/CMSIS/Device/ST/STM32F7xx/Include -I../Drivers/CMSIS/Include -O0 -ffunction-sections -fdata-sections -Wall -fstack-usage -fcyclomatic-complexity -MMD -MP -MF"Drivers/STM32F7xx_HAL_Driver/Src/stm32f7xx_hal_rcc_ex.d" -MT"Drivers/STM32F7xx_HAL_Driver/Src/stm32f7xx_hal_rcc_ex.o" --specs=nano.specs -mfpu=fpv5-sp-d16 -mfloat-abi=hard -mthumb -o "Drivers/STM32F7xx_HAL_Driver/Src/stm32f7xx_hal_rcc_ex.o"
arm-none-eabi-gcc -mcpu=cortex-m7 -g3 -DDEBUG -c -I../Core/Inc -I../FATFS/Target -I../FATFS/App -I../USB_HOST/App -I../USB_HOST/Target -I../Drivers/STM32F7xx_HAL_Driver/Inc -I../Drivers/STM32F7xx_HAL_Driver/Inc/Legacy -I../Middlewares/Third_Party/FreeRTOS/Source/include -I../Middlewares/Third_Party/FreeRTOS/Source/CMSIS_RTOS -I../Middlewares/Third_Party/FreeRTOS/Source/portable/GCC/ARM_CM7/r0p1 -I../Middlewares/Third_Party/FatFs/src -I../Middlewares/ST/STM32_USB_Host_Library/Core/Inc -I../Middlewares/ST/STM32_USB_Host_Library/Class/CDC/Inc -I../Drivers/CMSIS/Device/ST/STM32F7xx/Include -I../Drivers/CMSIS/Include -x assembler-with-cpp -MMD -MP -MF"Core/Startup/startup_stm32f746nghx.d" -MT"Core/Startup/startup_stm32f746nghx.o" --specs=nano.specs -mfpu=fpv5-sp-d16 -mfloat-abi=hard -mthumb -o "Core/Startup/startup_stm32f746nghx.o" "../Core/Startup/startup_stm32f746nghx.s"
arm-none-eabi-gcc "../Core/Src/main.c" -mcpu=cortex-m7 -std=gnu11 -g3 -DDEBUG -DUSE_HAL_DRIVER -DSTM32F746xx -c -I../Core/Inc -I../Drivers/STM32F7xx_HAL_Driver/Inc -I../Drivers/STM32F7xx_HAL_Driver/Inc/Legacy -I../Drivers/CMSIS/Device/ST/STM32F7xx/Include -I../Drivers/CMSIS/Include -O0 -ffunction-sections -fdata-sections -Wall -fstack-usage -fcyclomatic-complexity -MMD -MP -MF"Core/Src/main.d" -MT"Core/Src/main.o" --specs=nano.specs -mfpu=fpv5-sp-d16 -mfloat-abi=hard -mthumb -o "Core/Src/main.o"
arm-none-eabi-gcc "../Core/Src/stm32f7xx_hal_msp.c" -mcpu=cortex-m7 -std=gnu11 -g3 -DDEBUG -DUSE_HAL_DRIVER -DSTM32F746xx -c -I../Core/Inc -I../Drivers/STM32F7xx_HAL_Driver/Inc -I../Drivers/STM32F7xx_HAL_Driver/Inc/Legacy -I../Drivers/CMSIS/Device/ST/STM32F7xx/Include -I../Drivers/CMSIS/Include -O0 -ffunction-sections -fdata-sections -Wall -fstack-usage -fcyclomatic-complexity -MMD -MP -MF"Core/Src/stm32f7xx_hal_msp.d" -MT"Core/Src/stm32f7xx_hal_msp.o" --specs=nano.specs -mfpu=fpv5-sp-d16 -mfloat-abi=hard -mthumb -o "Core/Src/stm32f7xx_hal_msp.o"
arm-none-eabi-gcc "../Core/Src/stm32f7xx_it.c" -mcpu=cortex-m7 -std=gnu11 -g3 -DDEBUG -DUSE_HAL_DRIVER -DSTM32F746xx -c -I../Core/Inc -I../Drivers/STM32F7xx_HAL_Driver/Inc -I../Drivers/STM32F7xx_HAL_Driver/Inc/Legacy -I../Drivers/CMSIS/Device/ST/STM32F7xx/Include -I../Drivers/CMSIS/Include -O0 -ffunction-sections -fdata-sections -Wall -fstack-usage -fcyclomatic-complexity -MMD -MP -MF"Core/Src/stm32f7xx_it.d" -MT"Core/Src/stm32f7xx_it.o" --specs=nano.specs -mfpu=fpv5-sp-d16 -mfloat-abi=hard -mthumb -o "Core/Src/stm32f7xx_it.o"
arm-none-eabi-gcc "../Core/Src/syscalls.c" -mcpu=cortex-m7 -std=gnu11 -g3 -DDEBUG -DUSE_HAL_DRIVER -DSTM32F746xx -c -I../Core/Inc -I../Drivers/STM32F7xx_HAL_Driver/Inc -I../Drivers/STM32F7xx_HAL_Driver/Inc/Legacy -I../Drivers/CMSIS/Device/ST/STM32F7xx/Include -I../Drivers/CMSIS/Include -O0 -ffunction-sections -fdata-sections -Wall -fstack-usage -fcyclomatic-complexity -MMD -MP -MF"Core/Src/syscalls.d" -MT"Core/Src/syscalls.o" --specs=nano.specs -mfpu=fpv5-sp-d16 -mfloat-abi=hard -mthumb -o "Core/Src/syscalls.o"
arm-none-eabi-gcc "../Core/Src/sysmem.c" -mcpu=cortex-m7 -std=gnu11 -g3 -DDEBUG -DUSE_HAL_DRIVER -DSTM32F746xx -c -I../Core/Inc -I../Drivers/STM32F7xx_HAL_Driver/Inc -I../Drivers/STM32F7xx_HAL_Driver/Inc/Legacy -I../Drivers/CMSIS/Device/ST/STM32F7xx/Include -I../Drivers/CMSIS/Include -O0 -ffunction-sections -fdata-sections -Wall -fstack-usage -fcyclomatic-complexity -MMD -MP -MF"Core/Src/sysmem.d" -MT"Core/Src/sysmem.o" --specs=nano.specs -mfpu=fpv5-sp-d16 -mfloat-abi=hard -mthumb -o "Core/Src/sysmem.o"
arm-none-eabi-gcc "../Core/Src/system_stm32f7xx.c" -mcpu=cortex-m7 -std=gnu11 -g3 -DDEBUG -DUSE_HAL_DRIVER -DSTM32F746xx -c -I../Core/Inc -I../Drivers/STM32F7xx_HAL_Driver/Inc -I../Drivers/STM32F7xx_HAL_Driver/Inc/Legacy -I../Drivers/CMSIS/Device/ST/STM32F7xx/Include -I../Drivers/CMSIS/Include -O0 -ffunction-sections -fdata-sections -Wall -fstack-usage -fcyclomatic-complexity -MMD -MP -MF"Core/Src/system_stm32f7xx.d" -MT"Core/Src/system_stm32f7xx.o" --specs=nano.specs -mfpu=fpv5-sp-d16 -mfloat-abi=hard -mthumb -o "Core/Src/system_stm32f7xx.o"
arm-none-eabi-gcc -o "i2c_applicationram.elf" @"objects.list"   -mcpu=cortex-m7 -T"/home/invadl0640/Desktop/STM32 Codes/i2c_applicationram/STM32F746NGHX_FLASH.ld" --specs=nosys.specs -Wl,-Map="i2c_applicationram.map" -Wl,--gc-sections -static --specs=nano.specs -mfpu=fpv5-sp-d16 -mfloat-abi=hard -mthumb -Wl,--start-group -lc -lm -Wl,--end-group
Finished building target: i2c_applicationram.elf
 
arm-none-eabi-size  i2c_applicationram.elf 
arm-none-eabi-objdump -h -S i2c_applicationram.elf  > "i2c_applicationram.list"
   text	   data	    bss	    dec	    hex	filename
  11800	     20	   1660	  13480	   34a8	i2c_applicationram.elf
Finished building: default.size.stdout
 
Finished building: i2c_applicationram.list
 
15:31:57 **** Incremental Build of configuration Debug for project I2C_test2 ****
make -j12 all 
arm-none-eabi-size  I2C_test2.elf 
   text	   data	    bss	    dec	    hex	filename
  11652	     20	   1660	  13332	   3414	I2C_test2.elf
Finished building: default.size.stdout
 
15:32:15 **** Incremental Build of configuration Debug for project I2C_test2 ****
make -j12 all 
arm-none-eabi-size  I2C_test2.elf 
   text	   data	    bss	    dec	    hex	filename
  11652	     20	   1660	  13332	   3414	I2C_test2.elf
Finished building: default.size.stdout
 
15:32:37 **** Incremental Build of configuration Debug for project I2C_test2 ****
make -j12 all 
arm-none-eabi-size  I2C_test2.elf 
   text	   data	    bss	    dec	    hex	filename
  11652	     20	   1660	  13332	   3414	I2C_test2.elf
Finished building: default.size.stdout
 
15:33:09 **** Incremental Build of configuration Debug for project i2c_applicationram ****
make -j12 all 
arm-none-eabi-size  i2c_applicationram.elf 
   text	   data	    bss	    dec	    hex	filename
  11800	     20	   1660	  13480	   34a8	i2c_applicationram.elf
Finished building: default.size.stdout
 
15:33:29 **** Incremental Build of configuration Debug for project I2C_test2 ****
make -j12 all 
arm-none-eabi-size  I2C_test2.elf 
   text	   data	    bss	    dec	    hex	filename
  11652	     20	   1660	  13332	   3414	I2C_test2.elf
Finished building: default.size.stdout
 
15:33:50 **** Incremental Build of configuration Debug for project I2C_test2 ****
make -j12 all 
arm-none-eabi-size  I2C_test2.elf 
   text	   data	    bss	    dec	    hex	filename
  11652	     20	   1660	  13332	   3414	I2C_test2.elf
Finished building: default.size.stdout
 
15:34:19 **** Incremental Build of configuration Debug for project I2C_test2 ****
make -j12 all 
arm-none-eabi-size  I2C_test2.elf 
   text	   data	    bss	    dec	    hex	filename
  11652	     20	   1660	  13332	   3414	I2C_test2.elf
Finished building: default.size.stdout
 
15:34:54 **** Incremental Build of configuration Debug for project i2c_applicationram ****
make -j12 all 
arm-none-eabi-gcc "../Core/Src/main.c" -mcpu=cortex-m7 -std=gnu11 -g3 -DDEBUG -DUSE_HAL_DRIVER -DSTM32F746xx -c -I../Core/Inc -I../Drivers/STM32F7xx_HAL_Driver/Inc -I../Drivers/STM32F7xx_HAL_Driver/Inc/Legacy -I../Drivers/CMSIS/Device/ST/STM32F7xx/Include -I../Drivers/CMSIS/Include -O0 -ffunction-sections -fdata-sections -Wall -fstack-usage -fcyclomatic-complexity -MMD -MP -MF"Core/Src/main.d" -MT"Core/Src/main.o" --specs=nano.specs -mfpu=fpv5-sp-d16 -mfloat-abi=hard -mthumb -o "Core/Src/main.o"
arm-none-eabi-gcc -o "i2c_applicationram.elf" @"objects.list"   -mcpu=cortex-m7 -T"/home/invadl0640/Desktop/STM32 Codes/i2c_applicationram/STM32F746NGHX_FLASH.ld" --specs=nosys.specs -Wl,-Map="i2c_applicationram.map" -Wl,--gc-sections -static --specs=nano.specs -mfpu=fpv5-sp-d16 -mfloat-abi=hard -mthumb -Wl,--start-group -lc -lm -Wl,--end-group
Finished building target: i2c_applicationram.elf
 
arm-none-eabi-size  i2c_applicationram.elf 
arm-none-eabi-objdump -h -S i2c_applicationram.elf  > "i2c_applicationram.list"
   text	   data	    bss	    dec	    hex	filename
  11800	     20	   1660	  13480	   34a8	i2c_applicationram.elf
Finished building: default.size.stdout
 
Finished building: i2c_applicationram.list
 
15:35:03 **** Incremental Build of configuration Debug for project I2C_test2 ****
make -j12 all 
arm-none-eabi-size  I2C_test2.elf 
   text	   data	    bss	    dec	    hex	filename
  11652	     20	   1660	  13332	   3414	I2C_test2.elf
Finished building: default.size.stdout
 
15:35:24 **** Incremental Build of configuration Debug for project I2C_test2 ****
make -j12 all 
arm-none-eabi-size  I2C_test2.elf 
   text	   data	    bss	    dec	    hex	filename
  11652	     20	   1660	  13332	   3414	I2C_test2.elf
Finished building: default.size.stdout
 
15:35:33 **** Incremental Build of configuration Debug for project i2c_applicationram ****
make -j12 all 
arm-none-eabi-gcc "../Core/Src/main.c" -mcpu=cortex-m7 -std=gnu11 -g3 -DDEBUG -DUSE_HAL_DRIVER -DSTM32F746xx -c -I../Core/Inc -I../Drivers/STM32F7xx_HAL_Driver/Inc -I../Drivers/STM32F7xx_HAL_Driver/Inc/Legacy -I../Drivers/CMSIS/Device/ST/STM32F7xx/Include -I../Drivers/CMSIS/Include -O0 -ffunction-sections -fdata-sections -Wall -fstack-usage -fcyclomatic-complexity -MMD -MP -MF"Core/Src/main.d" -MT"Core/Src/main.o" --specs=nano.specs -mfpu=fpv5-sp-d16 -mfloat-abi=hard -mthumb -o "Core/Src/main.o"
arm-none-eabi-gcc -o "i2c_applicationram.elf" @"objects.list"   -mcpu=cortex-m7 -T"/home/invadl0640/Desktop/STM32 Codes/i2c_applicationram/STM32F746NGHX_FLASH.ld" --specs=nosys.specs -Wl,-Map="i2c_applicationram.map" -Wl,--gc-sections -static --specs=nano.specs -mfpu=fpv5-sp-d16 -mfloat-abi=hard -mthumb -Wl,--start-group -lc -lm -Wl,--end-group
Finished building target: i2c_applicationram.elf
 
arm-none-eabi-size  i2c_applicationram.elf 
arm-none-eabi-objdump -h -S i2c_applicationram.elf  > "i2c_applicationram.list"
   text	   data	    bss	    dec	    hex	filename
  11800	     20	   1660	  13480	   34a8	i2c_applicationram.elf
Finished building: default.size.stdout
 
Finished building: i2c_applicationram.list
 
15:35:38 **** Incremental Build of configuration Debug for project I2C_test2 ****
make -j12 all 
arm-none-eabi-size  I2C_test2.elf 
   text	   data	    bss	    dec	    hex	filename
  11652	     20	   1660	  13332	   3414	I2C_test2.elf
Finished building: default.size.stdout
 
15:36:10 **** Incremental Build of configuration Debug for project I2C_test2 ****
make -j12 all 
arm-none-eabi-size  I2C_test2.elf 
   text	   data	    bss	    dec	    hex	filename
  11652	     20	   1660	  13332	   3414	I2C_test2.elf
Finished building: default.size.stdout
 
15:36:28 **** Incremental Build of configuration Debug for project I2C_test2 ****
make -j12 all 
arm-none-eabi-size  I2C_test2.elf 
   text	   data	    bss	    dec	    hex	filename
  11652	     20	   1660	  13332	   3414	I2C_test2.elf
Finished building: default.size.stdout
 
15:36:47 **** Incremental Build of configuration Debug for project I2C_test2 ****
make -j12 all 
arm-none-eabi-size  I2C_test2.elf 
   text	   data	    bss	    dec	    hex	filename
  11652	     20	   1660	  13332	   3414	I2C_test2.elf
Finished building: default.size.stdout
 
15:36:51 **** Incremental Build of configuration Debug for project I2C_test2 ****
make -j12 all 
arm-none-eabi-size  I2C_test2.elf 
   text	   data	    bss	    dec	    hex	filename
  11652	     20	   1660	  13332	   3414	I2C_test2.elf
Finished building: default.size.stdout
 
15:36:55 **** Incremental Build of configuration Debug for project I2C_test2 ****
make -j12 all 
arm-none-eabi-size  I2C_test2.elf 
   text	   data	    bss	    dec	    hex	filename
  11652	     20	   1660	  13332	   3414	I2C_test2.elf
Finished building: default.size.stdout
 
15:36:59 **** Incremental Build of configuration Debug for project I2C_test2 ****
make -j12 all 
arm-none-eabi-size  I2C_test2.elf 
   text	   data	    bss	    dec	    hex	filename
  11652	     20	   1660	  13332	   3414	I2C_test2.elf
Finished building: default.size.stdout
 
15:37:03 **** Incremental Build of configuration Debug for project I2C_test2 ****
make -j12 all 
arm-none-eabi-size  I2C_test2.elf 
   text	   data	    bss	    dec	    hex	filename
  11652	     20	   1660	  13332	   3414	I2C_test2.elf
Finished building: default.size.stdout
 
15:37:41 **** Incremental Build of configuration Debug for project I2C_test2 ****
make -j12 all 
arm-none-eabi-gcc "../Core/Src/main.c" -mcpu=cortex-m7 -std=gnu11 -g3 -DDEBUG -DUSE_HAL_DRIVER -DSTM32F746xx -c -I../Core/Inc -I../Drivers/STM32F7xx_HAL_Driver/Inc -I../Drivers/STM32F7xx_HAL_Driver/Inc/Legacy -I../Drivers/CMSIS/Device/ST/STM32F7xx/Include -I../Drivers/CMSIS/Include -O0 -ffunction-sections -fdata-sections -Wall -fstack-usage -fcyclomatic-complexity -MMD -MP -MF"Core/Src/main.d" -MT"Core/Src/main.o" --specs=nano.specs -mfpu=fpv5-sp-d16 -mfloat-abi=hard -mthumb -o "Core/Src/main.o"
arm-none-eabi-gcc -o "I2C_test2.elf" @"objects.list"   -mcpu=cortex-m7 -T"/home/invadl0640/Desktop/STM32 Codes/I2C_test2/STM32F746NGHX_FLASH.ld" --specs=nosys.specs -Wl,-Map="I2C_test2.map" -Wl,--gc-sections -static --specs=nano.specs -mfpu=fpv5-sp-d16 -mfloat-abi=hard -mthumb -Wl,--start-group -lc -lm -Wl,--end-group
Finished building target: I2C_test2.elf
 
arm-none-eabi-size  I2C_test2.elf 
arm-none-eabi-objdump -h -S I2C_test2.elf  > "I2C_test2.list"
   text	   data	    bss	    dec	    hex	filename
  11652	     28	   1668	  13348	   3424	I2C_test2.elf
Finished building: default.size.stdout
 
Finished building: I2C_test2.list
 
15:37:55 **** Incremental Build of configuration Debug for project I2C_test2 ****
make -j12 all 
arm-none-eabi-size  I2C_test2.elf 
   text	   data	    bss	    dec	    hex	filename
  11652	     28	   1668	  13348	   3424	I2C_test2.elf
Finished building: default.size.stdout
 
15:38:51 **** Incremental Build of configuration Debug for project I2C_test2 ****
make -j12 all 
arm-none-eabi-gcc "../Core/Src/main.c" -mcpu=cortex-m7 -std=gnu11 -g3 -DDEBUG -DUSE_HAL_DRIVER -DSTM32F746xx -c -I../Core/Inc -I../Drivers/STM32F7xx_HAL_Driver/Inc -I../Drivers/STM32F7xx_HAL_Driver/Inc/Legacy -I../Drivers/CMSIS/Device/ST/STM32F7xx/Include -I../Drivers/CMSIS/Include -O0 -ffunction-sections -fdata-sections -Wall -fstack-usage -fcyclomatic-complexity -MMD -MP -MF"Core/Src/main.d" -MT"Core/Src/main.o" --specs=nano.specs -mfpu=fpv5-sp-d16 -mfloat-abi=hard -mthumb -o "Core/Src/main.o"
arm-none-eabi-gcc -o "I2C_test2.elf" @"objects.list"   -mcpu=cortex-m7 -T"/home/invadl0640/Desktop/STM32 Codes/I2C_test2/STM32F746NGHX_FLASH.ld" --specs=nosys.specs -Wl,-Map="I2C_test2.map" -Wl,--gc-sections -static --specs=nano.specs -mfpu=fpv5-sp-d16 -mfloat-abi=hard -mthumb -Wl,--start-group -lc -lm -Wl,--end-group
Finished building target: I2C_test2.elf
 
arm-none-eabi-size  I2C_test2.elf 
arm-none-eabi-objdump -h -S I2C_test2.elf  > "I2C_test2.list"
   text	   data	    bss	    dec	    hex	filename
  11652	     20	   1660	  13332	   3414	I2C_test2.elf
Finished building: default.size.stdout
 
Finished building: I2C_test2.list
 
15:38:52 **** Incremental Build of configuration Debug for project I2C_test2 ****
make -j12 all 
arm-none-eabi-size  I2C_test2.elf 
   text	   data	    bss	    dec	    hex	filename
  11652	     20	   1660	  13332	   3414	I2C_test2.elf
Finished building: default.size.stdout
 
15:39:14 **** Incremental Build of configuration Debug for project I2C_test2 ****
make -j12 all 
arm-none-eabi-size  I2C_test2.elf 
   text	   data	    bss	    dec	    hex	filename
  11652	     20	   1660	  13332	   3414	I2C_test2.elf
Finished building: default.size.stdout
 
15:39:39 **** Incremental Build of configuration Debug for project I2C_test2 ****
make -j12 all 
arm-none-eabi-size  I2C_test2.elf 
   text	   data	    bss	    dec	    hex	filename
  11652	     20	   1660	  13332	   3414	I2C_test2.elf
Finished building: default.size.stdout
 
15:40:01 **** Incremental Build of configuration Debug for project i2c_applicationram ****
make -j12 all 
arm-none-eabi-size  i2c_applicationram.elf 
   text	   data	    bss	    dec	    hex	filename
  11800	     20	   1660	  13480	   34a8	i2c_applicationram.elf
Finished building: default.size.stdout
 
15:40:26 **** Incremental Build of configuration Debug for project i2c_applicationram ****
make -j12 all 
arm-none-eabi-gcc "../Core/Src/main.c" -mcpu=cortex-m7 -std=gnu11 -g3 -DDEBUG -DUSE_HAL_DRIVER -DSTM32F746xx -c -I../Core/Inc -I../Drivers/STM32F7xx_HAL_Driver/Inc -I../Drivers/STM32F7xx_HAL_Driver/Inc/Legacy -I../Drivers/CMSIS/Device/ST/STM32F7xx/Include -I../Drivers/CMSIS/Include -O0 -ffunction-sections -fdata-sections -Wall -fstack-usage -fcyclomatic-complexity -MMD -MP -MF"Core/Src/main.d" -MT"Core/Src/main.o" --specs=nano.specs -mfpu=fpv5-sp-d16 -mfloat-abi=hard -mthumb -o "Core/Src/main.o"
arm-none-eabi-gcc -o "i2c_applicationram.elf" @"objects.list"   -mcpu=cortex-m7 -T"/home/invadl0640/Desktop/STM32 Codes/i2c_applicationram/STM32F746NGHX_FLASH.ld" --specs=nosys.specs -Wl,-Map="i2c_applicationram.map" -Wl,--gc-sections -static --specs=nano.specs -mfpu=fpv5-sp-d16 -mfloat-abi=hard -mthumb -Wl,--start-group -lc -lm -Wl,--end-group
Finished building target: i2c_applicationram.elf
 
arm-none-eabi-size  i2c_applicationram.elf 
arm-none-eabi-objdump -h -S i2c_applicationram.elf  > "i2c_applicationram.list"
   text	   data	    bss	    dec	    hex	filename
  11800	     28	   1668	  13496	   34b8	i2c_applicationram.elf
Finished building: default.size.stdout
 
Finished building: i2c_applicationram.list
 
15:40:44 **** Incremental Build of configuration Debug for project I2C_test2 ****
make -j12 all 
arm-none-eabi-size  I2C_test2.elf 
   text	   data	    bss	    dec	    hex	filename
  11652	     20	   1660	  13332	   3414	I2C_test2.elf
Finished building: default.size.stdout
 
15:43:48 **** Incremental Build of configuration Debug for project I2C_test2 ****
make -j12 all 
arm-none-eabi-size  I2C_test2.elf 
   text	   data	    bss	    dec	    hex	filename
  11652	     20	   1660	  13332	   3414	I2C_test2.elf
Finished building: default.size.stdout
 
15:45:21 **** Incremental Build of configuration Debug for project i2c_applicationram ****
make -j12 all 
arm-none-eabi-gcc "../Core/Src/main.c" -mcpu=cortex-m7 -std=gnu11 -g3 -DDEBUG -DUSE_HAL_DRIVER -DSTM32F746xx -c -I../Core/Inc -I../Drivers/STM32F7xx_HAL_Driver/Inc -I../Drivers/STM32F7xx_HAL_Driver/Inc/Legacy -I../Drivers/CMSIS/Device/ST/STM32F7xx/Include -I../Drivers/CMSIS/Include -O0 -ffunction-sections -fdata-sections -Wall -fstack-usage -fcyclomatic-complexity -MMD -MP -MF"Core/Src/main.d" -MT"Core/Src/main.o" --specs=nano.specs -mfpu=fpv5-sp-d16 -mfloat-abi=hard -mthumb -o "Core/Src/main.o"
arm-none-eabi-gcc -o "i2c_applicationram.elf" @"objects.list"   -mcpu=cortex-m7 -T"/home/invadl0640/Desktop/STM32 Codes/i2c_applicationram/STM32F746NGHX_FLASH.ld" --specs=nosys.specs -Wl,-Map="i2c_applicationram.map" -Wl,--gc-sections -static --specs=nano.specs -mfpu=fpv5-sp-d16 -mfloat-abi=hard -mthumb -Wl,--start-group -lc -lm -Wl,--end-group
Finished building target: i2c_applicationram.elf
 
arm-none-eabi-size  i2c_applicationram.elf 
arm-none-eabi-objdump -h -S i2c_applicationram.elf  > "i2c_applicationram.list"
   text	   data	    bss	    dec	    hex	filename
  11800	     28	   1668	  13496	   34b8	i2c_applicationram.elf
Finished building: default.size.stdout
 
Finished building: i2c_applicationram.list
 
15:45:31 **** Incremental Build of configuration Debug for project I2C_test2 ****
make -j12 all 
arm-none-eabi-size  I2C_test2.elf 
   text	   data	    bss	    dec	    hex	filename
  11652	     20	   1660	  13332	   3414	I2C_test2.elf
Finished building: default.size.stdout
 
15:47:21 **** Incremental Build of configuration Debug for project i2c_applicationram ****
make -j12 all 
arm-none-eabi-gcc "../Core/Src/main.c" -mcpu=cortex-m7 -std=gnu11 -g3 -DDEBUG -DUSE_HAL_DRIVER -DSTM32F746xx -c -I../Core/Inc -I../Drivers/STM32F7xx_HAL_Driver/Inc -I../Drivers/STM32F7xx_HAL_Driver/Inc/Legacy -I../Drivers/CMSIS/Device/ST/STM32F7xx/Include -I../Drivers/CMSIS/Include -O0 -ffunction-sections -fdata-sections -Wall -fstack-usage -fcyclomatic-complexity -MMD -MP -MF"Core/Src/main.d" -MT"Core/Src/main.o" --specs=nano.specs -mfpu=fpv5-sp-d16 -mfloat-abi=hard -mthumb -o "Core/Src/main.o"
arm-none-eabi-gcc -o "i2c_applicationram.elf" @"objects.list"   -mcpu=cortex-m7 -T"/home/invadl0640/Desktop/STM32 Codes/i2c_applicationram/STM32F746NGHX_FLASH.ld" --specs=nosys.specs -Wl,-Map="i2c_applicationram.map" -Wl,--gc-sections -static --specs=nano.specs -mfpu=fpv5-sp-d16 -mfloat-abi=hard -mthumb -Wl,--start-group -lc -lm -Wl,--end-group
Finished building target: i2c_applicationram.elf
 
arm-none-eabi-size  i2c_applicationram.elf 
arm-none-eabi-objdump -h -S i2c_applicationram.elf  > "i2c_applicationram.list"
   text	   data	    bss	    dec	    hex	filename
  11800	     28	   1668	  13496	   34b8	i2c_applicationram.elf
Finished building: default.size.stdout
 
Finished building: i2c_applicationram.list
 
15:47:27 **** Incremental Build of configuration Debug for project I2C_test2 ****
make -j12 all 
arm-none-eabi-size  I2C_test2.elf 
   text	   data	    bss	    dec	    hex	filename
  11652	     20	   1660	  13332	   3414	I2C_test2.elf
Finished building: default.size.stdout
 
15:47:45 **** Incremental Build of configuration Debug for project i2c_applicationram ****
make -j12 all 
arm-none-eabi-gcc "../Core/Src/main.c" -mcpu=cortex-m7 -std=gnu11 -g3 -DDEBUG -DUSE_HAL_DRIVER -DSTM32F746xx -c -I../Core/Inc -I../Drivers/STM32F7xx_HAL_Driver/Inc -I../Drivers/STM32F7xx_HAL_Driver/Inc/Legacy -I../Drivers/CMSIS/Device/ST/STM32F7xx/Include -I../Drivers/CMSIS/Include -O0 -ffunction-sections -fdata-sections -Wall -fstack-usage -fcyclomatic-complexity -MMD -MP -MF"Core/Src/main.d" -MT"Core/Src/main.o" --specs=nano.specs -mfpu=fpv5-sp-d16 -mfloat-abi=hard -mthumb -o "Core/Src/main.o"
arm-none-eabi-gcc -o "i2c_applicationram.elf" @"objects.list"   -mcpu=cortex-m7 -T"/home/invadl0640/Desktop/STM32 Codes/i2c_applicationram/STM32F746NGHX_FLASH.ld" --specs=nosys.specs -Wl,-Map="i2c_applicationram.map" -Wl,--gc-sections -static --specs=nano.specs -mfpu=fpv5-sp-d16 -mfloat-abi=hard -mthumb -Wl,--start-group -lc -lm -Wl,--end-group
Finished building target: i2c_applicationram.elf
 
arm-none-eabi-size  i2c_applicationram.elf 
arm-none-eabi-objdump -h -S i2c_applicationram.elf  > "i2c_applicationram.list"
   text	   data	    bss	    dec	    hex	filename
  11800	     28	   1668	  13496	   34b8	i2c_applicationram.elf
Finished building: default.size.stdout
 
Finished building: i2c_applicationram.list
 
15:56:46 **** Incremental Build of configuration Debug for project i2c_applicationram ****
make -j12 all 
arm-none-eabi-gcc "../Core/Src/main.c" -mcpu=cortex-m7 -std=gnu11 -g3 -DDEBUG -DUSE_HAL_DRIVER -DSTM32F746xx -c -I../Core/Inc -I../Drivers/STM32F7xx_HAL_Driver/Inc -I../Drivers/STM32F7xx_HAL_Driver/Inc/Legacy -I../Drivers/CMSIS/Device/ST/STM32F7xx/Include -I../Drivers/CMSIS/Include -O0 -ffunction-sections -fdata-sections -Wall -fstack-usage -fcyclomatic-complexity -MMD -MP -MF"Core/Src/main.d" -MT"Core/Src/main.o" --specs=nano.specs -mfpu=fpv5-sp-d16 -mfloat-abi=hard -mthumb -o "Core/Src/main.o"
arm-none-eabi-gcc -o "i2c_applicationram.elf" @"objects.list"   -mcpu=cortex-m7 -T"/home/invadl0640/Desktop/STM32 Codes/i2c_applicationram/STM32F746NGHX_FLASH.ld" --specs=nosys.specs -Wl,-Map="i2c_applicationram.map" -Wl,--gc-sections -static --specs=nano.specs -mfpu=fpv5-sp-d16 -mfloat-abi=hard -mthumb -Wl,--start-group -lc -lm -Wl,--end-group
Finished building target: i2c_applicationram.elf
 
arm-none-eabi-size  i2c_applicationram.elf 
arm-none-eabi-objdump -h -S i2c_applicationram.elf  > "i2c_applicationram.list"
   text	   data	    bss	    dec	    hex	filename
  11800	     28	   1668	  13496	   34b8	i2c_applicationram.elf
Finished building: default.size.stdout
 
Finished building: i2c_applicationram.list
 
15:56:54 **** Incremental Build of configuration Debug for project I2C_test2 ****
make -j12 all 
arm-none-eabi-size  I2C_test2.elf 
   text	   data	    bss	    dec	    hex	filename
  11652	     20	   1660	  13332	   3414	I2C_test2.elf
Finished building: default.size.stdout
 
15:57:14 **** Incremental Build of configuration Debug for project i2c_applicationram ****
make -j12 all 
arm-none-eabi-gcc "../Core/Src/main.c" -mcpu=cortex-m7 -std=gnu11 -g3 -DDEBUG -DUSE_HAL_DRIVER -DSTM32F746xx -c -I../Core/Inc -I../Drivers/STM32F7xx_HAL_Driver/Inc -I../Drivers/STM32F7xx_HAL_Driver/Inc/Legacy -I../Drivers/CMSIS/Device/ST/STM32F7xx/Include -I../Drivers/CMSIS/Include -O0 -ffunction-sections -fdata-sections -Wall -fstack-usage -fcyclomatic-complexity -MMD -MP -MF"Core/Src/main.d" -MT"Core/Src/main.o" --specs=nano.specs -mfpu=fpv5-sp-d16 -mfloat-abi=hard -mthumb -o "Core/Src/main.o"
arm-none-eabi-gcc -o "i2c_applicationram.elf" @"objects.list"   -mcpu=cortex-m7 -T"/home/invadl0640/Desktop/STM32 Codes/i2c_applicationram/STM32F746NGHX_FLASH.ld" --specs=nosys.specs -Wl,-Map="i2c_applicationram.map" -Wl,--gc-sections -static --specs=nano.specs -mfpu=fpv5-sp-d16 -mfloat-abi=hard -mthumb -Wl,--start-group -lc -lm -Wl,--end-group
Finished building target: i2c_applicationram.elf
 
arm-none-eabi-size  i2c_applicationram.elf 
arm-none-eabi-objdump -h -S i2c_applicationram.elf  > "i2c_applicationram.list"
   text	   data	    bss	    dec	    hex	filename
  11800	     28	   1668	  13496	   34b8	i2c_applicationram.elf
Finished building: default.size.stdout
 
Finished building: i2c_applicationram.list
 
15:58:12 **** Incremental Build of configuration Debug for project i2c_applicationram ****
make -j12 all 
arm-none-eabi-gcc "../Core/Src/main.c" -mcpu=cortex-m7 -std=gnu11 -g3 -DDEBUG -DUSE_HAL_DRIVER -DSTM32F746xx -c -I../Core/Inc -I../Drivers/STM32F7xx_HAL_Driver/Inc -I../Drivers/STM32F7xx_HAL_Driver/Inc/Legacy -I../Drivers/CMSIS/Device/ST/STM32F7xx/Include -I../Drivers/CMSIS/Include -O0 -ffunction-sections -fdata-sections -Wall -fstack-usage -fcyclomatic-complexity -MMD -MP -MF"Core/Src/main.d" -MT"Core/Src/main.o" --specs=nano.specs -mfpu=fpv5-sp-d16 -mfloat-abi=hard -mthumb -o "Core/Src/main.o"
arm-none-eabi-gcc -o "i2c_applicationram.elf" @"objects.list"   -mcpu=cortex-m7 -T"/home/invadl0640/Desktop/STM32 Codes/i2c_applicationram/STM32F746NGHX_FLASH.ld" --specs=nosys.specs -Wl,-Map="i2c_applicationram.map" -Wl,--gc-sections -static --specs=nano.specs -mfpu=fpv5-sp-d16 -mfloat-abi=hard -mthumb -Wl,--start-group -lc -lm -Wl,--end-group
Finished building target: i2c_applicationram.elf
 
arm-none-eabi-size  i2c_applicationram.elf 
arm-none-eabi-objdump -h -S i2c_applicationram.elf  > "i2c_applicationram.list"
   text	   data	    bss	    dec	    hex	filename
  11800	     28	   1668	  13496	   34b8	i2c_applicationram.elf
Finished building: default.size.stdout
 
Finished building: i2c_applicationram.list
 
15:58:17 **** Incremental Build of configuration Debug for project I2C_test2 ****
make -j12 all 
arm-none-eabi-size  I2C_test2.elf 
   text	   data	    bss	    dec	    hex	filename
  11652	     20	   1660	  13332	   3414	I2C_test2.elf
Finished building: default.size.stdout
 
15:59:00 **** Incremental Build of configuration Debug for project i2c_applicationram ****
make -j12 all 
arm-none-eabi-gcc "../Core/Src/main.c" -mcpu=cortex-m7 -std=gnu11 -g3 -DDEBUG -DUSE_HAL_DRIVER -DSTM32F746xx -c -I../Core/Inc -I../Drivers/STM32F7xx_HAL_Driver/Inc -I../Drivers/STM32F7xx_HAL_Driver/Inc/Legacy -I../Drivers/CMSIS/Device/ST/STM32F7xx/Include -I../Drivers/CMSIS/Include -O0 -ffunction-sections -fdata-sections -Wall -fstack-usage -fcyclomatic-complexity -MMD -MP -MF"Core/Src/main.d" -MT"Core/Src/main.o" --specs=nano.specs -mfpu=fpv5-sp-d16 -mfloat-abi=hard -mthumb -o "Core/Src/main.o"
arm-none-eabi-gcc -o "i2c_applicationram.elf" @"objects.list"   -mcpu=cortex-m7 -T"/home/invadl0640/Desktop/STM32 Codes/i2c_applicationram/STM32F746NGHX_FLASH.ld" --specs=nosys.specs -Wl,-Map="i2c_applicationram.map" -Wl,--gc-sections -static --specs=nano.specs -mfpu=fpv5-sp-d16 -mfloat-abi=hard -mthumb -Wl,--start-group -lc -lm -Wl,--end-group
Finished building target: i2c_applicationram.elf
 
arm-none-eabi-size  i2c_applicationram.elf 
arm-none-eabi-objdump -h -S i2c_applicationram.elf  > "i2c_applicationram.list"
   text	   data	    bss	    dec	    hex	filename
  11800	     24	   1664	  13488	   34b0	i2c_applicationram.elf
Finished building: default.size.stdout
 
Finished building: i2c_applicationram.list
 
15:59:04 **** Incremental Build of configuration Debug for project I2C_test2 ****
make -j12 all 
arm-none-eabi-size  I2C_test2.elf 
   text	   data	    bss	    dec	    hex	filename
  11652	     20	   1660	  13332	   3414	I2C_test2.elf
Finished building: default.size.stdout
 
16:07:26 **** Incremental Build of configuration Debug for project i2c_applicationram ****
make -j12 all 
arm-none-eabi-gcc "../Core/Src/main.c" -mcpu=cortex-m7 -std=gnu11 -g3 -DDEBUG -DUSE_HAL_DRIVER -DSTM32F746xx -c -I../Core/Inc -I../Drivers/STM32F7xx_HAL_Driver/Inc -I../Drivers/STM32F7xx_HAL_Driver/Inc/Legacy -I../Drivers/CMSIS/Device/ST/STM32F7xx/Include -I../Drivers/CMSIS/Include -O0 -ffunction-sections -fdata-sections -Wall -fstack-usage -fcyclomatic-complexity -MMD -MP -MF"Core/Src/main.d" -MT"Core/Src/main.o" --specs=nano.specs -mfpu=fpv5-sp-d16 -mfloat-abi=hard -mthumb -o "Core/Src/main.o"
arm-none-eabi-gcc -o "i2c_applicationram.elf" @"objects.list"   -mcpu=cortex-m7 -T"/home/invadl0640/Desktop/STM32 Codes/i2c_applicationram/STM32F746NGHX_FLASH.ld" --specs=nosys.specs -Wl,-Map="i2c_applicationram.map" -Wl,--gc-sections -static --specs=nano.specs -mfpu=fpv5-sp-d16 -mfloat-abi=hard -mthumb -Wl,--start-group -lc -lm -Wl,--end-group
Finished building target: i2c_applicationram.elf
 
arm-none-eabi-size  i2c_applicationram.elf 
arm-none-eabi-objdump -h -S i2c_applicationram.elf  > "i2c_applicationram.list"
   text	   data	    bss	    dec	    hex	filename
  11800	     28	   1668	  13496	   34b8	i2c_applicationram.elf
Finished building: default.size.stdout
 
Finished building: i2c_applicationram.list
 
16:07:31 **** Incremental Build of configuration Debug for project I2C_test2 ****
make -j12 all 
arm-none-eabi-size  I2C_test2.elf 
   text	   data	    bss	    dec	    hex	filename
  11652	     20	   1660	  13332	   3414	I2C_test2.elf
Finished building: default.size.stdout
 
16:30:24 **** Incremental Build of configuration Debug for project i2c_applicationram ****
make -j12 all 
arm-none-eabi-gcc "../Core/Src/main.c" -mcpu=cortex-m7 -std=gnu11 -g3 -DDEBUG -DUSE_HAL_DRIVER -DSTM32F746xx -c -I../Core/Inc -I../Drivers/STM32F7xx_HAL_Driver/Inc -I../Drivers/STM32F7xx_HAL_Driver/Inc/Legacy -I../Drivers/CMSIS/Device/ST/STM32F7xx/Include -I../Drivers/CMSIS/Include -O0 -ffunction-sections -fdata-sections -Wall -fstack-usage -fcyclomatic-complexity -MMD -MP -MF"Core/Src/main.d" -MT"Core/Src/main.o" --specs=nano.specs -mfpu=fpv5-sp-d16 -mfloat-abi=hard -mthumb -o "Core/Src/main.o"
arm-none-eabi-gcc -o "i2c_applicationram.elf" @"objects.list"   -mcpu=cortex-m7 -T"/home/invadl0640/Desktop/STM32 Codes/i2c_applicationram/STM32F746NGHX_FLASH.ld" --specs=nosys.specs -Wl,-Map="i2c_applicationram.map" -Wl,--gc-sections -static --specs=nano.specs -mfpu=fpv5-sp-d16 -mfloat-abi=hard -mthumb -Wl,--start-group -lc -lm -Wl,--end-group
Finished building target: i2c_applicationram.elf
 
arm-none-eabi-size  i2c_applicationram.elf 
arm-none-eabi-objdump -h -S i2c_applicationram.elf  > "i2c_applicationram.list"
   text	   data	    bss	    dec	    hex	filename
  11800	     32	   1672	  13504	   34c0	i2c_applicationram.elf
Finished building: default.size.stdout
 
Finished building: i2c_applicationram.list
 
16:30:30 **** Incremental Build of configuration Debug for project I2C_test2 ****
make -j12 all 
arm-none-eabi-size  I2C_test2.elf 
   text	   data	    bss	    dec	    hex	filename
  11652	     20	   1660	  13332	   3414	I2C_test2.elf
Finished building: default.size.stdout
 
16:31:09 **** Incremental Build of configuration Debug for project i2c_applicationram ****
make -j12 all 
arm-none-eabi-gcc "../Core/Src/main.c" -mcpu=cortex-m7 -std=gnu11 -g3 -DDEBUG -DUSE_HAL_DRIVER -DSTM32F746xx -c -I../Core/Inc -I../Drivers/STM32F7xx_HAL_Driver/Inc -I../Drivers/STM32F7xx_HAL_Driver/Inc/Legacy -I../Drivers/CMSIS/Device/ST/STM32F7xx/Include -I../Drivers/CMSIS/Include -O0 -ffunction-sections -fdata-sections -Wall -fstack-usage -fcyclomatic-complexity -MMD -MP -MF"Core/Src/main.d" -MT"Core/Src/main.o" --specs=nano.specs -mfpu=fpv5-sp-d16 -mfloat-abi=hard -mthumb -o "Core/Src/main.o"
../Core/Src/main.c: In function 'main':
../Core/Src/main.c:113:22: warning: unused variable 'readStatus' [-Wunused-variable]
  113 |    HAL_StatusTypeDef readStatus = HAL_I2C_Mem_Read(
      |                      ^~~~~~~~~~
arm-none-eabi-gcc -o "i2c_applicationram.elf" @"objects.list"   -mcpu=cortex-m7 -T"/home/invadl0640/Desktop/STM32 Codes/i2c_applicationram/STM32F746NGHX_FLASH.ld" --specs=nosys.specs -Wl,-Map="i2c_applicationram.map" -Wl,--gc-sections -static --specs=nano.specs -mfpu=fpv5-sp-d16 -mfloat-abi=hard -mthumb -Wl,--start-group -lc -lm -Wl,--end-group
Finished building target: i2c_applicationram.elf
 
arm-none-eabi-size  i2c_applicationram.elf 
arm-none-eabi-objdump -h -S i2c_applicationram.elf  > "i2c_applicationram.list"
   text	   data	    bss	    dec	    hex	filename
  11040	     28	   1668	  12736	   31c0	i2c_applicationram.elf
Finished building: default.size.stdout
 
Finished building: i2c_applicationram.list
 
16:31:19 **** Incremental Build of configuration Debug for project I2C_test2 ****
make -j12 all 
arm-none-eabi-size  I2C_test2.elf 
   text	   data	    bss	    dec	    hex	filename
  11652	     20	   1660	  13332	   3414	I2C_test2.elf
Finished building: default.size.stdout
 
08:31:09 **** Incremental Build of configuration Debug for project i2c_applicationram ****
make -j12 all 
arm-none-eabi-gcc "../Core/Src/main.c" -mcpu=cortex-m7 -std=gnu11 -g3 -DDEBUG -DUSE_HAL_DRIVER -DSTM32F746xx -c -I../Core/Inc -I../Drivers/STM32F7xx_HAL_Driver/Inc -I../Drivers/STM32F7xx_HAL_Driver/Inc/Legacy -I../Drivers/CMSIS/Device/ST/STM32F7xx/Include -I../Drivers/CMSIS/Include -O0 -ffunction-sections -fdata-sections -Wall -fstack-usage -fcyclomatic-complexity -MMD -MP -MF"Core/Src/main.d" -MT"Core/Src/main.o" --specs=nano.specs -mfpu=fpv5-sp-d16 -mfloat-abi=hard -mthumb -o "Core/Src/main.o"
arm-none-eabi-gcc -o "i2c_applicationram.elf" @"objects.list"   -mcpu=cortex-m7 -T"/home/invadl0640/Desktop/STM32 Codes/i2c_applicationram/STM32F746NGHX_FLASH.ld" --specs=nosys.specs -Wl,-Map="i2c_applicationram.map" -Wl,--gc-sections -static --specs=nano.specs -mfpu=fpv5-sp-d16 -mfloat-abi=hard -mthumb -Wl,--start-group -lc -lm -Wl,--end-group
Finished building target: i2c_applicationram.elf
 
arm-none-eabi-size  i2c_applicationram.elf 
arm-none-eabi-objdump -h -S i2c_applicationram.elf  > "i2c_applicationram.list"
   text	   data	    bss	    dec	    hex	filename
  11800	     28	   1668	  13496	   34b8	i2c_applicationram.elf
Finished building: default.size.stdout
 
Finished building: i2c_applicationram.list
 
08:37:36 **** Build of configuration Debug for project i2c_both_ram ****
make -j12 all 
arm-none-eabi-gcc "../Drivers/STM32F7xx_HAL_Driver/Src/stm32f7xx_hal.c" -mcpu=cortex-m7 -std=gnu11 -g3 -DDEBUG -DUSE_HAL_DRIVER -DSTM32F746xx -c -I../Core/Inc -I../Drivers/STM32F7xx_HAL_Driver/Inc -I../Drivers/STM32F7xx_HAL_Driver/Inc/Legacy -I../Drivers/CMSIS/Device/ST/STM32F7xx/Include -I../Drivers/CMSIS/Include -O0 -ffunction-sections -fdata-sections -Wall -fstack-usage -fcyclomatic-complexity -MMD -MP -MF"Drivers/STM32F7xx_HAL_Driver/Src/stm32f7xx_hal.d" -MT"Drivers/STM32F7xx_HAL_Driver/Src/stm32f7xx_hal.o" --specs=nano.specs -mfpu=fpv5-sp-d16 -mfloat-abi=hard -mthumb -o "Drivers/STM32F7xx_HAL_Driver/Src/stm32f7xx_hal.o"
arm-none-eabi-gcc "../Drivers/STM32F7xx_HAL_Driver/Src/stm32f7xx_hal_cortex.c" -mcpu=cortex-m7 -std=gnu11 -g3 -DDEBUG -DUSE_HAL_DRIVER -DSTM32F746xx -c -I../Core/Inc -I../Drivers/STM32F7xx_HAL_Driver/Inc -I../Drivers/STM32F7xx_HAL_Driver/Inc/Legacy -I../Drivers/CMSIS/Device/ST/STM32F7xx/Include -I../Drivers/CMSIS/Include -O0 -ffunction-sections -fdata-sections -Wall -fstack-usage -fcyclomatic-complexity -MMD -MP -MF"Drivers/STM32F7xx_HAL_Driver/Src/stm32f7xx_hal_cortex.d" -MT"Drivers/STM32F7xx_HAL_Driver/Src/stm32f7xx_hal_cortex.o" --specs=nano.specs -mfpu=fpv5-sp-d16 -mfloat-abi=hard -mthumb -o "Drivers/STM32F7xx_HAL_Driver/Src/stm32f7xx_hal_cortex.o"
arm-none-eabi-gcc "../Drivers/STM32F7xx_HAL_Driver/Src/stm32f7xx_hal_dma.c" -mcpu=cortex-m7 -std=gnu11 -g3 -DDEBUG -DUSE_HAL_DRIVER -DSTM32F746xx -c -I../Core/Inc -I../Drivers/STM32F7xx_HAL_Driver/Inc -I../Drivers/STM32F7xx_HAL_Driver/Inc/Legacy -I../Drivers/CMSIS/Device/ST/STM32F7xx/Include -I../Drivers/CMSIS/Include -O0 -ffunction-sections -fdata-sections -Wall -fstack-usage -fcyclomatic-complexity -MMD -MP -MF"Drivers/STM32F7xx_HAL_Driver/Src/stm32f7xx_hal_dma.d" -MT"Drivers/STM32F7xx_HAL_Driver/Src/stm32f7xx_hal_dma.o" --specs=nano.specs -mfpu=fpv5-sp-d16 -mfloat-abi=hard -mthumb -o "Drivers/STM32F7xx_HAL_Driver/Src/stm32f7xx_hal_dma.o"
arm-none-eabi-gcc "../Drivers/STM32F7xx_HAL_Driver/Src/stm32f7xx_hal_dma_ex.c" -mcpu=cortex-m7 -std=gnu11 -g3 -DDEBUG -DUSE_HAL_DRIVER -DSTM32F746xx -c -I../Core/Inc -I../Drivers/STM32F7xx_HAL_Driver/Inc -I../Drivers/STM32F7xx_HAL_Driver/Inc/Legacy -I../Drivers/CMSIS/Device/ST/STM32F7xx/Include -I../Drivers/CMSIS/Include -O0 -ffunction-sections -fdata-sections -Wall -fstack-usage -fcyclomatic-complexity -MMD -MP -MF"Drivers/STM32F7xx_HAL_Driver/Src/stm32f7xx_hal_dma_ex.d" -MT"Drivers/STM32F7xx_HAL_Driver/Src/stm32f7xx_hal_dma_ex.o" --specs=nano.specs -mfpu=fpv5-sp-d16 -mfloat-abi=hard -mthumb -o "Drivers/STM32F7xx_HAL_Driver/Src/stm32f7xx_hal_dma_ex.o"
arm-none-eabi-gcc "../Drivers/STM32F7xx_HAL_Driver/Src/stm32f7xx_hal_exti.c" -mcpu=cortex-m7 -std=gnu11 -g3 -DDEBUG -DUSE_HAL_DRIVER -DSTM32F746xx -c -I../Core/Inc -I../Drivers/STM32F7xx_HAL_Driver/Inc -I../Drivers/STM32F7xx_HAL_Driver/Inc/Legacy -I../Drivers/CMSIS/Device/ST/STM32F7xx/Include -I../Drivers/CMSIS/Include -O0 -ffunction-sections -fdata-sections -Wall -fstack-usage -fcyclomatic-complexity -MMD -MP -MF"Drivers/STM32F7xx_HAL_Driver/Src/stm32f7xx_hal_exti.d" -MT"Drivers/STM32F7xx_HAL_Driver/Src/stm32f7xx_hal_exti.o" --specs=nano.specs -mfpu=fpv5-sp-d16 -mfloat-abi=hard -mthumb -o "Drivers/STM32F7xx_HAL_Driver/Src/stm32f7xx_hal_exti.o"
arm-none-eabi-gcc "../Drivers/STM32F7xx_HAL_Driver/Src/stm32f7xx_hal_flash.c" -mcpu=cortex-m7 -std=gnu11 -g3 -DDEBUG -DUSE_HAL_DRIVER -DSTM32F746xx -c -I../Core/Inc -I../Drivers/STM32F7xx_HAL_Driver/Inc -I../Drivers/STM32F7xx_HAL_Driver/Inc/Legacy -I../Drivers/CMSIS/Device/ST/STM32F7xx/Include -I../Drivers/CMSIS/Include -O0 -ffunction-sections -fdata-sections -Wall -fstack-usage -fcyclomatic-complexity -MMD -MP -MF"Drivers/STM32F7xx_HAL_Driver/Src/stm32f7xx_hal_flash.d" -MT"Drivers/STM32F7xx_HAL_Driver/Src/stm32f7xx_hal_flash.o" --specs=nano.specs -mfpu=fpv5-sp-d16 -mfloat-abi=hard -mthumb -o "Drivers/STM32F7xx_HAL_Driver/Src/stm32f7xx_hal_flash.o"
arm-none-eabi-gcc "../Drivers/STM32F7xx_HAL_Driver/Src/stm32f7xx_hal_flash_ex.c" -mcpu=cortex-m7 -std=gnu11 -g3 -DDEBUG -DUSE_HAL_DRIVER -DSTM32F746xx -c -I../Core/Inc -I../Drivers/STM32F7xx_HAL_Driver/Inc -I../Drivers/STM32F7xx_HAL_Driver/Inc/Legacy -I../Drivers/CMSIS/Device/ST/STM32F7xx/Include -I../Drivers/CMSIS/Include -O0 -ffunction-sections -fdata-sections -Wall -fstack-usage -fcyclomatic-complexity -MMD -MP -MF"Drivers/STM32F7xx_HAL_Driver/Src/stm32f7xx_hal_flash_ex.d" -MT"Drivers/STM32F7xx_HAL_Driver/Src/stm32f7xx_hal_flash_ex.o" --specs=nano.specs -mfpu=fpv5-sp-d16 -mfloat-abi=hard -mthumb -o "Drivers/STM32F7xx_HAL_Driver/Src/stm32f7xx_hal_flash_ex.o"
arm-none-eabi-gcc "../Drivers/STM32F7xx_HAL_Driver/Src/stm32f7xx_hal_gpio.c" -mcpu=cortex-m7 -std=gnu11 -g3 -DDEBUG -DUSE_HAL_DRIVER -DSTM32F746xx -c -I../Core/Inc -I../Drivers/STM32F7xx_HAL_Driver/Inc -I../Drivers/STM32F7xx_HAL_Driver/Inc/Legacy -I../Drivers/CMSIS/Device/ST/STM32F7xx/Include -I../Drivers/CMSIS/Include -O0 -ffunction-sections -fdata-sections -Wall -fstack-usage -fcyclomatic-complexity -MMD -MP -MF"Drivers/STM32F7xx_HAL_Driver/Src/stm32f7xx_hal_gpio.d" -MT"Drivers/STM32F7xx_HAL_Driver/Src/stm32f7xx_hal_gpio.o" --specs=nano.specs -mfpu=fpv5-sp-d16 -mfloat-abi=hard -mthumb -o "Drivers/STM32F7xx_HAL_Driver/Src/stm32f7xx_hal_gpio.o"
arm-none-eabi-gcc "../Drivers/STM32F7xx_HAL_Driver/Src/stm32f7xx_hal_i2c.c" -mcpu=cortex-m7 -std=gnu11 -g3 -DDEBUG -DUSE_HAL_DRIVER -DSTM32F746xx -c -I../Core/Inc -I../Drivers/STM32F7xx_HAL_Driver/Inc -I../Drivers/STM32F7xx_HAL_Driver/Inc/Legacy -I../Drivers/CMSIS/Device/ST/STM32F7xx/Include -I../Drivers/CMSIS/Include -O0 -ffunction-sections -fdata-sections -Wall -fstack-usage -fcyclomatic-complexity -MMD -MP -MF"Drivers/STM32F7xx_HAL_Driver/Src/stm32f7xx_hal_i2c.d" -MT"Drivers/STM32F7xx_HAL_Driver/Src/stm32f7xx_hal_i2c.o" --specs=nano.specs -mfpu=fpv5-sp-d16 -mfloat-abi=hard -mthumb -o "Drivers/STM32F7xx_HAL_Driver/Src/stm32f7xx_hal_i2c.o"
arm-none-eabi-gcc "../Drivers/STM32F7xx_HAL_Driver/Src/stm32f7xx_hal_i2c_ex.c" -mcpu=cortex-m7 -std=gnu11 -g3 -DDEBUG -DUSE_HAL_DRIVER -DSTM32F746xx -c -I../Core/Inc -I../Drivers/STM32F7xx_HAL_Driver/Inc -I../Drivers/STM32F7xx_HAL_Driver/Inc/Legacy -I../Drivers/CMSIS/Device/ST/STM32F7xx/Include -I../Drivers/CMSIS/Include -O0 -ffunction-sections -fdata-sections -Wall -fstack-usage -fcyclomatic-complexity -MMD -MP -MF"Drivers/STM32F7xx_HAL_Driver/Src/stm32f7xx_hal_i2c_ex.d" -MT"Drivers/STM32F7xx_HAL_Driver/Src/stm32f7xx_hal_i2c_ex.o" --specs=nano.specs -mfpu=fpv5-sp-d16 -mfloat-abi=hard -mthumb -o "Drivers/STM32F7xx_HAL_Driver/Src/stm32f7xx_hal_i2c_ex.o"
arm-none-eabi-gcc "../Drivers/STM32F7xx_HAL_Driver/Src/stm32f7xx_hal_pwr.c" -mcpu=cortex-m7 -std=gnu11 -g3 -DDEBUG -DUSE_HAL_DRIVER -DSTM32F746xx -c -I../Core/Inc -I../Drivers/STM32F7xx_HAL_Driver/Inc -I../Drivers/STM32F7xx_HAL_Driver/Inc/Legacy -I../Drivers/CMSIS/Device/ST/STM32F7xx/Include -I../Drivers/CMSIS/Include -O0 -ffunction-sections -fdata-sections -Wall -fstack-usage -fcyclomatic-complexity -MMD -MP -MF"Drivers/STM32F7xx_HAL_Driver/Src/stm32f7xx_hal_pwr.d" -MT"Drivers/STM32F7xx_HAL_Driver/Src/stm32f7xx_hal_pwr.o" --specs=nano.specs -mfpu=fpv5-sp-d16 -mfloat-abi=hard -mthumb -o "Drivers/STM32F7xx_HAL_Driver/Src/stm32f7xx_hal_pwr.o"
arm-none-eabi-gcc "../Drivers/STM32F7xx_HAL_Driver/Src/stm32f7xx_hal_pwr_ex.c" -mcpu=cortex-m7 -std=gnu11 -g3 -DDEBUG -DUSE_HAL_DRIVER -DSTM32F746xx -c -I../Core/Inc -I../Drivers/STM32F7xx_HAL_Driver/Inc -I../Drivers/STM32F7xx_HAL_Driver/Inc/Legacy -I../Drivers/CMSIS/Device/ST/STM32F7xx/Include -I../Drivers/CMSIS/Include -O0 -ffunction-sections -fdata-sections -Wall -fstack-usage -fcyclomatic-complexity -MMD -MP -MF"Drivers/STM32F7xx_HAL_Driver/Src/stm32f7xx_hal_pwr_ex.d" -MT"Drivers/STM32F7xx_HAL_Driver/Src/stm32f7xx_hal_pwr_ex.o" --specs=nano.specs -mfpu=fpv5-sp-d16 -mfloat-abi=hard -mthumb -o "Drivers/STM32F7xx_HAL_Driver/Src/stm32f7xx_hal_pwr_ex.o"
arm-none-eabi-gcc "../Drivers/STM32F7xx_HAL_Driver/Src/stm32f7xx_hal_rcc.c" -mcpu=cortex-m7 -std=gnu11 -g3 -DDEBUG -DUSE_HAL_DRIVER -DSTM32F746xx -c -I../Core/Inc -I../Drivers/STM32F7xx_HAL_Driver/Inc -I../Drivers/STM32F7xx_HAL_Driver/Inc/Legacy -I../Drivers/CMSIS/Device/ST/STM32F7xx/Include -I../Drivers/CMSIS/Include -O0 -ffunction-sections -fdata-sections -Wall -fstack-usage -fcyclomatic-complexity -MMD -MP -MF"Drivers/STM32F7xx_HAL_Driver/Src/stm32f7xx_hal_rcc.d" -MT"Drivers/STM32F7xx_HAL_Driver/Src/stm32f7xx_hal_rcc.o" --specs=nano.specs -mfpu=fpv5-sp-d16 -mfloat-abi=hard -mthumb -o "Drivers/STM32F7xx_HAL_Driver/Src/stm32f7xx_hal_rcc.o"
[...]
make -j12 all 
arm-none-eabi-size  i2c_both_ram.elf 
   text	   data	    bss	    dec	    hex	filename
  11728	     24	   1680	  13432	   3478	i2c_both_ram.elf
Finished building: default.size.stdout
 
08:37:48 **** Incremental Build of configuration Debug for project i2c_both_ram ****
make -j12 all 
arm-none-eabi-size  i2c_both_ram.elf 
   text	   data	    bss	    dec	    hex	filename
  11728	     24	   1680	  13432	   3478	i2c_both_ram.elf
Finished building: default.size.stdout
 
10:21:31 **** Incremental Build of configuration Debug for project i2c_applicationram ****
make -j12 all 
arm-none-eabi-size  i2c_applicationram.elf 
   text	   data	    bss	    dec	    hex	filename
  11800	     28	   1668	  13496	   34b8	i2c_applicationram.elf
Finished building: default.size.stdout
 
10:21:46 **** Incremental Build of configuration Debug for project I2C_test2 ****
make -j12 all 
arm-none-eabi-gcc "../Core/Src/main.c" -mcpu=cortex-m7 -std=gnu11 -g3 -DDEBUG -DUSE_HAL_DRIVER -DSTM32F746xx -c -I../Core/Inc -I../Drivers/STM32F7xx_HAL_Driver/Inc -I../Drivers/STM32F7xx_HAL_Driver/Inc/Legacy -I../Drivers/CMSIS/Device/ST/STM32F7xx/Include -I../Drivers/CMSIS/Include -O0 -ffunction-sections -fdata-sections -Wall -fstack-usage -fcyclomatic-complexity -MMD -MP -MF"Core/Src/main.d" -MT"Core/Src/main.o" --specs=nano.specs -mfpu=fpv5-sp-d16 -mfloat-abi=hard -mthumb -o "Core/Src/main.o"
arm-none-eabi-gcc -o "I2C_test2.elf" @"objects.list"   -mcpu=cortex-m7 -T"/home/invadl0640/Desktop/STM32 Codes/I2C_test2/STM32F746NGHX_FLASH.ld" --specs=nosys.specs -Wl,-Map="I2C_test2.map" -Wl,--gc-sections -static --specs=nano.specs -mfpu=fpv5-sp-d16 -mfloat-abi=hard -mthumb -Wl,--start-group -lc -lm -Wl,--end-group
Finished building target: I2C_test2.elf
 
arm-none-eabi-size  I2C_test2.elf 
arm-none-eabi-objdump -h -S I2C_test2.elf  > "I2C_test2.list"
   text	   data	    bss	    dec	    hex	filename
  11652	     20	   1660	  13332	   3414	I2C_test2.elf
Finished building: default.size.stdout
 
Finished building: I2C_test2.list
 
10:26:02 **** Incremental Build of configuration Debug for project i2c_both_ram ****
make -j12 all 
arm-none-eabi-gcc "../Core/Src/main.c" -mcpu=cortex-m7 -std=gnu11 -g3 -DDEBUG -DUSE_HAL_DRIVER -DSTM32F746xx -c -I../Core/Inc -I../Drivers/STM32F7xx_HAL_Driver/Inc -I../Drivers/STM32F7xx_HAL_Driver/Inc/Legacy -I../Drivers/CMSIS/Device/ST/STM32F7xx/Include -I../Drivers/CMSIS/Include -O0 -ffunction-sections -fdata-sections -Wall -fstack-usage -fcyclomatic-complexity -MMD -MP -MF"Core/Src/main.d" -MT"Core/Src/main.o" --specs=nano.specs -mfpu=fpv5-sp-d16 -mfloat-abi=hard -mthumb -o "Core/Src/main.o"
arm-none-eabi-gcc -o "i2c_both_ram.elf" @"objects.list"   -mcpu=cortex-m7 -T"/home/invadl0640/Desktop/STM32 Codes/i2c_both_ram/STM32F746NGHX_FLASH.ld" --specs=nosys.specs -Wl,-Map="i2c_both_ram.map" -Wl,--gc-sections -static --specs=nano.specs -mfpu=fpv5-sp-d16 -mfloat-abi=hard -mthumb -Wl,--start-group -lc -lm -Wl,--end-group
Finished building target: i2c_both_ram.elf
 
arm-none-eabi-size  i2c_both_ram.elf 
arm-none-eabi-objdump -h -S i2c_both_ram.elf  > "i2c_both_ram.list"
   text	   data	    bss	    dec	    hex	filename
  11728	     24	   1680	  13432	   3478	i2c_both_ram.elf
Finished building: default.size.stdout
 
Finished building: i2c_both_ram.list
 
10:26:18 **** Incremental Build of configuration Debug for project I2C_test2 ****
make -j12 all 
arm-none-eabi-size  I2C_test2.elf 
   text	   data	    bss	    dec	    hex	filename
  11652	     20	   1660	  13332	   3414	I2C_test2.elf
Finished building: default.size.stdout
 
10:27:17 **** Incremental Build of configuration Debug for project I2C_test2 ****
make -j12 all 
arm-none-eabi-size  I2C_test2.elf 
   text	   data	    bss	    dec	    hex	filename
  11652	     20	   1660	  13332	   3414	I2C_test2.elf
Finished building: default.size.stdout
 
10:29:29 **** Incremental Build of configuration Debug for project I2C_test2 ****
make -j12 all 
arm-none-eabi-size  I2C_test2.elf 
   text	   data	    bss	    dec	    hex	filename
  11652	     20	   1660	  13332	   3414	I2C_test2.elf
Finished building: default.size.stdout
 
10:31:42 **** Incremental Build of configuration Debug for project i2c_both_ram ****
make -j12 all 
arm-none-eabi-gcc "../Drivers/STM32F7xx_HAL_Driver/Src/stm32f7xx_hal.c" -mcpu=cortex-m7 -std=gnu11 -g3 -DDEBUG -DUSE_HAL_DRIVER -DSTM32F746xx -c -I../Core/Inc -I../Drivers/STM32F7xx_HAL_Driver/Inc -I../Drivers/STM32F7xx_HAL_Driver/Inc/Legacy -I../Drivers/CMSIS/Device/ST/STM32F7xx/Include -I../Drivers/CMSIS/Include -O0 -ffunction-sections -fdata-sections -Wall -fstack-usage -fcyclomatic-complexity -MMD -MP -MF"Drivers/STM32F7xx_HAL_Driver/Src/stm32f7xx_hal.d" -MT"Drivers/STM32F7xx_HAL_Driver/Src/stm32f7xx_hal.o" --specs=nano.specs -mfpu=fpv5-sp-d16 -mfloat-abi=hard -mthumb -o "Drivers/STM32F7xx_HAL_Driver/Src/stm32f7xx_hal.o"
arm-none-eabi-gcc "../Drivers/STM32F7xx_HAL_Driver/Src/stm32f7xx_hal_cortex.c" -mcpu=cortex-m7 -std=gnu11 -g3 -DDEBUG -DUSE_HAL_DRIVER -DSTM32F746xx -c -I../Core/Inc -I../Drivers/STM32F7xx_HAL_Driver/Inc -I../Drivers/STM32F7xx_HAL_Driver/Inc/Legacy -I../Drivers/CMSIS/Device/ST/STM32F7xx/Include -I../Drivers/CMSIS/Include -O0 -ffunction-sections -fdata-sections -Wall -fstack-usage -fcyclomatic-complexity -MMD -MP -MF"Drivers/STM32F7xx_HAL_Driver/Src/stm32f7xx_hal_cortex.d" -MT"Drivers/STM32F7xx_HAL_Driver/Src/stm32f7xx_hal_cortex.o" --specs=nano.specs -mfpu=fpv5-sp-d16 -mfloat-abi=hard -mthumb -o "Drivers/STM32F7xx_HAL_Driver/Src/stm32f7xx_hal_cortex.o"
arm-none-eabi-gcc "../Drivers/STM32F7xx_HAL_Driver/Src/stm32f7xx_hal_dma.c" -mcpu=cortex-m7 -std=gnu11 -g3 -DDEBUG -DUSE_HAL_DRIVER -DSTM32F746xx -c -I../Core/Inc -I../Drivers/STM32F7xx_HAL_Driver/Inc -I../Drivers/STM32F7xx_HAL_Driver/Inc/Legacy -I../Drivers/CMSIS/Device/ST/STM32F7xx/Include -I../Drivers/CMSIS/Include -O0 -ffunction-sections -fdata-sections -Wall -fstack-usage -fcyclomatic-complexity -MMD -MP -MF"Drivers/STM32F7xx_HAL_Driver/Src/stm32f7xx_hal_dma.d" -MT"Drivers/STM32F7xx_HAL_Driver/Src/stm32f7xx_hal_dma.o" --specs=nano.specs -mfpu=fpv5-sp-d16 -mfloat-abi=hard -mthumb -o "Drivers/STM32F7xx_HAL_Driver/Src/stm32f7xx_hal_dma.o"
arm-none-eabi-gcc "../Drivers/STM32F7xx_HAL_Driver/Src/stm32f7xx_hal_dma_ex.c" -mcpu=cortex-m7 -std=gnu11 -g3 -DDEBUG -DUSE_HAL_DRIVER -DSTM32F746xx -c -I../Core/Inc -I../Drivers/STM32F7xx_HAL_Driver/Inc -I../Drivers/STM32F7xx_HAL_Driver/Inc/Legacy -I../Drivers/CMSIS/Device/ST/STM32F7xx/Include -I../Drivers/CMSIS/Include -O0 -ffunction-sections -fdata-sections -Wall -fstack-usage -fcyclomatic-complexity -MMD -MP -MF"Drivers/STM32F7xx_HAL_Driver/Src/stm32f7xx_hal_dma_ex.d" -MT"Drivers/STM32F7xx_HAL_Driver/Src/stm32f7xx_hal_dma_ex.o" --specs=nano.specs -mfpu=fpv5-sp-d16 -mfloat-abi=hard -mthumb -o "Drivers/STM32F7xx_HAL_Driver/Src/stm32f7xx_hal_dma_ex.o"
arm-none-eabi-gcc "../Drivers/STM32F7xx_HAL_Driver/Src/stm32f7xx_hal_exti.c" -mcpu=cortex-m7 -std=gnu11 -g3 -DDEBUG -DUSE_HAL_DRIVER -DSTM32F746xx -c -I../Core/Inc -I../Drivers/STM32F7xx_HAL_Driver/Inc -I../Drivers/STM32F7xx_HAL_Driver/Inc/Legacy -I../Drivers/CMSIS/Device/ST/STM32F7xx/Include -I../Drivers/CMSIS/Include -O0 -ffunction-sections -fdata-sections -Wall -fstack-usage -fcyclomatic-complexity -MMD -MP -MF"Drivers/STM32F7xx_HAL_Driver/Src/stm32f7xx_hal_exti.d" -MT"Drivers/STM32F7xx_HAL_Driver/Src/stm32f7xx_hal_exti.o" --specs=nano.specs -mfpu=fpv5-sp-d16 -mfloat-abi=hard -mthumb -o "Drivers/STM32F7xx_HAL_Driver/Src/stm32f7xx_hal_exti.o"
arm-none-eabi-gcc "../Drivers/STM32F7xx_HAL_Driver/Src/stm32f7xx_hal_flash.c" -mcpu=cortex-m7 -std=gnu11 -g3 -DDEBUG -DUSE_HAL_DRIVER -DSTM32F746xx -c -I../Core/Inc -I../Drivers/STM32F7xx_HAL_Driver/Inc -I../Drivers/STM32F7xx_HAL_Driver/Inc/Legacy -I../Drivers/CMSIS/Device/ST/STM32F7xx/Include -I../Drivers/CMSIS/Include -O0 -ffunction-sections -fdata-sections -Wall -fstack-usage -fcyclomatic-complexity -MMD -MP -MF"Drivers/STM32F7xx_HAL_Driver/Src/stm32f7xx_hal_flash.d" -MT"Drivers/STM32F7xx_HAL_Driver/Src/stm32f7xx_hal_flash.o" --specs=nano.specs -mfpu=fpv5-sp-d16 -mfloat-abi=hard -mthumb -o "Drivers/STM32F7xx_HAL_Driver/Src/stm32f7xx_hal_flash.o"
arm-none-eabi-gcc "../Drivers/STM32F7xx_HAL_Driver/Src/stm32f7xx_hal_flash_ex.c" -mcpu=cortex-m7 -std=gnu11 -g3 -DDEBUG -DUSE_HAL_DRIVER -DSTM32F746xx -c -I../Core/Inc -I../Drivers/STM32F7xx_HAL_Driver/Inc -I../Drivers/STM32F7xx_HAL_Driver/Inc/Legacy -I../Drivers/CMSIS/Device/ST/STM32F7xx/Include -I../Drivers/CMSIS/Include -O0 -ffunction-sections -fdata-sections -Wall -fstack-usage -fcyclomatic-complexity -MMD -MP -MF"Drivers/STM32F7xx_HAL_Driver/Src/stm32f7xx_hal_flash_ex.d" -MT"Drivers/STM32F7xx_HAL_Driver/Src/stm32f7xx_hal_flash_ex.o" --specs=nano.specs -mfpu=fpv5-sp-d16 -mfloat-abi=hard -mthumb -o "Drivers/STM32F7xx_HAL_Driver/Src/stm32f7xx_hal_flash_ex.o"
arm-none-eabi-gcc "../Drivers/STM32F7xx_HAL_Driver/Src/stm32f7xx_hal_gpio.c" -mcpu=cortex-m7 -std=gnu11 -g3 -DDEBUG -DUSE_HAL_DRIVER -DSTM32F746xx -c -I../Core/Inc -I../Drivers/STM32F7xx_HAL_Driver/Inc -I../Drivers/STM32F7xx_HAL_Driver/Inc/Legacy -I../Drivers/CMSIS/Device/ST/STM32F7xx/Include -I../Drivers/CMSIS/Include -O0 -ffunction-sections -fdata-sections -Wall -fstack-usage -fcyclomatic-complexity -MMD -MP -MF"Drivers/STM32F7xx_HAL_Driver/Src/stm32f7xx_hal_gpio.d" -MT"Drivers/STM32F7xx_HAL_Driver/Src/stm32f7xx_hal_gpio.o" --specs=nano.specs -mfpu=fpv5-sp-d16 -mfloat-abi=hard -mthumb -o "Drivers/STM32F7xx_HAL_Driver/Src/stm32f7xx_hal_gpio.o"
arm-none-eabi-gcc "../Drivers/STM32F7xx_HAL_Driver/Src/stm32f7xx_hal_i2c.c" -mcpu=cortex-m7 -std=gnu11 -g3 -DDEBUG -DUSE_HAL_DRIVER -DSTM32F746xx -c -I../Core/Inc -I../Drivers/STM32F7xx_HAL_Driver/Inc -I../Drivers/STM32F7xx_HAL_Driver/Inc/Legacy -I../Drivers/CMSIS/Device/ST/STM32F7xx/Include -I../Drivers/CMSIS/Include -O0 -ffunction-sections -fdata-sections -Wall -fstack-usage -fcyclomatic-complexity -MMD -MP -MF"Drivers/STM32F7xx_HAL_Driver/Src/stm32f7xx_hal_i2c.d" -MT"Drivers/STM32F7xx_HAL_Driver/Src/stm32f7xx_hal_i2c.o" --specs=nano.specs -mfpu=fpv5-sp-d16 -mfloat-abi=hard -mthumb -o "Drivers/STM32F7xx_HAL_Driver/Src/stm32f7xx_hal_i2c.o"
arm-none-eabi-gcc "../Drivers/STM32F7xx_HAL_Driver/Src/stm32f7xx_hal_i2c_ex.c" -mcpu=cortex-m7 -std=gnu11 -g3 -DDEBUG -DUSE_HAL_DRIVER -DSTM32F746xx -c -I../Core/Inc -I../Drivers/STM32F7xx_HAL_Driver/Inc -I../Drivers/STM32F7xx_HAL_Driver/Inc/Legacy -I../Drivers/CMSIS/Device/ST/STM32F7xx/Include -I../Drivers/CMSIS/Include -O0 -ffunction-sections -fdata-sections -Wall -fstack-usage -fcyclomatic-complexity -MMD -MP -MF"Drivers/STM32F7xx_HAL_Driver/Src/stm32f7xx_hal_i2c_ex.d" -MT"Drivers/STM32F7xx_HAL_Driver/Src/stm32f7xx_hal_i2c_ex.o" --specs=nano.specs -mfpu=fpv5-sp-d16 -mfloat-abi=hard -mthumb -o "Drivers/STM32F7xx_HAL_Driver/Src/stm32f7xx_hal_i2c_ex.o"
arm-none-eabi-gcc "../Drivers/STM32F7xx_HAL_Driver/Src/stm32f7xx_hal_pwr.c" -mcpu=cortex-m7 -std=gnu11 -g3 -DDEBUG -DUSE_HAL_DRIVER -DSTM32F746xx -c -I../Core/Inc -I../Drivers/STM32F7xx_HAL_Driver/Inc -I../Drivers/STM32F7xx_HAL_Driver/Inc/Legacy -I../Drivers/CMSIS/Device/ST/STM32F7xx/Include -I../Drivers/CMSIS/Include -O0 -ffunction-sections -fdata-sections -Wall -fstack-usage -fcyclomatic-complexity -MMD -MP -MF"Drivers/STM32F7xx_HAL_Driver/Src/stm32f7xx_hal_pwr.d" -MT"Drivers/STM32F7xx_HAL_Driver/Src/stm32f7xx_hal_pwr.o" --specs=nano.specs -mfpu=fpv5-sp-d16 -mfloat-abi=hard -mthumb -o "Drivers/STM32F7xx_HAL_Driver/Src/stm32f7xx_hal_pwr.o"
arm-none-eabi-gcc "../Drivers/STM32F7xx_HAL_Driver/Src/stm32f7xx_hal_pwr_ex.c" -mcpu=cortex-m7 -std=gnu11 -g3 -DDEBUG -DUSE_HAL_DRIVER -DSTM32F746xx -c -I../Core/Inc -I../Drivers/STM32F7xx_HAL_Driver/Inc -I../Drivers/STM32F7xx_HAL_Driver/Inc/Legacy -I../Drivers/CMSIS/Device/ST/STM32F7xx/Include -I../Drivers/CMSIS/Include -O0 -ffunction-sections -fdata-sections -Wall -fstack-usage -fcyclomatic-complexity -MMD -MP -MF"Drivers/STM32F7xx_HAL_Driver/Src/stm32f7xx_hal_pwr_ex.d" -MT"Drivers/STM32F7xx_HAL_Driver/Src/stm32f7xx_hal_pwr_ex.o" --specs=nano.specs -mfpu=fpv5-sp-d16 -mfloat-abi=hard -mthumb -o "Drivers/STM32F7xx_HAL_Driver/Src/stm32f7xx_hal_pwr_ex.o"
arm-none-eabi-gcc "../Drivers/STM32F7xx_HAL_Driver/Src/stm32f7xx_hal_rcc.c" -mcpu=cortex-m7 -std=gnu11 -g3 -DDEBUG -DUSE_HAL_DRIVER -DSTM32F746xx -c -I../Core/Inc -I../Drivers/STM32F7xx_HAL_Driver/Inc -I../Drivers/STM32F7xx_HAL_Driver/Inc/Legacy -I../Drivers/CMSIS/Device/ST/STM32F7xx/Include -I../Drivers/CMSIS/Include -O0 -ffunction-sections -fdata-sections -Wall -fstack-usage -fcyclomatic-complexity -MMD -MP -MF"Drivers/STM32F7xx_HAL_Driver/Src/stm32f7xx_hal_rcc.d" -MT"Drivers/STM32F7xx_HAL_Driver/Src/stm32f7xx_hal_rcc.o" --specs=nano.specs -mfpu=fpv5-sp-d16 -mfloat-abi=hard -mthumb -o "Drivers/STM32F7xx_HAL_Driver/Src/stm32f7xx_hal_rcc.o"
arm-none-eabi-gcc "../Drivers/STM32F7xx_HAL_Driver/Src/stm32f7xx_hal_rcc_ex.c" -mcpu=cortex-m7 -std=gnu11 -g3 -DDEBUG -DUSE_HAL_DRIVER -DSTM32F746xx -c -I../Core/Inc -I../Drivers/STM32F7xx_HAL_Driver/Inc -I../Drivers/STM32F7xx_HAL_Driver/Inc/Legacy -I../Drivers/CMSIS/Device/ST/STM32F7xx/Include -I../Drivers/CMSIS/Include -O0 -ffunction-sections -fdata-sections -Wall -fstack-usage -fcyclomatic-complexity -MMD -MP -MF"Drivers/STM32F7xx_HAL_Driver/Src/stm32f7xx_hal_rcc_ex.d" -MT"Drivers/STM32F7xx_HAL_Driver/Src/stm32f7xx_hal_rcc_ex.o" --specs=nano.specs -mfpu=fpv5-sp-d16 -mfloat-abi=hard -mthumb -o "Drivers/STM32F7xx_HAL_Driver/Src/stm32f7xx_hal_rcc_ex.o"
arm-none-eabi-gcc "../Core/Src/main.c" -mcpu=cortex-m7 -std=gnu11 -g3 -DDEBUG -DUSE_HAL_DRIVER -DSTM32F746xx -c -I../Core/Inc -I../Drivers/STM32F7xx_HAL_Driver/Inc -I../Drivers/STM32F7xx_HAL_Driver/Inc/Legacy -I../Drivers/CMSIS/Device/ST/STM32F7xx/Include -I../Drivers/CMSIS/Include -O0 -ffunction-sections -fdata-sections -Wall -fstack-usage -fcyclomatic-complexity -MMD -MP -MF"Core/Src/main.d" -MT"Core/Src/main.o" --specs=nano.specs -mfpu=fpv5-sp-d16 -mfloat-abi=hard -mthumb -o "Core/Src/main.o"
arm-none-eabi-gcc "../Core/Src/stm32f7xx_hal_msp.c" -mcpu=cortex-m7 -std=gnu11 -g3 -DDEBUG -DUSE_HAL_DRIVER -DSTM32F746xx -c -I../Core/Inc -I../Drivers/STM32F7xx_HAL_Driver/Inc -I../Drivers/STM32F7xx_HAL_Driver/Inc/Legacy -I../Drivers/CMSIS/Device/ST/STM32F7xx/Include -I../Drivers/CMSIS/Include -O0 -ffunction-sections -fdata-sections -Wall -fstack-usage -fcyclomatic-complexity -MMD -MP -MF"Core/Src/stm32f7xx_hal_msp.d" -MT"Core/Src/stm32f7xx_hal_msp.o" --specs=nano.specs -mfpu=fpv5-sp-d16 -mfloat-abi=hard -mthumb -o "Core/Src/stm32f7xx_hal_msp.o"
arm-none-eabi-gcc "../Core/Src/stm32f7xx_it.c" -mcpu=cortex-m7 -std=gnu11 -g3 -DDEBUG -DUSE_HAL_DRIVER -DSTM32F746xx -c -I../Core/Inc -I../Drivers/STM32F7xx_HAL_Driver/Inc -I../Drivers/STM32F7xx_HAL_Driver/Inc/Legacy -I../Drivers/CMSIS/Device/ST/STM32F7xx/Include -I../Drivers/CMSIS/Include -O0 -ffunction-sections -fdata-sections -Wall -fstack-usage -fcyclomatic-complexity -MMD -MP -MF"Core/Src/stm32f7xx_it.d" -MT"Core/Src/stm32f7xx_it.o" --specs=nano.specs -mfpu=fpv5-sp-d16 -mfloat-abi=hard -mthumb -o "Core/Src/stm32f7xx_it.o"
arm-none-eabi-gcc "../Core/Src/system_stm32f7xx.c" -mcpu=cortex-m7 -std=gnu11 -g3 -DDEBUG -DUSE_HAL_DRIVER -DSTM32F746xx -c -I../Core/Inc -I../Drivers/STM32F7xx_HAL_Driver/Inc -I../Drivers/STM32F7xx_HAL_Driver/Inc/Legacy -I../Drivers/CMSIS/Device/ST/STM32F7xx/Include -I../Drivers/CMSIS/Include -O0 -ffunction-sections -fdata-sections -Wall -fstack-usage -fcyclomatic-complexity -MMD -MP -MF"Core/Src/system_stm32f7xx.d" -MT"Core/Src/system_stm32f7xx.o" --specs=nano.specs -mfpu=fpv5-sp-d16 -mfloat-abi=hard -mthumb -o "Core/Src/system_stm32f7xx.o"
../Core/Src/main.c: In function 'main':
../Core/Src/main.c:147:15: warning: implicit declaration of function 'memcmp' [-Wimplicit-function-declaration]
  147 |           if (memcmp(writeData, readData, sizeof(writeData)) == 0)
      |               ^~~~~~
../Core/Src/main.c:21:1: note: include '<string.h>' or provide a declaration of 'memcmp'
   20 | #include "main.h"
  +++ |+#include <string.h>
   21 | 
arm-none-eabi-gcc -o "i2c_both_ram.elf" @"objects.list"   -mcpu=cortex-m7 -T"/home/invadl0640/Desktop/STM32 Codes/i2c_both_ram/STM32F746NGHX_FLASH.ld" --specs=nosys.specs -Wl,-Map="i2c_both_ram.map" -Wl,--gc-sections -static --specs=nano.specs -mfpu=fpv5-sp-d16 -mfloat-abi=hard -mthumb -Wl,--start-group -lc -lm -Wl,--end-group
Finished building target: i2c_both_ram.elf
 
arm-none-eabi-size  i2c_both_ram.elf 
arm-none-eabi-objdump -h -S i2c_both_ram.elf  > "i2c_both_ram.list"
   text	   data	    bss	    dec	    hex	filename
  11900	     24	   1680	  13604	   3524	i2c_both_ram.elf
Finished building: default.size.stdout
 
Finished building: i2c_both_ram.list
 
10:32:01 **** Incremental Build of configuration Debug for project i2c_both_ram ****
make -j12 all 
arm-none-eabi-size  i2c_both_ram.elf 
   text	   data	    bss	    dec	    hex	filename
  11900	     24	   1680	  13604	   3524	i2c_both_ram.elf
Finished building: default.size.stdout
 
10:32:15 **** Incremental Build of configuration Debug for project I2C_test2 ****
make -j12 all 
arm-none-eabi-size  I2C_test2.elf 
   text	   data	    bss	    dec	    hex	filename
  11652	     20	   1660	  13332	   3414	I2C_test2.elf
Finished building: default.size.stdout
 
10:32:45 **** Incremental Build of configuration Debug for project I2C_test2 ****
make -j12 all 
arm-none-eabi-size  I2C_test2.elf 
   text	   data	    bss	    dec	    hex	filename
  11652	     20	   1660	  13332	   3414	I2C_test2.elf
Finished building: default.size.stdout
 
10:41:46 **** Build of configuration Debug for project i2c_both_ram ****
make -j12 all 
arm-none-eabi-size  i2c_both_ram.elf 
   text	   data	    bss	    dec	    hex	filename
  11900	     24	   1680	  13604	   3524	i2c_both_ram.elf
Finished building: default.size.stdout
 
10:43:13 **** Incremental Build of configuration Debug for project i2c_both_ram ****
make -j12 all 
arm-none-eabi-size  i2c_both_ram.elf 
   text	   data	    bss	    dec	    hex	filename
  11900	     24	   1680	  13604	   3524	i2c_both_ram.elf
Finished building: default.size.stdout
 
10:48:00 **** Incremental Build of configuration Debug for project i2c_both_ram ****
make -j12 all 
arm-none-eabi-gcc "../Core/Src/main.c" -mcpu=cortex-m7 -std=gnu11 -g3 -DDEBUG -DUSE_HAL_DRIVER -DSTM32F746xx -c -I../Core/Inc -I../Drivers/STM32F7xx_HAL_Driver/Inc -I../Drivers/STM32F7xx_HAL_Driver/Inc/Legacy -I../Drivers/CMSIS/Device/ST/STM32F7xx/Include -I../Drivers/CMSIS/Include -O0 -ffunction-sections -fdata-sections -Wall -fstack-usage -fcyclomatic-complexity -MMD -MP -MF"Core/Src/main.d" -MT"Core/Src/main.o" --specs=nano.specs -mfpu=fpv5-sp-d16 -mfloat-abi=hard -mthumb -o "Core/Src/main.o"
../Core/Src/main.c: In function 'main':
../Core/Src/main.c:147:15: warning: implicit declaration of function 'memcmp' [-Wimplicit-function-declaration]
  147 |           if (memcmp(writeData, readData, sizeof(writeData)) == 0)
      |               ^~~~~~
../Core/Src/main.c:21:1: note: include '<string.h>' or provide a declaration of 'memcmp'
   20 | #include "main.h"
  +++ |+#include <string.h>
   21 | 
arm-none-eabi-gcc -o "i2c_both_ram.elf" @"objects.list"   -mcpu=cortex-m7 -T"/home/invadl0640/Desktop/STM32 Codes/i2c_both_ram/STM32F746NGHX_FLASH.ld" --specs=nosys.specs -Wl,-Map="i2c_both_ram.map" -Wl,--gc-sections -static --specs=nano.specs -mfpu=fpv5-sp-d16 -mfloat-abi=hard -mthumb -Wl,--start-group -lc -lm -Wl,--end-group
Finished building target: i2c_both_ram.elf
 
arm-none-eabi-size  i2c_both_ram.elf 
arm-none-eabi-objdump -h -S i2c_both_ram.elf  > "i2c_both_ram.list"
   text	   data	    bss	    dec	    hex	filename
  11908	     24	   1680	  13612	   352c	i2c_both_ram.elf
Finished building: default.size.stdout
 
Finished building: i2c_both_ram.list
 
10:48:05 **** Incremental Build of configuration Debug for project i2c_both_ram ****
make -j12 all 
arm-none-eabi-size  i2c_both_ram.elf 
   text	   data	    bss	    dec	    hex	filename
  11908	     24	   1680	  13612	   352c	i2c_both_ram.elf
Finished building: default.size.stdout
 
