15:53:25 **** Incremental Build of configuration Debug for project pushbutton_softwareinterrupt_baremetal ****
make -j12 all 
arm-none-eabi-size  pushbutton_softwareinterrupt_baremetal.elf 
   text	   data	    bss	    dec	    hex	filename
   1372	      4	   1572	   2948	    b84	pushbutton_softwareinterrupt_baremetal.elf
Finished building: default.size.stdout
 
15:53:34 **** Incremental Build of configuration Debug for project timer_5s_HAL ****
make -j12 all 
arm-none-eabi-gcc -o "timer_5s_HAL.elf" @"objects.list"   -mcpu=cortex-m7 -T"/home/invadl0640/Desktop/STM32 Codes/timer_5s_HAL/STM32F746NGHX_FLASH.ld" --specs=nosys.specs -Wl,-Map="timer_5s_HAL.map" -Wl,--gc-sections -static --specs=nano.specs -mfpu=fpv5-sp-d16 -mfloat-abi=hard -mthumb -Wl,--start-group -lc -lm -Wl,--end-group
/opt/st/stm32cubeide_1.18.1/plugins/com.st.stm32cube.ide.mcu.externaltools.gnu-tools-for-stm32.13.3.rel1.linux64_1.0.0.202410170706/tools/bin/../lib/gcc/arm-none-eabi/13.3.1/../../../../arm-none-eabi/bin/ld: ./Core/Src/main.o: in function `main':
/home/invadl0640/Desktop/STM32 Codes/timer_5s_HAL/Debug/../Core/Src/main.c:123:(.text.main+0x26): undefined reference to `HAL_TIM_Base_Start'
/opt/st/stm32cubeide_1.18.1/plugins/com.st.stm32cube.ide.mcu.externaltools.gnu-tools-for-stm32.13.3.rel1.linux64_1.0.0.202410170706/tools/bin/../lib/gcc/arm-none-eabi/13.3.1/../../../../arm-none-eabi/bin/ld: /home/invadl0640/Desktop/STM32 Codes/timer_5s_HAL/Debug/../Core/Src/main.c:126:(.text.main+0x46): undefined reference to `HAL_TIM_Base_Stop'
/opt/st/stm32cubeide_1.18.1/plugins/com.st.stm32cube.ide.mcu.externaltools.gnu-tools-for-stm32.13.3.rel1.linux64_1.0.0.202410170706/tools/bin/../lib/gcc/arm-none-eabi/13.3.1/../../../../arm-none-eabi/bin/ld: ./Core/Src/main.o: in function `MX_TIM6_Init':
/home/invadl0640/Desktop/STM32 Codes/timer_5s_HAL/Debug/../Core/Src/main.c:215:(.text.MX_TIM6_Init+0x34): undefined reference to `HAL_TIM_Base_Init'
/opt/st/stm32cubeide_1.18.1/plugins/com.st.stm32cube.ide.mcu.externaltools.gnu-tools-for-stm32.13.3.rel1.linux64_1.0.0.202410170706/tools/bin/../lib/gcc/arm-none-eabi/13.3.1/../../../../arm-none-eabi/bin/ld: /home/invadl0640/Desktop/STM32 Codes/timer_5s_HAL/Debug/../Core/Src/main.c:221:(.text.MX_TIM6_Init+0x50): undefined reference to `HAL_TIMEx_MasterConfigSynchronization'
collect2: error: ld returned 1 exit status
make: *** [makefile:64: timer_5s_HAL.elf] Error 1
"make -j12 all" terminated with exit code 2. Build might be incomplete.
15:54:34 **** Incremental Build of configuration Debug for project timer_generalpurpose ****
make -j12 all 
arm-none-eabi-gcc "../Core/Src/main.c" -mcpu=cortex-m7 -std=gnu11 -g3 -DDEBUG -DUSE_HAL_DRIVER -DSTM32F746xx -c -I../Core/Inc -I../Drivers/STM32F7xx_HAL_Driver/Inc -I../Drivers/STM32F7xx_HAL_Driver/Inc/Legacy -I../Drivers/CMSIS/Device/ST/STM32F7xx/Include -I../Drivers/CMSIS/Include -O0 -ffunction-sections -fdata-sections -Wall -fstack-usage -fcyclomatic-complexity -MMD -MP -MF"Core/Src/main.d" -MT"Core/Src/main.o" --specs=nano.specs -mfpu=fpv5-sp-d16 -mfloat-abi=hard -mthumb -o "Core/Src/main.o"
arm-none-eabi-gcc "../Core/Src/sysmem.c" -mcpu=cortex-m7 -std=gnu11 -g3 -DDEBUG -DUSE_HAL_DRIVER -DSTM32F746xx -c -I../Core/Inc -I../Drivers/STM32F7xx_HAL_Driver/Inc -I../Drivers/STM32F7xx_HAL_Driver/Inc/Legacy -I../Drivers/CMSIS/Device/ST/STM32F7xx/Include -I../Drivers/CMSIS/Include -O0 -ffunction-sections -fdata-sections -Wall -fstack-usage -fcyclomatic-complexity -MMD -MP -MF"Core/Src/sysmem.d" -MT"Core/Src/sysmem.o" --specs=nano.specs -mfpu=fpv5-sp-d16 -mfloat-abi=hard -mthumb -o "Core/Src/sysmem.o"
arm-none-eabi-gcc "../Core/Src/system_stm32f7xx.c" -mcpu=cortex-m7 -std=gnu11 -g3 -DDEBUG -DUSE_HAL_DRIVER -DSTM32F746xx -c -I../Core/Inc -I../Drivers/STM32F7xx_HAL_Driver/Inc -I../Drivers/STM32F7xx_HAL_Driver/Inc/Legacy -I../Drivers/CMSIS/Device/ST/STM32F7xx/Include -I../Drivers/CMSIS/Include -O0 -ffunction-sections -fdata-sections -Wall -fstack-usage -fcyclomatic-complexity -MMD -MP -MF"Core/Src/system_stm32f7xx.d" -MT"Core/Src/system_stm32f7xx.o" --specs=nano.specs -mfpu=fpv5-sp-d16 -mfloat-abi=hard -mthumb -o "Core/Src/system_stm32f7xx.o"
arm-none-eabi-gcc -o "timer_generalpurpose.elf" @"objects.list"   -mcpu=cortex-m7 -T"/home/invadl0640/Desktop/STM32 Codes/timer_generalpurpose/STM32F746NGHX_FLASH.ld" --specs=nosys.specs -Wl,-Map="timer_generalpurpose.map" -Wl,--gc-sections -static --specs=nano.specs -mfpu=fpv5-sp-d16 -mfloat-abi=hard -mthumb -Wl,--start-group -lc -lm -Wl,--end-group
Finished building target: timer_generalpurpose.elf
 
arm-none-eabi-size  timer_generalpurpose.elf 
arm-none-eabi-objdump -h -S timer_generalpurpose.elf  > "timer_generalpurpose.list"
   text	   data	    bss	    dec	    hex	filename
   1696	      4	   1572	   3272	    cc8	timer_generalpurpose.elf
Finished building: default.size.stdout
 
Finished building: timer_generalpurpose.list
 
