09:56:45 **** Clean-only build of configuration Debug for project pushbutton_timer_interrupt ****
make -j12 clean 
rm -rf ./Drivers/STM32F7xx_HAL_Driver/Src/stm32f7xx_hal.cyclo ./Drivers/STM32F7xx_HAL_Driver/Src/stm32f7xx_hal.d ./Drivers/STM32F7xx_HAL_Driver/Src/stm32f7xx_hal.o ./Drivers/STM32F7xx_HAL_Driver/Src/stm32f7xx_hal.su ./Drivers/STM32F7xx_HAL_Driver/Src/stm32f7xx_hal_cortex.cyclo ./Drivers/STM32F7xx_HAL_Driver/Src/stm32f7xx_hal_cortex.d ./Drivers/STM32F7xx_HAL_Driver/Src/stm32f7xx_hal_cortex.o ./Drivers/STM32F7xx_HAL_Driver/Src/stm32f7xx_hal_cortex.su ./Drivers/STM32F7xx_HAL_Driver/Src/stm32f7xx_hal_dma.cyclo ./Drivers/STM32F7xx_HAL_Driver/Src/stm32f7xx_hal_dma.d ./Drivers/STM32F7xx_HAL_Driver/Src/stm32f7xx_hal_dma.o ./Drivers/STM32F7xx_HAL_Driver/Src/stm32f7xx_hal_dma.su ./Drivers/STM32F7xx_HAL_Driver/Src/stm32f7xx_hal_dma_ex.cyclo ./Drivers/STM32F7xx_HAL_Driver/Src/stm32f7xx_hal_dma_ex.d ./Drivers/STM32F7xx_HAL_Driver/Src/stm32f7xx_hal_dma_ex.o ./Drivers/STM32F7xx_HAL_Driver/Src/stm32f7xx_hal_dma_ex.su ./Drivers/STM32F7xx_HAL_Driver/Src/stm32f7xx_hal_exti.cyclo ./Drivers/STM32F7xx_HAL_Driver/Src/stm32f7xx_hal_exti.d ./Drivers/STM32F7xx_HAL_Driver/Src/stm32f7xx_hal_exti.o ./Drivers/STM32F7xx_HAL_Driver/Src/stm32f7xx_hal_exti.su ./Drivers/STM32F7xx_HAL_Driver/Src/stm32f7xx_hal_flash.cyclo ./Drivers/STM32F7xx_HAL_Driver/Src/stm32f7xx_hal_flash.d ./Drivers/STM32F7xx_HAL_Driver/Src/stm32f7xx_hal_flash.o ./Drivers/STM32F7xx_HAL_Driver/Src/stm32f7xx_hal_flash.su ./Drivers/STM32F7xx_HAL_Driver/Src/stm32f7xx_hal_flash_ex.cyclo ./Drivers/STM32F7xx_HAL_Driver/Src/stm32f7xx_hal_flash_ex.d ./Drivers/STM32F7xx_HAL_Driver/Src/stm32f7xx_hal_flash_ex.o ./Drivers/STM32F7xx_HAL_Driver/Src/stm32f7xx_hal_flash_ex.su ./Drivers/STM32F7xx_HAL_Driver/Src/stm32f7xx_hal_gpio.cyclo ./Drivers/STM32F7xx_HAL_Driver/Src/stm32f7xx_hal_gpio.d ./Drivers/STM32F7xx_HAL_Driver/Src/stm32f7xx_hal_gpio.o ./Drivers/STM32F7xx_HAL_Driver/Src/stm32f7xx_hal_gpio.su ./Drivers/STM32F7xx_HAL_Driver/Src/stm32f7xx_hal_i2c.cyclo ./Drivers/STM32F7xx_HAL_Driver/Src/stm32f7xx_hal_i2c.d ./Drivers/STM32F7xx_HAL_Driver/Src/stm32f7xx_hal_i2c.o ./Drivers/STM32F7xx_HAL_Driver/Src/stm32f7xx_hal_i2c.su ./Drivers/STM32F7xx_HAL_Driver/Src/stm32f7xx_hal_i2c_ex.cyclo ./Drivers/STM32F7xx_HAL_Driver/Src/stm32f7xx_hal_i2c_ex.d ./Drivers/STM32F7xx_HAL_Driver/Src/stm32f7xx_hal_i2c_ex.o ./Drivers/STM32F7xx_HAL_Driver/Src/stm32f7xx_hal_i2c_ex.su ./Drivers/STM32F7xx_HAL_Driver/Src/stm32f7xx_hal_pwr.cyclo ./Drivers/STM32F7xx_HAL_Driver/Src/stm32f7xx_hal_pwr.d ./Drivers/STM32F7xx_HAL_Driver/Src/stm32f7xx_hal_pwr.o ./Drivers/STM32F7xx_HAL_Driver/Src/stm32f7xx_hal_pwr.su ./Drivers/STM32F7xx_HAL_Driver/Src/stm32f7xx_hal_pwr_ex.cyclo ./Drivers/STM32F7xx_HAL_Driver/Src/stm32f7xx_hal_pwr_ex.d ./Drivers/STM32F7xx_HAL_Driver/Src/stm32f7xx_hal_pwr_ex.o ./Drivers/STM32F7xx_HAL_Driver/Src/stm32f7xx_hal_pwr_ex.su ./Drivers/STM32F7xx_HAL_Driver/Src/stm32f7xx_hal_rcc.cyclo ./Drivers/STM32F7xx_HAL_Driver/Src/stm32f7xx_hal_rcc.d ./Drivers/STM32F7xx_HAL_Driver/Src/stm32f7xx_hal_rcc.o ./Drivers/STM32F7xx_HAL_Driver/Src/stm32f7xx_hal_rcc.su ./Drivers/STM32F7xx_HAL_Driver/Src/stm32f7xx_hal_rcc_ex.cyclo ./Drivers/STM32F7xx_HAL_Driver/Src/stm32f7xx_hal_rcc_ex.d ./Drivers/STM32F7xx_HAL_Driver/Src/stm32f7xx_hal_rcc_ex.o ./Drivers/STM32F7xx_HAL_Driver/Src/stm32f7xx_hal_rcc_ex.su
rm -rf ./Core/Startup/startup_stm32f746nghx.d ./Core/Startup/startup_stm32f746nghx.o
rm -rf ./Core/Src/main.cyclo ./Core/Src/main.d ./Core/Src/main.o ./Core/Src/main.su ./Core/Src/stm32f7xx_hal_msp.cyclo ./Core/Src/stm32f7xx_hal_msp.d ./Core/Src/stm32f7xx_hal_msp.o ./Core/Src/stm32f7xx_hal_msp.su ./Core/Src/stm32f7xx_it.cyclo ./Core/Src/stm32f7xx_it.d ./Core/Src/stm32f7xx_it.o ./Core/Src/stm32f7xx_it.su ./Core/Src/syscalls.cyclo ./Core/Src/syscalls.d ./Core/Src/syscalls.o ./Core/Src/syscalls.su ./Core/Src/sysmem.cyclo ./Core/Src/sysmem.d ./Core/Src/sysmem.o ./Core/Src/sysmem.su ./Core/Src/system_stm32f7xx.cyclo ./Core/Src/system_stm32f7xx.d ./Core/Src/system_stm32f7xx.o ./Core/Src/system_stm32f7xx.su
rm -rf default.size.stdout pushbutton_timer_interrupt.elf pushbutton_timer_interrupt.list pushbutton_timer_interrupt.map
 
12:09:24 **** Build of configuration Debug for project spi_data_read ****
make -j12 all 
arm-none-eabi-gcc "../Drivers/STM32F7xx_HAL_Driver/Src/stm32f7xx_hal.c" -mcpu=cortex-m7 -std=gnu11 -g3 -DDEBUG -DUSE_HAL_DRIVER -DSTM32F746xx -c -I../Core/Inc -I../Drivers/STM32F7xx_HAL_Driver/Inc -I../Drivers/STM32F7xx_HAL_Driver/Inc/Legacy -I../Drivers/CMSIS/Device/ST/STM32F7xx/Include -I../Drivers/CMSIS/Include -O0 -ffunction-sections -fdata-sections -Wall -fstack-usage -fcyclomatic-complexity -MMD -MP -MF"Drivers/STM32F7xx_HAL_Driver/Src/stm32f7xx_hal.d" -MT"Drivers/STM32F7xx_HAL_Driver/Src/stm32f7xx_hal.o" --specs=nano.specs -mfpu=fpv5-sp-d16 -mfloat-abi=hard -mthumb -o "Drivers/STM32F7xx_HAL_Driver/Src/stm32f7xx_hal.o"
arm-none-eabi-gcc "../Drivers/STM32F7xx_HAL_Driver/Src/stm32f7xx_hal_cortex.c" -mcpu=cortex-m7 -std=gnu11 -g3 -DDEBUG -DUSE_HAL_DRIVER -DSTM32F746xx -c -I../Core/Inc -I../Drivers/STM32F7xx_HAL_Driver/Inc -I../Drivers/STM32F7xx_HAL_Driver/Inc/Legacy -I../Drivers/CMSIS/Device/ST/STM32F7xx/Include -I../Drivers/CMSIS/Include -O0 -ffunction-sections -fdata-sections -Wall -fstack-usage -fcyclomatic-complexity -MMD -MP -MF"Drivers/STM32F7xx_HAL_Driver/Src/stm32f7xx_hal_cortex.d" -MT"Drivers/STM32F7xx_HAL_Driver/Src/stm32f7xx_hal_cortex.o" --specs=nano.specs -mfpu=fpv5-sp-d16 -mfloat-abi=hard -mthumb -o "Drivers/STM32F7xx_HAL_Driver/Src/stm32f7xx_hal_cortex.o"
arm-none-eabi-gcc "../Drivers/STM32F7xx_HAL_Driver/Src/stm32f7xx_hal_dma.c" -mcpu=cortex-m7 -std=gnu11 -g3 -DDEBUG -DUSE_HAL_DRIVER -DSTM32F746xx -c -I../Core/Inc -I../Drivers/STM32F7xx_HAL_Driver/Inc -I../Drivers/STM32F7xx_HAL_Driver/Inc/Legacy -I../Drivers/CMSIS/Device/ST/STM32F7xx/Include -I../Drivers/CMSIS/Include -O0 -ffunction-sections -fdata-sections -Wall -fstack-usage -fcyclomatic-complexity -MMD -MP -MF"Drivers/STM32F7xx_HAL_Driver/Src/stm32f7xx_hal_dma.d" -MT"Drivers/STM32F7xx_HAL_Driver/Src/stm32f7xx_hal_dma.o" --specs=nano.specs -mfpu=fpv5-sp-d16 -mfloat-abi=hard -mthumb -o "Drivers/STM32F7xx_HAL_Driver/Src/stm32f7xx_hal_dma.o"
arm-none-eabi-gcc "../Drivers/STM32F7xx_HAL_Driver/Src/stm32f7xx_hal_dma_ex.c" -mcpu=cortex-m7 -std=gnu11 -g3 -DDEBUG -DUSE_HAL_DRIVER -DSTM32F746xx -c -I../Core/Inc -I../Drivers/STM32F7xx_HAL_Driver/Inc -I../Drivers/STM32F7xx_HAL_Driver/Inc/Legacy -I../Drivers/CMSIS/Device/ST/STM32F7xx/Include -I../Drivers/CMSIS/Include -O0 -ffunction-sections -fdata-sections -Wall -fstack-usage -fcyclomatic-complexity -MMD -MP -MF"Drivers/STM32F7xx_HAL_Driver/Src/stm32f7xx_hal_dma_ex.d" -MT"Drivers/STM32F7xx_HAL_Driver/Src/stm32f7xx_hal_dma_ex.o" --specs=nano.specs -mfpu=fpv5-sp-d16 -mfloat-abi=hard -mthumb -o "Drivers/STM32F7xx_HAL_Driver/Src/stm32f7xx_hal_dma_ex.o"
arm-none-eabi-gcc "../Drivers/STM32F7xx_HAL_Driver/Src/stm32f7xx_hal_exti.c" -mcpu=cortex-m7 -std=gnu11 -g3 -DDEBUG -DUSE_HAL_DRIVER -DSTM32F746xx -c -I../Core/Inc -I../Drivers/STM32F7xx_HAL_Driver/Inc -I../Drivers/STM32F7xx_HAL_Driver/Inc/Legacy -I../Drivers/CMSIS/Device/ST/STM32F7xx/Include -I../Drivers/CMSIS/Include -O0 -ffunction-sections -fdata-sections -Wall -fstack-usage -fcyclomatic-complexity -MMD -MP -MF"Drivers/STM32F7xx_HAL_Driver/Src/stm32f7xx_hal_exti.d" -MT"Drivers/STM32F7xx_HAL_Driver/Src/stm32f7xx_hal_exti.o" --specs=nano.specs -mfpu=fpv5-sp-d16 -mfloat-abi=hard -mthumb -o "Drivers/STM32F7xx_HAL_Driver/Src/stm32f7xx_hal_exti.o"
arm-none-eabi-gcc "../Drivers/STM32F7xx_HAL_Driver/Src/stm32f7xx_hal_flash.c" -mcpu=cortex-m7 -std=gnu11 -g3 -DDEBUG -DUSE_HAL_DRIVER -DSTM32F746xx -c -I../Core/Inc -I../Drivers/STM32F7xx_HAL_Driver/Inc -I../Drivers/STM32F7xx_HAL_Driver/Inc/Legacy -I../Drivers/CMSIS/Device/ST/STM32F7xx/Include -I../Drivers/CMSIS/Include -O0 -ffunction-sections -fdata-sections -Wall -fstack-usage -fcyclomatic-complexity -MMD -MP -MF"Drivers/STM32F7xx_HAL_Driver/Src/stm32f7xx_hal_flash.d" -MT"Drivers/STM32F7xx_HAL_Driver/Src/stm32f7xx_hal_flash.o" --specs=nano.specs -mfpu=fpv5-sp-d16 -mfloat-abi=hard -mthumb -o "Drivers/STM32F7xx_HAL_Driver/Src/stm32f7xx_hal_flash.o"
arm-none-eabi-gcc "../Drivers/STM32F7xx_HAL_Driver/Src/stm32f7xx_hal_flash_ex.c" -mcpu=cortex-m7 -std=gnu11 -g3 -DDEBUG -DUSE_HAL_DRIVER -DSTM32F746xx -c -I../Core/Inc -I../Drivers/STM32F7xx_HAL_Driver/Inc -I../Drivers/STM32F7xx_HAL_Driver/Inc/Legacy -I../Drivers/CMSIS/Device/ST/STM32F7xx/Include -I../Drivers/CMSIS/Include -O0 -ffunction-sections -fdata-sections -Wall -fstack-usage -fcyclomatic-complexity -MMD -MP -MF"Drivers/STM32F7xx_HAL_Driver/Src/stm32f7xx_hal_flash_ex.d" -MT"Drivers/STM32F7xx_HAL_Driver/Src/stm32f7xx_hal_flash_ex.o" --specs=nano.specs -mfpu=fpv5-sp-d16 -mfloat-abi=hard -mthumb -o "Drivers/STM32F7xx_HAL_Driver/Src/stm32f7xx_hal_flash_ex.o"
arm-none-eabi-gcc "../Drivers/STM32F7xx_HAL_Driver/Src/stm32f7xx_hal_gpio.c" -mcpu=cortex-m7 -std=gnu11 -g3 -DDEBUG -DUSE_HAL_DRIVER -DSTM32F746xx -c -I../Core/Inc -I../Drivers/STM32F7xx_HAL_Driver/Inc -I../Drivers/STM32F7xx_HAL_Driver/Inc/Legacy -I../Drivers/CMSIS/Device/ST/STM32F7xx/Include -I../Drivers/CMSIS/Include -O0 -ffunction-sections -fdata-sections -Wall -fstack-usage -fcyclomatic-complexity -MMD -MP -MF"Drivers/STM32F7xx_HAL_Driver/Src/stm32f7xx_hal_gpio.d" -MT"Drivers/STM32F7xx_HAL_Driver/Src/stm32f7xx_hal_gpio.o" --specs=nano.specs -mfpu=fpv5-sp-d16 -mfloat-abi=hard -mthumb -o "Drivers/STM32F7xx_HAL_Driver/Src/stm32f7xx_hal_gpio.o"
arm-none-eabi-gcc "../Drivers/STM32F7xx_HAL_Driver/Src/stm32f7xx_hal_i2c.c" -mcpu=cortex-m7 -std=gnu11 -g3 -DDEBUG -DUSE_HAL_DRIVER -DSTM32F746xx -c -I../Core/Inc -I../Drivers/STM32F7xx_HAL_Driver/Inc -I../Drivers/STM32F7xx_HAL_Driver/Inc/Legacy -I../Drivers/CMSIS/Device/ST/STM32F7xx/Include -I../Drivers/CMSIS/Include -O0 -ffunction-sections -fdata-sections -Wall -fstack-usage -fcyclomatic-complexity -MMD -MP -MF"Drivers/STM32F7xx_HAL_Driver/Src/stm32f7xx_hal_i2c.d" -MT"Drivers/STM32F7xx_HAL_Driver/Src/stm32f7xx_hal_i2c.o" --specs=nano.specs -mfpu=fpv5-sp-d16 -mfloat-abi=hard -mthumb -o "Drivers/STM32F7xx_HAL_Driver/Src/stm32f7xx_hal_i2c.o"
arm-none-eabi-gcc "../Drivers/STM32F7xx_HAL_Driver/Src/stm32f7xx_hal_i2c_ex.c" -mcpu=cortex-m7 -std=gnu11 -g3 -DDEBUG -DUSE_HAL_DRIVER -DSTM32F746xx -c -I../Core/Inc -I../Drivers/STM32F7xx_HAL_Driver/Inc -I../Drivers/STM32F7xx_HAL_Driver/Inc/Legacy -I../Drivers/CMSIS/Device/ST/STM32F7xx/Include -I../Drivers/CMSIS/Include -O0 -ffunction-sections -fdata-sections -Wall -fstack-usage -fcyclomatic-complexity -MMD -MP -MF"Drivers/STM32F7xx_HAL_Driver/Src/stm32f7xx_hal_i2c_ex.d" -MT"Drivers/STM32F7xx_HAL_Driver/Src/stm32f7xx_hal_i2c_ex.o" --specs=nano.specs -mfpu=fpv5-sp-d16 -mfloat-abi=hard -mthumb -o "Drivers/STM32F7xx_HAL_Driver/Src/stm32f7xx_hal_i2c_ex.o"
arm-none-eabi-gcc "../Drivers/STM32F7xx_HAL_Driver/Src/stm32f7xx_hal_pwr.c" -mcpu=cortex-m7 -std=gnu11 -g3 -DDEBUG -DUSE_HAL_DRIVER -DSTM32F746xx -c -I../Core/Inc -I../Drivers/STM32F7xx_HAL_Driver/Inc -I../Drivers/STM32F7xx_HAL_Driver/Inc/Legacy -I../Drivers/CMSIS/Device/ST/STM32F7xx/Include -I../Drivers/CMSIS/Include -O0 -ffunction-sections -fdata-sections -Wall -fstack-usage -fcyclomatic-complexity -MMD -MP -MF"Drivers/STM32F7xx_HAL_Driver/Src/stm32f7xx_hal_pwr.d" -MT"Drivers/STM32F7xx_HAL_Driver/Src/stm32f7xx_hal_pwr.o" --specs=nano.specs -mfpu=fpv5-sp-d16 -mfloat-abi=hard -mthumb -o "Drivers/STM32F7xx_HAL_Driver/Src/stm32f7xx_hal_pwr.o"
arm-none-eabi-gcc "../Drivers/STM32F7xx_HAL_Driver/Src/stm32f7xx_hal_pwr_ex.c" -mcpu=cortex-m7 -std=gnu11 -g3 -DDEBUG -DUSE_HAL_DRIVER -DSTM32F746xx -c -I../Core/Inc -I../Drivers/STM32F7xx_HAL_Driver/Inc -I../Drivers/STM32F7xx_HAL_Driver/Inc/Legacy -I../Drivers/CMSIS/Device/ST/STM32F7xx/Include -I../Drivers/CMSIS/Include -O0 -ffunction-sections -fdata-sections -Wall -fstack-usage -fcyclomatic-complexity -MMD -MP -MF"Drivers/STM32F7xx_HAL_Driver/Src/stm32f7xx_hal_pwr_ex.d" -MT"Drivers/STM32F7xx_HAL_Driver/Src/stm32f7xx_hal_pwr_ex.o" --specs=nano.specs -mfpu=fpv5-sp-d16 -mfloat-abi=hard -mthumb -o "Drivers/STM32F7xx_HAL_Driver/Src/stm32f7xx_hal_pwr_ex.o"
arm-none-eabi-gcc "../Drivers/STM32F7xx_HAL_Driver/Src/stm32f7xx_hal_rcc.c" -mcpu=cortex-m7 -std=gnu11 -g3 -DDEBUG -DUSE_HAL_DRIVER -DSTM32F746xx -c -I../Core/Inc -I../Drivers/STM32F7xx_HAL_Driver/Inc -I../Drivers/STM32F7xx_HAL_Driver/Inc/Legacy -I../Drivers/CMSIS/Device/ST/STM32F7xx/Include -I../Drivers/CMSIS/Include -O0 -ffunction-sections -fdata-sections -Wall -fstack-usage -fcyclomatic-complexity -MMD -MP -MF"Drivers/STM32F7xx_HAL_Driver/Src/stm32f7xx_hal_rcc.d" -MT"Drivers/STM32F7xx_HAL_Driver/Src/stm32f7xx_hal_rcc.o" --specs=nano.specs -mfpu=fpv5-sp-d16 -mfloat-abi=hard -mthumb -o "Drivers/STM32F7xx_HAL_Driver/Src/stm32f7xx_hal_rcc.o"
arm-none-eabi-gcc "../Drivers/STM32F7xx_HAL_Driver/Src/stm32f7xx_hal_rcc_ex.c" -mcpu=cortex-m7 -std=gnu11 -g3 -DDEBUG -DUSE_HAL_DRIVER -DSTM32F746xx -c -I../Core/Inc -I../Drivers/STM32F7xx_HAL_Driver/Inc -I../Drivers/STM32F7xx_HAL_Driver/Inc/Legacy -I../Drivers/CMSIS/Device/ST/STM32F7xx/Include -I../Drivers/CMSIS/Include -O0 -ffunction-sections -fdata-sections -Wall -fstack-usage -fcyclomatic-complexity -MMD -MP -MF"Drivers/STM32F7xx_HAL_Driver/Src/stm32f7xx_hal_rcc_ex.d" -MT"Drivers/STM32F7xx_HAL_Driver/Src/stm32f7xx_hal_rcc_ex.o" --specs=nano.specs -mfpu=fpv5-sp-d16 -mfloat-abi=hard -mthumb -o "Drivers/STM32F7xx_HAL_Driver/Src/stm32f7xx_hal_rcc_ex.o"
arm-none-eabi-gcc "../Drivers/STM32F7xx_HAL_Driver/Src/stm32f7xx_hal_spi.c" -mcpu=cortex-m7 -std=gnu11 -g3 -DDEBUG -DUSE_HAL_DRIVER -DSTM32F746xx -c -I../Core/Inc -I../Drivers/STM32F7xx_HAL_Driver/Inc -I../Drivers/STM32F7xx_HAL_Driver/Inc/Legacy -I../Drivers/CMSIS/Device/ST/STM32F7xx/Include -I../Drivers/CMSIS/Include -O0 -ffunction-sections -fdata-sections -Wall -fstack-usage -fcyclomatic-complexity -MMD -MP -MF"Drivers/STM32F7xx_HAL_Driver/Src/stm32f7xx_hal_spi.d" -MT"Drivers/STM32F7xx_HAL_Driver/Src/stm32f7xx_hal_spi.o" --specs=nano.specs -mfpu=fpv5-sp-d16 -mfloat-abi=hard -mthumb -o "Drivers/STM32F7xx_HAL_Driver/Src/stm32f7xx_hal_spi.o"
arm-none-eabi-gcc "../Drivers/STM32F7xx_HAL_Driver/Src/stm32f7xx_hal_spi_ex.c" -mcpu=cortex-m7 -std=gnu11 -g3 -DDEBUG -DUSE_HAL_DRIVER -DSTM32F746xx -c -I../Core/Inc -I../Drivers/STM32F7xx_HAL_Driver/Inc -I../Drivers/STM32F7xx_HAL_Driver/Inc/Legacy -I../Drivers/CMSIS/Device/ST/STM32F7xx/Include -I../Drivers/CMSIS/Include -O0 -ffunction-sections -fdata-sections -Wall -fstack-usage -fcyclomatic-complexity -MMD -MP -MF"Drivers/STM32F7xx_HAL_Driver/Src/stm32f7xx_hal_spi_ex.d" -MT"Drivers/STM32F7xx_HAL_Driver/Src/stm32f7xx_hal_spi_ex.o" --specs=nano.specs -mfpu=fpv5-sp-d16 -mfloat-abi=hard -mthumb -o "Drivers/STM32F7xx_HAL_Driver/Src/stm32f7xx_hal_spi_ex.o"
arm-none-eabi-gcc -mcpu=cortex-m7 -g3 -DDEBUG -c -I../Core/Inc -I../FATFS/Target -I../FATFS/App -I../USB_HOST/App -I../USB_HOST/Target -I../Drivers/STM32F7xx_HAL_Driver/Inc -I../Drivers/STM32F7xx_HAL_Driver/Inc/Legacy -I../Middlewares/Third_Party/FreeRTOS/Source/include -I../Middlewares/Third_Party/FreeRTOS/Source/CMSIS_RTOS -I../Middlewares/Third_Party/FreeRTOS/Source/portable/GCC/ARM_CM7/r0p1 -I../Middlewares/Third_Party/FatFs/src -I../Middlewares/ST/STM32_USB_Host_Library/Core/Inc -I../Middlewares/ST/STM32_USB_Host_Library/Class/CDC/Inc -I../Drivers/CMSIS/Device/ST/STM32F7xx/Include -I../Drivers/CMSIS/Include -x assembler-with-cpp -MMD -MP -MF"Core/Startup/startup_stm32f746nghx.d" -MT"Core/Startup/startup_stm32f746nghx.o" --specs=nano.specs -mfpu=fpv5-sp-d16 -mfloat-abi=hard -mthumb -o "Core/Startup/startup_stm32f746nghx.o" "../Core/Startup/startup_stm32f746nghx.s"
arm-none-eabi-gcc "../Core/Src/main.c" -mcpu=cortex-m7 -std=gnu11 -g3 -DDEBUG -DUSE_HAL_DRIVER -DSTM32F746xx -c -I../Core/Inc -I../Drivers/STM32F7xx_HAL_Driver/Inc -I../Drivers/STM32F7xx_HAL_Driver/Inc/Legacy -I../Drivers/CMSIS/Device/ST/STM32F7xx/Include -I../Drivers/CMSIS/Include -O0 -ffunction-sections -fdata-sections -Wall -fstack-usage -fcyclomatic-complexity -MMD -MP -MF"Core/Src/main.d" -MT"Core/Src/main.o" --specs=nano.specs -mfpu=fpv5-sp-d16 -mfloat-abi=hard -mthumb -o "Core/Src/main.o"
arm-none-eabi-gcc "../Core/Src/stm32f7xx_hal_msp.c" -mcpu=cortex-m7 -std=gnu11 -g3 -DDEBUG -DUSE_HAL_DRIVER -DSTM32F746xx -c -I../Core/Inc -I../Drivers/STM32F7xx_HAL_Driver/Inc -I../Drivers/STM32F7xx_HAL_Driver/Inc/Legacy -I../Drivers/CMSIS/Device/ST/STM32F7xx/Include -I../Drivers/CMSIS/Include -O0 -ffunction-sections -fdata-sections -Wall -fstack-usage -fcyclomatic-complexity -MMD -MP -MF"Core/Src/stm32f7xx_hal_msp.d" -MT"Core/Src/stm32f7xx_hal_msp.o" --specs=nano.specs -mfpu=fpv5-sp-d16 -mfloat-abi=hard -mthumb -o "Core/Src/stm32f7xx_hal_msp.o"
arm-none-eabi-gcc "../Core/Src/stm32f7xx_it.c" -mcpu=cortex-m7 -std=gnu11 -g3 -DDEBUG -DUSE_HAL_DRIVER -DSTM32F746xx -c -I../Core/Inc -I../Drivers/STM32F7xx_HAL_Driver/Inc -I../Drivers/STM32F7xx_HAL_Driver/Inc/Legacy -I../Drivers/CMSIS/Device/ST/STM32F7xx/Include -I../Drivers/CMSIS/Include -O0 -ffunction-sections -fdata-sections -Wall -fstack-usage -fcyclomatic-complexity -MMD -MP -MF"Core/Src/stm32f7xx_it.d" -MT"Core/Src/stm32f7xx_it.o" --specs=nano.specs -mfpu=fpv5-sp-d16 -mfloat-abi=hard -mthumb -o "Core/Src/stm32f7xx_it.o"
arm-none-eabi-gcc "../Core/Src/syscalls.c" -mcpu=cortex-m7 -std=gnu11 -g3 -DDEBUG -DUSE_HAL_DRIVER -DSTM32F746xx -c -I../Core/Inc -I../Drivers/STM32F7xx_HAL_Driver/Inc -I../Drivers/STM32F7xx_HAL_Driver/Inc/Legacy -I../Drivers/CMSIS/Device/ST/STM32F7xx/Include -I../Drivers/CMSIS/Include -O0 -ffunction-sections -fdata-sections -Wall -fstack-usage -fcyclomatic-complexity -MMD -MP -MF"Core/Src/syscalls.d" -MT"Core/Src/syscalls.o" --specs=nano.specs -mfpu=fpv5-sp-d16 -mfloat-abi=hard -mthumb -o "Core/Src/syscalls.o"
arm-none-eabi-gcc "../Core/Src/sysmem.c" -mcpu=cortex-m7 -std=gnu11 -g3 -DDEBUG -DUSE_HAL_DRIVER -DSTM32F746xx -c -I../Core/Inc -I../Drivers/STM32F7xx_HAL_Driver/Inc -I../Drivers/STM32F7xx_HAL_Driver/Inc/Legacy -I../Drivers/CMSIS/Device/ST/STM32F7xx/Include -I../Drivers/CMSIS/Include -O0 -ffunction-sections -fdata-sections -Wall -fstack-usage -fcyclomatic-complexity -MMD -MP -MF"Core/Src/sysmem.d" -MT"Core/Src/sysmem.o" --specs=nano.specs -mfpu=fpv5-sp-d16 -mfloat-abi=hard -mthumb -o "Core/Src/sysmem.o"
arm-none-eabi-gcc "../Core/Src/system_stm32f7xx.c" -mcpu=cortex-m7 -std=gnu11 -g3 -DDEBUG -DUSE_HAL_DRIVER -DSTM32F746xx -c -I../Core/Inc -I../Drivers/STM32F7xx_HAL_Driver/Inc -I../Drivers/STM32F7xx_HAL_Driver/Inc/Legacy -I../Drivers/CMSIS/Device/ST/STM32F7xx/Include -I../Drivers/CMSIS/Include -O0 -ffunction-sections -fdata-sections -Wall -fstack-usage -fcyclomatic-complexity -MMD -MP -MF"Core/Src/system_stm32f7xx.d" -MT"Core/Src/system_stm32f7xx.o" --specs=nano.specs -mfpu=fpv5-sp-d16 -mfloat-abi=hard -mthumb -o "Core/Src/system_stm32f7xx.o"
../Core/Src/main.c:51:1: warning: data definition has no type or storage class
   51 | AD7779_ReadRegister(target_register);
      | ^~~~~~~~~~~~~~~~~~~
../Core/Src/main.c:51:1: warning: type defaults to 'int' in declaration of 'AD7779_ReadRegister' [-Wimplicit-int]
../Core/Src/main.c:51:1: warning: parameter names (without types) in function declaration
../Core/Src/main.c:52:1: warning: data definition has no type or storage class
   52 | debug_buffer = read_value;
      | ^~~~~~~~~~~~
../Core/Src/main.c:52:1: warning: type defaults to 'int' in declaration of 'debug_buffer' [-Wimplicit-int]
../Core/Src/main.c:52:1: error: conflicting types for 'debug_buffer'; have 'int'
../Core/Src/main.c:48:10: note: previous definition of 'debug_buffer' with type 'uint16_t' {aka 'short unsigned int'}
   48 | uint16_t debug_buffer = 0;
      |          ^~~~~~~~~~~~
../Core/Src/main.c:52:16: error: initializer element is not constant
   52 | debug_buffer = read_value;
      |                ^~~~~~~~~~
../Core/Src/main.c:59:6: error: conflicting types for 'AD7779_ReadRegister'; have 'void(uint16_t)' {aka 'void(short unsigned int)'}
   59 | void AD7779_ReadRegister(uint16_t reg);
      |      ^~~~~~~~~~~~~~~~~~~
../Core/Src/main.c:51:1: note: previous declaration of 'AD7779_ReadRegister' with type 'int()'
   51 | AD7779_ReadRegister(target_register);
      | ^~~~~~~~~~~~~~~~~~~
../Core/Src/main.c:221:1: warning: return type defaults to 'int' [-Wimplicit-int]
  221 | AD7779_ReadRegister(target_register)
      | ^~~~~~~~~~~~~~~~~~~
../Core/Src/main.c: In function 'AD7779_ReadRegister':
../Core/Src/main.c:221:1: warning: type of 'target_register' defaults to 'int' [-Wimplicit-int]
../Core/Src/main.c:225:41: warning: passing argument 2 of 'HAL_SPI_TransmitReceive' from incompatible pointer type [-Wincompatible-pointer-types]
  225 |         HAL_SPI_TransmitReceive(&hspi2, (uint16_t*)&tx, (uint16_t*)&rx, 2, HAL_MAX_DELAY);
      |                                         ^~~~~~~~~~~~~~
      |                                         |
      |                                         uint16_t * {aka short unsigned int *}
In file included from ../Core/Inc/stm32f7xx_hal_conf.h:407,
                 from ../Drivers/STM32F7xx_HAL_Driver/Inc/stm32f7xx_hal.h:29,
                 from ../Core/Inc/main.h:30,
                 from ../Core/Src/main.c:20:
../Drivers/STM32F7xx_HAL_Driver/Inc/stm32f7xx_hal_spi.h:798:83: note: expected 'const uint8_t *' {aka 'const unsigned char *'} but argument is of type 'uint16_t *' {aka 'short unsigned int *'}
  798 | HAL_StatusTypeDef HAL_SPI_TransmitReceive(SPI_HandleTypeDef *hspi, const uint8_t *pTxData, uint8_t *pRxData,
      |                                                                    ~~~~~~~~~~~~~~~^~~~~~~
../Core/Src/main.c:225:57: warning: passing argument 3 of 'HAL_SPI_TransmitReceive' from incompatible pointer type [-Wincompatible-pointer-types]
  225 |         HAL_SPI_TransmitReceive(&hspi2, (uint16_t*)&tx, (uint16_t*)&rx, 2, HAL_MAX_DELAY);
      |                                                         ^~~~~~~~~~~~~~
      |                                                         |
      |                                                         uint16_t * {aka short unsigned int *}
../Drivers/STM32F7xx_HAL_Driver/Inc/stm32f7xx_hal_spi.h:798:101: note: expected 'uint8_t *' {aka 'unsigned char *'} but argument is of type 'uint16_t *' {aka 'short unsigned int *'}
  798 | HAL_StatusTypeDef HAL_SPI_TransmitReceive(SPI_HandleTypeDef *hspi, const uint8_t *pTxData, uint8_t *pRxData,
      |                                                                                            ~~~~~~~~~^~~~~~~
make: *** [Core/Src/subdir.mk:34: Core/Src/main.o] Error 1
make: *** Waiting for unfinished jobs....
"make -j12 all" terminated with exit code 2. Build might be incomplete.
12:11:29 **** Incremental Build of configuration Debug for project spi_data_read ****
make -j12 all 
arm-none-eabi-gcc "../Core/Src/main.c" -mcpu=cortex-m7 -std=gnu11 -g3 -DDEBUG -DUSE_HAL_DRIVER -DSTM32F746xx -c -I../Core/Inc -I../Drivers/STM32F7xx_HAL_Driver/Inc -I../Drivers/STM32F7xx_HAL_Driver/Inc/Legacy -I../Drivers/CMSIS/Device/ST/STM32F7xx/Include -I../Drivers/CMSIS/Include -O0 -ffunction-sections -fdata-sections -Wall -fstack-usage -fcyclomatic-complexity -MMD -MP -MF"Core/Src/main.d" -MT"Core/Src/main.o" --specs=nano.specs -mfpu=fpv5-sp-d16 -mfloat-abi=hard -mthumb -o "Core/Src/main.o"
../Core/Src/main.c:51:1: warning: data definition has no type or storage class
   51 | AD7779_ReadRegister(uint16_t target_register);
      | ^~~~~~~~~~~~~~~~~~~
../Core/Src/main.c:51:1: warning: type defaults to 'int' in declaration of 'AD7779_ReadRegister' [-Wimplicit-int]
../Core/Src/main.c:52:1: warning: data definition has no type or storage class
   52 | debug_buffer = read_value;
      | ^~~~~~~~~~~~
../Core/Src/main.c:52:1: warning: type defaults to 'int' in declaration of 'debug_buffer' [-Wimplicit-int]
../Core/Src/main.c:52:1: error: conflicting types for 'debug_buffer'; have 'int'
../Core/Src/main.c:48:10: note: previous definition of 'debug_buffer' with type 'uint16_t' {aka 'short unsigned int'}
   48 | uint16_t debug_buffer = 0;
      |          ^~~~~~~~~~~~
../Core/Src/main.c:52:16: error: initializer element is not constant
   52 | debug_buffer = read_value;
      |                ^~~~~~~~~~
../Core/Src/main.c:59:6: error: conflicting types for 'AD7779_ReadRegister'; have 'void(uint16_t)' {aka 'void(short unsigned int)'}
   59 | void AD7779_ReadRegister(uint16_t reg);
      |      ^~~~~~~~~~~~~~~~~~~
../Core/Src/main.c:51:1: note: previous declaration of 'AD7779_ReadRegister' with type 'int(uint16_t)' {aka 'int(short unsigned int)'}
   51 | AD7779_ReadRegister(uint16_t target_register);
      | ^~~~~~~~~~~~~~~~~~~
../Core/Src/main.c:221:1: warning: return type defaults to 'int' [-Wimplicit-int]
  221 | AD7779_ReadRegister(target_register)
      | ^~~~~~~~~~~~~~~~~~~
../Core/Src/main.c:221:1: error: conflicting types for 'AD7779_ReadRegister'; have 'int()'
../Core/Src/main.c:51:1: note: previous declaration of 'AD7779_ReadRegister' with type 'int(uint16_t)' {aka 'int(short unsigned int)'}
   51 | AD7779_ReadRegister(uint16_t target_register);
      | ^~~~~~~~~~~~~~~~~~~
../Core/Src/main.c: In function 'AD7779_ReadRegister':
../Core/Src/main.c:221:1: warning: type of 'target_register' defaults to 'int' [-Wimplicit-int]
  221 | AD7779_ReadRegister(target_register)
      | ^~~~~~~~~~~~~~~~~~~
../Core/Src/main.c:221:1: error: argument 'target_register' doesn't match prototype
../Core/Src/main.c:51:1: error: prototype declaration
   51 | AD7779_ReadRegister(uint16_t target_register);
      | ^~~~~~~~~~~~~~~~~~~
../Core/Src/main.c:225:41: warning: passing argument 2 of 'HAL_SPI_TransmitReceive' from incompatible pointer type [-Wincompatible-pointer-types]
  225 |         HAL_SPI_TransmitReceive(&hspi2, (uint16_t*)&tx, (uint16_t*)&rx, 2, HAL_MAX_DELAY);
      |                                         ^~~~~~~~~~~~~~
      |                                         |
      |                                         uint16_t * {aka short unsigned int *}
In file included from ../Core/Inc/stm32f7xx_hal_conf.h:407,
                 from ../Drivers/STM32F7xx_HAL_Driver/Inc/stm32f7xx_hal.h:29,
                 from ../Core/Inc/main.h:30,
                 from ../Core/Src/main.c:20:
../Drivers/STM32F7xx_HAL_Driver/Inc/stm32f7xx_hal_spi.h:798:83: note: expected 'const uint8_t *' {aka 'const unsigned char *'} but argument is of type 'uint16_t *' {aka 'short unsigned int *'}
  798 | HAL_StatusTypeDef HAL_SPI_TransmitReceive(SPI_HandleTypeDef *hspi, const uint8_t *pTxData, uint8_t *pRxData,
      |                                                                    ~~~~~~~~~~~~~~~^~~~~~~
../Core/Src/main.c:225:57: warning: passing argument 3 of 'HAL_SPI_TransmitReceive' from incompatible pointer type [-Wincompatible-pointer-types]
  225 |         HAL_SPI_TransmitReceive(&hspi2, (uint16_t*)&tx, (uint16_t*)&rx, 2, HAL_MAX_DELAY);
      |                                                         ^~~~~~~~~~~~~~
      |                                                         |
      |                                                         uint16_t * {aka short unsigned int *}
../Drivers/STM32F7xx_HAL_Driver/Inc/stm32f7xx_hal_spi.h:798:101: note: expected 'uint8_t *' {aka 'unsigned char *'} but argument is of type 'uint16_t *' {aka 'short unsigned int *'}
  798 | HAL_StatusTypeDef HAL_SPI_TransmitReceive(SPI_HandleTypeDef *hspi, const uint8_t *pTxData, uint8_t *pRxData,
      |                                                                                            ~~~~~~~~~^~~~~~~
../Core/Src/main.c:228:1: warning: control reaches end of non-void function [-Wreturn-type]
  228 | }
      | ^
make: *** [Core/Src/subdir.mk:34: Core/Src/main.o] Error 1
"make -j12 all" terminated with exit code 2. Build might be incomplete.
12:16:52 **** Incremental Build of configuration Debug for project spi_data_read ****
make -j12 all 
arm-none-eabi-gcc "../Core/Src/main.c" -mcpu=cortex-m7 -std=gnu11 -g3 -DDEBUG -DUSE_HAL_DRIVER -DSTM32F746xx -c -I../Core/Inc -I../Drivers/STM32F7xx_HAL_Driver/Inc -I../Drivers/STM32F7xx_HAL_Driver/Inc/Legacy -I../Drivers/CMSIS/Device/ST/STM32F7xx/Include -I../Drivers/CMSIS/Include -O0 -ffunction-sections -fdata-sections -Wall -fstack-usage -fcyclomatic-complexity -MMD -MP -MF"Core/Src/main.d" -MT"Core/Src/main.o" --specs=nano.specs -mfpu=fpv5-sp-d16 -mfloat-abi=hard -mthumb -o "Core/Src/main.o"
../Core/Src/main.c: In function 'main':
../Core/Src/main.c:101:17: error: 'rx' undeclared (first use in this function)
  101 |   debug_buffer= rx;
      |                 ^~
../Core/Src/main.c:101:17: note: each undeclared identifier is reported only once for each function it appears in
../Core/Src/main.c: At top level:
../Core/Src/main.c:222:1: warning: return type defaults to 'int' [-Wimplicit-int]
  222 | AD7779_ReadRegister(target_register)
      | ^~~~~~~~~~~~~~~~~~~
../Core/Src/main.c:222:1: warning: conflicting types for 'AD7779_ReadRegister'
../Core/Src/main.c:59:6: note: previous declaration of 'AD7779_ReadRegister' with type 'void(uint16_t)' {aka 'void(short unsigned int)'}
   59 | void AD7779_ReadRegister(uint16_t reg);
      |      ^~~~~~~~~~~~~~~~~~~
../Core/Src/main.c: In function 'AD7779_ReadRegister':
../Core/Src/main.c:222:1: warning: type of 'target_register' defaults to 'int' [-Wimplicit-int]
  222 | AD7779_ReadRegister(target_register)
      | ^~~~~~~~~~~~~~~~~~~
../Core/Src/main.c:226:41: warning: passing argument 2 of 'HAL_SPI_TransmitReceive' from incompatible pointer type [-Wincompatible-pointer-types]
  226 |         HAL_SPI_TransmitReceive(&hspi2, (uint16_t*)&tx, (uint16_t*)&rx, 2, HAL_MAX_DELAY);
      |                                         ^~~~~~~~~~~~~~
      |                                         |
      |                                         uint16_t * {aka short unsigned int *}
In file included from ../Core/Inc/stm32f7xx_hal_conf.h:407,
                 from ../Drivers/STM32F7xx_HAL_Driver/Inc/stm32f7xx_hal.h:29,
                 from ../Core/Inc/main.h:30,
                 from ../Core/Src/main.c:20:
../Drivers/STM32F7xx_HAL_Driver/Inc/stm32f7xx_hal_spi.h:798:83: note: expected 'const uint8_t *' {aka 'const unsigned char *'} but argument is of type 'uint16_t *' {aka 'short unsigned int *'}
  798 | HAL_StatusTypeDef HAL_SPI_TransmitReceive(SPI_HandleTypeDef *hspi, const uint8_t *pTxData, uint8_t *pRxData,
      |                                                                    ~~~~~~~~~~~~~~~^~~~~~~
../Core/Src/main.c:226:57: warning: passing argument 3 of 'HAL_SPI_TransmitReceive' from incompatible pointer type [-Wincompatible-pointer-types]
  226 |         HAL_SPI_TransmitReceive(&hspi2, (uint16_t*)&tx, (uint16_t*)&rx, 2, HAL_MAX_DELAY);
      |                                                         ^~~~~~~~~~~~~~
      |                                                         |
      |                                                         uint16_t * {aka short unsigned int *}
../Drivers/STM32F7xx_HAL_Driver/Inc/stm32f7xx_hal_spi.h:798:101: note: expected 'uint8_t *' {aka 'unsigned char *'} but argument is of type 'uint16_t *' {aka 'short unsigned int *'}
  798 | HAL_StatusTypeDef HAL_SPI_TransmitReceive(SPI_HandleTypeDef *hspi, const uint8_t *pTxData, uint8_t *pRxData,
      |                                                                                            ~~~~~~~~~^~~~~~~
../Core/Src/main.c:227:16: warning: 'return' with a value, in function returning void [-Wreturn-type]
  227 |         return rx;
      |                ^~
../Core/Src/main.c:222:1: note: declared here
  222 | AD7779_ReadRegister(target_register)
      | ^~~~~~~~~~~~~~~~~~~
make: *** [Core/Src/subdir.mk:34: Core/Src/main.o] Error 1
"make -j12 all" terminated with exit code 2. Build might be incomplete.
12:19:23 **** Incremental Build of configuration Debug for project spi_data_read ****
make -j12 all 
arm-none-eabi-gcc "../Core/Src/main.c" -mcpu=cortex-m7 -std=gnu11 -g3 -DDEBUG -DUSE_HAL_DRIVER -DSTM32F746xx -c -I../Core/Inc -I../Drivers/STM32F7xx_HAL_Driver/Inc -I../Drivers/STM32F7xx_HAL_Driver/Inc/Legacy -I../Drivers/CMSIS/Device/ST/STM32F7xx/Include -I../Drivers/CMSIS/Include -O0 -ffunction-sections -fdata-sections -Wall -fstack-usage -fcyclomatic-complexity -MMD -MP -MF"Core/Src/main.d" -MT"Core/Src/main.o" --specs=nano.specs -mfpu=fpv5-sp-d16 -mfloat-abi=hard -mthumb -o "Core/Src/main.o"
../Core/Src/main.c: In function 'main':
../Core/Src/main.c:101:3: error: 'read_data' undeclared (first use in this function)
  101 |   read_data = debug_buffer;
      |   ^~~~~~~~~
../Core/Src/main.c:101:3: note: each undeclared identifier is reported only once for each function it appears in
../Core/Src/main.c: At top level:
../Core/Src/main.c:222:1: warning: return type defaults to 'int' [-Wimplicit-int]
  222 | AD7779_ReadRegister(uint16_t reg)
      | ^~~~~~~~~~~~~~~~~~~
../Core/Src/main.c:222:1: warning: conflicting types for 'AD7779_ReadRegister'
../Core/Src/main.c:59:6: note: previous declaration of 'AD7779_ReadRegister' with type 'void(uint16_t)' {aka 'void(short unsigned int)'}
   59 | void AD7779_ReadRegister(uint16_t reg);
      |      ^~~~~~~~~~~~~~~~~~~
../Core/Src/main.c: In function 'AD7779_ReadRegister':
../Core/Src/main.c:226:41: warning: passing argument 2 of 'HAL_SPI_TransmitReceive' from incompatible pointer type [-Wincompatible-pointer-types]
  226 |         HAL_SPI_TransmitReceive(&hspi2, (uint16_t*)&tx, (uint16_t*)&rx, 2, HAL_MAX_DELAY);
      |                                         ^~~~~~~~~~~~~~
      |                                         |
      |                                         uint16_t * {aka short unsigned int *}
In file included from ../Core/Inc/stm32f7xx_hal_conf.h:407,
                 from ../Drivers/STM32F7xx_HAL_Driver/Inc/stm32f7xx_hal.h:29,
                 from ../Core/Inc/main.h:30,
                 from ../Core/Src/main.c:20:
../Drivers/STM32F7xx_HAL_Driver/Inc/stm32f7xx_hal_spi.h:798:83: note: expected 'const uint8_t *' {aka 'const unsigned char *'} but argument is of type 'uint16_t *' {aka 'short unsigned int *'}
  798 | HAL_StatusTypeDef HAL_SPI_TransmitReceive(SPI_HandleTypeDef *hspi, const uint8_t *pTxData, uint8_t *pRxData,
      |                                                                    ~~~~~~~~~~~~~~~^~~~~~~
../Core/Src/main.c:226:57: warning: passing argument 3 of 'HAL_SPI_TransmitReceive' from incompatible pointer type [-Wincompatible-pointer-types]
  226 |         HAL_SPI_TransmitReceive(&hspi2, (uint16_t*)&tx, (uint16_t*)&rx, 2, HAL_MAX_DELAY);
      |                                                         ^~~~~~~~~~~~~~
      |                                                         |
      |                                                         uint16_t * {aka short unsigned int *}
../Drivers/STM32F7xx_HAL_Driver/Inc/stm32f7xx_hal_spi.h:798:101: note: expected 'uint8_t *' {aka 'unsigned char *'} but argument is of type 'uint16_t *' {aka 'short unsigned int *'}
  798 | HAL_StatusTypeDef HAL_SPI_TransmitReceive(SPI_HandleTypeDef *hspi, const uint8_t *pTxData, uint8_t *pRxData,
      |                                                                                            ~~~~~~~~~^~~~~~~
../Core/Src/main.c:228:16: warning: 'return' with a value, in function returning void [-Wreturn-type]
  228 |         return debug_buffer;
      |                ^~~~~~~~~~~~
../Core/Src/main.c:222:1: note: declared here
  222 | AD7779_ReadRegister(uint16_t reg)
      | ^~~~~~~~~~~~~~~~~~~
make: *** [Core/Src/subdir.mk:34: Core/Src/main.o] Error 1
"make -j12 all" terminated with exit code 2. Build might be incomplete.
12:19:43 **** Incremental Build of configuration Debug for project spi_data_read ****
make -j12 all 
arm-none-eabi-gcc "../Core/Src/main.c" -mcpu=cortex-m7 -std=gnu11 -g3 -DDEBUG -DUSE_HAL_DRIVER -DSTM32F746xx -c -I../Core/Inc -I../Drivers/STM32F7xx_HAL_Driver/Inc -I../Drivers/STM32F7xx_HAL_Driver/Inc/Legacy -I../Drivers/CMSIS/Device/ST/STM32F7xx/Include -I../Drivers/CMSIS/Include -O0 -ffunction-sections -fdata-sections -Wall -fstack-usage -fcyclomatic-complexity -MMD -MP -MF"Core/Src/main.d" -MT"Core/Src/main.o" --specs=nano.specs -mfpu=fpv5-sp-d16 -mfloat-abi=hard -mthumb -o "Core/Src/main.o"
../Core/Src/main.c:222:1: warning: return type defaults to 'int' [-Wimplicit-int]
  222 | AD7779_ReadRegister(uint16_t reg)
      | ^~~~~~~~~~~~~~~~~~~
../Core/Src/main.c:222:1: warning: conflicting types for 'AD7779_ReadRegister'
../Core/Src/main.c:59:6: note: previous declaration of 'AD7779_ReadRegister' with type 'void(uint16_t)' {aka 'void(short unsigned int)'}
   59 | void AD7779_ReadRegister(uint16_t reg);
      |      ^~~~~~~~~~~~~~~~~~~
../Core/Src/main.c: In function 'AD7779_ReadRegister':
../Core/Src/main.c:226:41: warning: passing argument 2 of 'HAL_SPI_TransmitReceive' from incompatible pointer type [-Wincompatible-pointer-types]
  226 |         HAL_SPI_TransmitReceive(&hspi2, (uint16_t*)&tx, (uint16_t*)&rx, 2, HAL_MAX_DELAY);
      |                                         ^~~~~~~~~~~~~~
      |                                         |
      |                                         uint16_t * {aka short unsigned int *}
In file included from ../Core/Inc/stm32f7xx_hal_conf.h:407,
                 from ../Drivers/STM32F7xx_HAL_Driver/Inc/stm32f7xx_hal.h:29,
                 from ../Core/Inc/main.h:30,
                 from ../Core/Src/main.c:20:
../Drivers/STM32F7xx_HAL_Driver/Inc/stm32f7xx_hal_spi.h:798:83: note: expected 'const uint8_t *' {aka 'const unsigned char *'} but argument is of type 'uint16_t *' {aka 'short unsigned int *'}
  798 | HAL_StatusTypeDef HAL_SPI_TransmitReceive(SPI_HandleTypeDef *hspi, const uint8_t *pTxData, uint8_t *pRxData,
      |                                                                    ~~~~~~~~~~~~~~~^~~~~~~
../Core/Src/main.c:226:57: warning: passing argument 3 of 'HAL_SPI_TransmitReceive' from incompatible pointer type [-Wincompatible-pointer-types]
  226 |         HAL_SPI_TransmitReceive(&hspi2, (uint16_t*)&tx, (uint16_t*)&rx, 2, HAL_MAX_DELAY);
      |                                                         ^~~~~~~~~~~~~~
      |                                                         |
      |                                                         uint16_t * {aka short unsigned int *}
../Drivers/STM32F7xx_HAL_Driver/Inc/stm32f7xx_hal_spi.h:798:101: note: expected 'uint8_t *' {aka 'unsigned char *'} but argument is of type 'uint16_t *' {aka 'short unsigned int *'}
  798 | HAL_StatusTypeDef HAL_SPI_TransmitReceive(SPI_HandleTypeDef *hspi, const uint8_t *pTxData, uint8_t *pRxData,
      |                                                                                            ~~~~~~~~~^~~~~~~
../Core/Src/main.c:228:16: warning: 'return' with a value, in function returning void [-Wreturn-type]
  228 |         return debug_buffer;
      |                ^~~~~~~~~~~~
../Core/Src/main.c:222:1: note: declared here
  222 | AD7779_ReadRegister(uint16_t reg)
      | ^~~~~~~~~~~~~~~~~~~
arm-none-eabi-gcc -o "spi_data_read.elf" @"objects.list"   -mcpu=cortex-m7 -T"/home/invadl0640/Desktop/STM32 Codes/spi_data_read/STM32F746NGHX_FLASH.ld" --specs=nosys.specs -Wl,-Map="spi_data_read.map" -Wl,--gc-sections -static --specs=nano.specs -mfpu=fpv5-sp-d16 -mfloat-abi=hard -mthumb -Wl,--start-group -lc -lm -Wl,--end-group
Finished building target: spi_data_read.elf
 
arm-none-eabi-size  spi_data_read.elf 
arm-none-eabi-objdump -h -S spi_data_read.elf  > "spi_data_read.list"
   text	   data	    bss	    dec	    hex	filename
   8452	     16	   1672	  10140	   279c	spi_data_read.elf
Finished building: default.size.stdout
 
Finished building: spi_data_read.list
 
12:20:34 **** Incremental Build of configuration Debug for project spi_data_read ****
make -j12 all 
arm-none-eabi-gcc "../Core/Src/main.c" -mcpu=cortex-m7 -std=gnu11 -g3 -DDEBUG -DUSE_HAL_DRIVER -DSTM32F746xx -c -I../Core/Inc -I../Drivers/STM32F7xx_HAL_Driver/Inc -I../Drivers/STM32F7xx_HAL_Driver/Inc/Legacy -I../Drivers/CMSIS/Device/ST/STM32F7xx/Include -I../Drivers/CMSIS/Include -O0 -ffunction-sections -fdata-sections -Wall -fstack-usage -fcyclomatic-complexity -MMD -MP -MF"Core/Src/main.d" -MT"Core/Src/main.o" --specs=nano.specs -mfpu=fpv5-sp-d16 -mfloat-abi=hard -mthumb -o "Core/Src/main.o"
../Core/Src/main.c: In function 'AD7779_ReadRegister':
../Core/Src/main.c:226:41: warning: passing argument 2 of 'HAL_SPI_TransmitReceive' from incompatible pointer type [-Wincompatible-pointer-types]
  226 |         HAL_SPI_TransmitReceive(&hspi2, (uint16_t*)&tx, (uint16_t*)&rx, 2, HAL_MAX_DELAY);
      |                                         ^~~~~~~~~~~~~~
      |                                         |
      |                                         uint16_t * {aka short unsigned int *}
In file included from ../Core/Inc/stm32f7xx_hal_conf.h:407,
                 from ../Drivers/STM32F7xx_HAL_Driver/Inc/stm32f7xx_hal.h:29,
                 from ../Core/Inc/main.h:30,
                 from ../Core/Src/main.c:20:
../Drivers/STM32F7xx_HAL_Driver/Inc/stm32f7xx_hal_spi.h:798:83: note: expected 'const uint8_t *' {aka 'const unsigned char *'} but argument is of type 'uint16_t *' {aka 'short unsigned int *'}
  798 | HAL_StatusTypeDef HAL_SPI_TransmitReceive(SPI_HandleTypeDef *hspi, const uint8_t *pTxData, uint8_t *pRxData,
      |                                                                    ~~~~~~~~~~~~~~~^~~~~~~
../Core/Src/main.c:226:57: warning: passing argument 3 of 'HAL_SPI_TransmitReceive' from incompatible pointer type [-Wincompatible-pointer-types]
  226 |         HAL_SPI_TransmitReceive(&hspi2, (uint16_t*)&tx, (uint16_t*)&rx, 2, HAL_MAX_DELAY);
      |                                                         ^~~~~~~~~~~~~~
      |                                                         |
      |                                                         uint16_t * {aka short unsigned int *}
../Drivers/STM32F7xx_HAL_Driver/Inc/stm32f7xx_hal_spi.h:798:101: note: expected 'uint8_t *' {aka 'unsigned char *'} but argument is of type 'uint16_t *' {aka 'short unsigned int *'}
  798 | HAL_StatusTypeDef HAL_SPI_TransmitReceive(SPI_HandleTypeDef *hspi, const uint8_t *pTxData, uint8_t *pRxData,
      |                                                                                            ~~~~~~~~~^~~~~~~
arm-none-eabi-gcc -o "spi_data_read.elf" @"objects.list"   -mcpu=cortex-m7 -T"/home/invadl0640/Desktop/STM32 Codes/spi_data_read/STM32F746NGHX_FLASH.ld" --specs=nosys.specs -Wl,-Map="spi_data_read.map" -Wl,--gc-sections -static --specs=nano.specs -mfpu=fpv5-sp-d16 -mfloat-abi=hard -mthumb -Wl,--start-group -lc -lm -Wl,--end-group
Finished building target: spi_data_read.elf
 
arm-none-eabi-size  spi_data_read.elf 
arm-none-eabi-objdump -h -S spi_data_read.elf  > "spi_data_read.list"
   text	   data	    bss	    dec	    hex	filename
   8456	     16	   1672	  10144	   27a0	spi_data_read.elf
Finished building: default.size.stdout
 
Finished building: spi_data_read.list
 
12:22:32 **** Incremental Build of configuration Debug for project spi_data_read ****
make -j12 all 
arm-none-eabi-gcc "../Core/Src/main.c" -mcpu=cortex-m7 -std=gnu11 -g3 -DDEBUG -DUSE_HAL_DRIVER -DSTM32F746xx -c -I../Core/Inc -I../Drivers/STM32F7xx_HAL_Driver/Inc -I../Drivers/STM32F7xx_HAL_Driver/Inc/Legacy -I../Drivers/CMSIS/Device/ST/STM32F7xx/Include -I../Drivers/CMSIS/Include -O0 -ffunction-sections -fdata-sections -Wall -fstack-usage -fcyclomatic-complexity -MMD -MP -MF"Core/Src/main.d" -MT"Core/Src/main.o" --specs=nano.specs -mfpu=fpv5-sp-d16 -mfloat-abi=hard -mthumb -o "Core/Src/main.o"
../Core/Src/main.c: In function 'AD7779_ReadRegister':
../Core/Src/main.c:226:41: warning: passing argument 2 of 'HAL_SPI_TransmitReceive' from incompatible pointer type [-Wincompatible-pointer-types]
  226 |         HAL_SPI_TransmitReceive(&hspi2, &tx, &rx, 1, HAL_MAX_DELAY);
      |                                         ^~~
      |                                         |
      |                                         uint16_t * {aka short unsigned int *}
In file included from ../Core/Inc/stm32f7xx_hal_conf.h:407,
                 from ../Drivers/STM32F7xx_HAL_Driver/Inc/stm32f7xx_hal.h:29,
                 from ../Core/Inc/main.h:30,
                 from ../Core/Src/main.c:20:
../Drivers/STM32F7xx_HAL_Driver/Inc/stm32f7xx_hal_spi.h:798:83: note: expected 'const uint8_t *' {aka 'const unsigned char *'} but argument is of type 'uint16_t *' {aka 'short unsigned int *'}
  798 | HAL_StatusTypeDef HAL_SPI_TransmitReceive(SPI_HandleTypeDef *hspi, const uint8_t *pTxData, uint8_t *pRxData,
      |                                                                    ~~~~~~~~~~~~~~~^~~~~~~
../Core/Src/main.c:226:46: warning: passing argument 3 of 'HAL_SPI_TransmitReceive' from incompatible pointer type [-Wincompatible-pointer-types]
  226 |         HAL_SPI_TransmitReceive(&hspi2, &tx, &rx, 1, HAL_MAX_DELAY);
      |                                              ^~~
      |                                              |
      |                                              uint16_t * {aka short unsigned int *}
../Drivers/STM32F7xx_HAL_Driver/Inc/stm32f7xx_hal_spi.h:798:101: note: expected 'uint8_t *' {aka 'unsigned char *'} but argument is of type 'uint16_t *' {aka 'short unsigned int *'}
  798 | HAL_StatusTypeDef HAL_SPI_TransmitReceive(SPI_HandleTypeDef *hspi, const uint8_t *pTxData, uint8_t *pRxData,
      |                                                                                            ~~~~~~~~~^~~~~~~
arm-none-eabi-gcc -o "spi_data_read.elf" @"objects.list"   -mcpu=cortex-m7 -T"/home/invadl0640/Desktop/STM32 Codes/spi_data_read/STM32F746NGHX_FLASH.ld" --specs=nosys.specs -Wl,-Map="spi_data_read.map" -Wl,--gc-sections -static --specs=nano.specs -mfpu=fpv5-sp-d16 -mfloat-abi=hard -mthumb -Wl,--start-group -lc -lm -Wl,--end-group
Finished building target: spi_data_read.elf
 
arm-none-eabi-size  spi_data_read.elf 
arm-none-eabi-objdump -h -S spi_data_read.elf  > "spi_data_read.list"
   text	   data	    bss	    dec	    hex	filename
   8456	     16	   1672	  10144	   27a0	spi_data_read.elf
Finished building: default.size.stdout
 
Finished building: spi_data_read.list
 
12:24:06 **** Incremental Build of configuration Debug for project spi_data_read ****
make -j12 all 
arm-none-eabi-gcc "../Core/Src/main.c" -mcpu=cortex-m7 -std=gnu11 -g3 -DDEBUG -DUSE_HAL_DRIVER -DSTM32F746xx -c -I../Core/Inc -I../Drivers/STM32F7xx_HAL_Driver/Inc -I../Drivers/STM32F7xx_HAL_Driver/Inc/Legacy -I../Drivers/CMSIS/Device/ST/STM32F7xx/Include -I../Drivers/CMSIS/Include -O0 -ffunction-sections -fdata-sections -Wall -fstack-usage -fcyclomatic-complexity -MMD -MP -MF"Core/Src/main.d" -MT"Core/Src/main.o" --specs=nano.specs -mfpu=fpv5-sp-d16 -mfloat-abi=hard -mthumb -o "Core/Src/main.o"
../Core/Src/main.c: In function 'AD7779_ReadRegister':
../Core/Src/main.c:226:41: warning: passing argument 2 of 'HAL_SPI_TransmitReceive' from incompatible pointer type [-Wincompatible-pointer-types]
  226 |         HAL_SPI_TransmitReceive(&hspi2, (uint16_t*)&tx, (uint16_t*)&rx, 1, HAL_MAX_DELAY);
      |                                         ^~~~~~~~~~~~~~
      |                                         |
      |                                         uint16_t * {aka short unsigned int *}
In file included from ../Core/Inc/stm32f7xx_hal_conf.h:407,
                 from ../Drivers/STM32F7xx_HAL_Driver/Inc/stm32f7xx_hal.h:29,
                 from ../Core/Inc/main.h:30,
                 from ../Core/Src/main.c:20:
../Drivers/STM32F7xx_HAL_Driver/Inc/stm32f7xx_hal_spi.h:798:83: note: expected 'const uint8_t *' {aka 'const unsigned char *'} but argument is of type 'uint16_t *' {aka 'short unsigned int *'}
  798 | HAL_StatusTypeDef HAL_SPI_TransmitReceive(SPI_HandleTypeDef *hspi, const uint8_t *pTxData, uint8_t *pRxData,
      |                                                                    ~~~~~~~~~~~~~~~^~~~~~~
../Core/Src/main.c:226:57: warning: passing argument 3 of 'HAL_SPI_TransmitReceive' from incompatible pointer type [-Wincompatible-pointer-types]
  226 |         HAL_SPI_TransmitReceive(&hspi2, (uint16_t*)&tx, (uint16_t*)&rx, 1, HAL_MAX_DELAY);
      |                                                         ^~~~~~~~~~~~~~
      |                                                         |
      |                                                         uint16_t * {aka short unsigned int *}
../Drivers/STM32F7xx_HAL_Driver/Inc/stm32f7xx_hal_spi.h:798:101: note: expected 'uint8_t *' {aka 'unsigned char *'} but argument is of type 'uint16_t *' {aka 'short unsigned int *'}
  798 | HAL_StatusTypeDef HAL_SPI_TransmitReceive(SPI_HandleTypeDef *hspi, const uint8_t *pTxData, uint8_t *pRxData,
      |                                                                                            ~~~~~~~~~^~~~~~~
arm-none-eabi-gcc -o "spi_data_read.elf" @"objects.list"   -mcpu=cortex-m7 -T"/home/invadl0640/Desktop/STM32 Codes/spi_data_read/STM32F746NGHX_FLASH.ld" --specs=nosys.specs -Wl,-Map="spi_data_read.map" -Wl,--gc-sections -static --specs=nano.specs -mfpu=fpv5-sp-d16 -mfloat-abi=hard -mthumb -Wl,--start-group -lc -lm -Wl,--end-group
Finished building target: spi_data_read.elf
 
arm-none-eabi-size  spi_data_read.elf 
arm-none-eabi-objdump -h -S spi_data_read.elf  > "spi_data_read.list"
   text	   data	    bss	    dec	    hex	filename
   8456	     16	   1672	  10144	   27a0	spi_data_read.elf
Finished building: default.size.stdout
 
Finished building: spi_data_read.list
 
12:27:38 **** Incremental Build of configuration Debug for project spi_data_read ****
make -j12 all 
arm-none-eabi-gcc "../Core/Src/main.c" -mcpu=cortex-m7 -std=gnu11 -g3 -DDEBUG -DUSE_HAL_DRIVER -DSTM32F746xx -c -I../Core/Inc -I../Drivers/STM32F7xx_HAL_Driver/Inc -I../Drivers/STM32F7xx_HAL_Driver/Inc/Legacy -I../Drivers/CMSIS/Device/ST/STM32F7xx/Include -I../Drivers/CMSIS/Include -O0 -ffunction-sections -fdata-sections -Wall -fstack-usage -fcyclomatic-complexity -MMD -MP -MF"Core/Src/main.d" -MT"Core/Src/main.o" --specs=nano.specs -mfpu=fpv5-sp-d16 -mfloat-abi=hard -mthumb -o "Core/Src/main.o"
../Core/Src/main.c: In function 'AD7779_ReadRegister':
../Core/Src/main.c:226:34: warning: passing argument 2 of 'HAL_SPI_Transmit' from incompatible pointer type [-Wincompatible-pointer-types]
  226 |         HAL_SPI_Transmit(&hspi2, & tx ,HAL_MAX_DELAY);
      |                                  ^~~~
      |                                  |
      |                                  uint16_t * {aka short unsigned int *}
In file included from ../Core/Inc/stm32f7xx_hal_conf.h:407,
                 from ../Drivers/STM32F7xx_HAL_Driver/Inc/stm32f7xx_hal.h:29,
                 from ../Core/Inc/main.h:30,
                 from ../Core/Src/main.c:20:
../Drivers/STM32F7xx_HAL_Driver/Inc/stm32f7xx_hal_spi.h:796:76: note: expected 'const uint8_t *' {aka 'const unsigned char *'} but argument is of type 'uint16_t *' {aka 'short unsigned int *'}
  796 | HAL_StatusTypeDef HAL_SPI_Transmit(SPI_HandleTypeDef *hspi, const uint8_t *pData, uint16_t Size, uint32_t Timeout);
      |                                                             ~~~~~~~~~~~~~~~^~~~~
In file included from ../Drivers/STM32F7xx_HAL_Driver/Inc/stm32f7xx_hal_rcc.h:27,
                 from ../Core/Inc/stm32f7xx_hal_conf.h:271:
../Drivers/STM32F7xx_HAL_Driver/Inc/stm32f7xx_hal_def.h:61:28: warning: conversion from 'unsigned int' to 'uint16_t' {aka 'short unsigned int'} changes value from '4294967295' to '65535' [-Woverflow]
   61 | #define HAL_MAX_DELAY      0xFFFFFFFFU
      |                            ^~~~~~~~~~~
../Core/Src/main.c:226:40: note: in expansion of macro 'HAL_MAX_DELAY'
  226 |         HAL_SPI_Transmit(&hspi2, & tx ,HAL_MAX_DELAY);
      |                                        ^~~~~~~~~~~~~
../Core/Src/main.c:226:9: error: too few arguments to function 'HAL_SPI_Transmit'
  226 |         HAL_SPI_Transmit(&hspi2, & tx ,HAL_MAX_DELAY);
      |         ^~~~~~~~~~~~~~~~
../Drivers/STM32F7xx_HAL_Driver/Inc/stm32f7xx_hal_spi.h:796:19: note: declared here
  796 | HAL_StatusTypeDef HAL_SPI_Transmit(SPI_HandleTypeDef *hspi, const uint8_t *pData, uint16_t Size, uint32_t Timeout);
      |                   ^~~~~~~~~~~~~~~~
make: *** [Core/Src/subdir.mk:34: Core/Src/main.o] Error 1
"make -j12 all" terminated with exit code 2. Build might be incomplete.
12:27:55 **** Incremental Build of configuration Debug for project spi_data_read ****
make -j12 all 
arm-none-eabi-gcc "../Core/Src/main.c" -mcpu=cortex-m7 -std=gnu11 -g3 -DDEBUG -DUSE_HAL_DRIVER -DSTM32F746xx -c -I../Core/Inc -I../Drivers/STM32F7xx_HAL_Driver/Inc -I../Drivers/STM32F7xx_HAL_Driver/Inc/Legacy -I../Drivers/CMSIS/Device/ST/STM32F7xx/Include -I../Drivers/CMSIS/Include -O0 -ffunction-sections -fdata-sections -Wall -fstack-usage -fcyclomatic-complexity -MMD -MP -MF"Core/Src/main.d" -MT"Core/Src/main.o" --specs=nano.specs -mfpu=fpv5-sp-d16 -mfloat-abi=hard -mthumb -o "Core/Src/main.o"
../Core/Src/main.c: In function 'AD7779_ReadRegister':
../Core/Src/main.c:226:34: warning: passing argument 2 of 'HAL_SPI_Transmit' from incompatible pointer type [-Wincompatible-pointer-types]
  226 |         HAL_SPI_Transmit(&hspi2, & tx ,1 ,HAL_MAX_DELAY);
      |                                  ^~~~
      |                                  |
      |                                  uint16_t * {aka short unsigned int *}
In file included from ../Core/Inc/stm32f7xx_hal_conf.h:407,
                 from ../Drivers/STM32F7xx_HAL_Driver/Inc/stm32f7xx_hal.h:29,
                 from ../Core/Inc/main.h:30,
                 from ../Core/Src/main.c:20:
../Drivers/STM32F7xx_HAL_Driver/Inc/stm32f7xx_hal_spi.h:796:76: note: expected 'const uint8_t *' {aka 'const unsigned char *'} but argument is of type 'uint16_t *' {aka 'short unsigned int *'}
  796 | HAL_StatusTypeDef HAL_SPI_Transmit(SPI_HandleTypeDef *hspi, const uint8_t *pData, uint16_t Size, uint32_t Timeout);
      |                                                             ~~~~~~~~~~~~~~~^~~~~
arm-none-eabi-gcc -o "spi_data_read.elf" @"objects.list"   -mcpu=cortex-m7 -T"/home/invadl0640/Desktop/STM32 Codes/spi_data_read/STM32F746NGHX_FLASH.ld" --specs=nosys.specs -Wl,-Map="spi_data_read.map" -Wl,--gc-sections -static --specs=nano.specs -mfpu=fpv5-sp-d16 -mfloat-abi=hard -mthumb -Wl,--start-group -lc -lm -Wl,--end-group
Finished building target: spi_data_read.elf
 
arm-none-eabi-size  spi_data_read.elf 
arm-none-eabi-objdump -h -S spi_data_read.elf  > "spi_data_read.list"
   text	   data	    bss	    dec	    hex	filename
   8112	     16	   1672	   9800	   2648	spi_data_read.elf
Finished building: default.size.stdout
 
Finished building: spi_data_read.list
 
12:29:18 **** Incremental Build of configuration Debug for project spi_data_read ****
make -j12 all 
arm-none-eabi-gcc "../Core/Src/main.c" -mcpu=cortex-m7 -std=gnu11 -g3 -DDEBUG -DUSE_HAL_DRIVER -DSTM32F746xx -c -I../Core/Inc -I../Drivers/STM32F7xx_HAL_Driver/Inc -I../Drivers/STM32F7xx_HAL_Driver/Inc/Legacy -I../Drivers/CMSIS/Device/ST/STM32F7xx/Include -I../Drivers/CMSIS/Include -O0 -ffunction-sections -fdata-sections -Wall -fstack-usage -fcyclomatic-complexity -MMD -MP -MF"Core/Src/main.d" -MT"Core/Src/main.o" --specs=nano.specs -mfpu=fpv5-sp-d16 -mfloat-abi=hard -mthumb -o "Core/Src/main.o"
arm-none-eabi-gcc -o "spi_data_read.elf" @"objects.list"   -mcpu=cortex-m7 -T"/home/invadl0640/Desktop/STM32 Codes/spi_data_read/STM32F746NGHX_FLASH.ld" --specs=nosys.specs -Wl,-Map="spi_data_read.map" -Wl,--gc-sections -static --specs=nano.specs -mfpu=fpv5-sp-d16 -mfloat-abi=hard -mthumb -Wl,--start-group -lc -lm -Wl,--end-group
Finished building target: spi_data_read.elf
 
arm-none-eabi-size  spi_data_read.elf 
arm-none-eabi-objdump -h -S spi_data_read.elf  > "spi_data_read.list"
   text	   data	    bss	    dec	    hex	filename
   8112	     16	   1672	   9800	   2648	spi_data_read.elf
Finished building: default.size.stdout
 
Finished building: spi_data_read.list
 
12:31:15 **** Incremental Build of configuration Debug for project spi_data_read ****
make -j12 all 
arm-none-eabi-gcc "../Core/Src/main.c" -mcpu=cortex-m7 -std=gnu11 -g3 -DDEBUG -DUSE_HAL_DRIVER -DSTM32F746xx -c -I../Core/Inc -I../Drivers/STM32F7xx_HAL_Driver/Inc -I../Drivers/STM32F7xx_HAL_Driver/Inc/Legacy -I../Drivers/CMSIS/Device/ST/STM32F7xx/Include -I../Drivers/CMSIS/Include -O0 -ffunction-sections -fdata-sections -Wall -fstack-usage -fcyclomatic-complexity -MMD -MP -MF"Core/Src/main.d" -MT"Core/Src/main.o" --specs=nano.specs -mfpu=fpv5-sp-d16 -mfloat-abi=hard -mthumb -o "Core/Src/main.o"
../Core/Src/main.c: In function 'AD7779_ReadRegister':
../Core/Src/main.c:228:33: warning: cast from pointer to integer of different size [-Wpointer-to-int-cast]
  228 |         HAL_SPI_Receive(&hspi2, (uint8_t)&rx, 1, HAL_MAX_DELAY);
      |                                 ^
../Core/Src/main.c:228:33: warning: passing argument 2 of 'HAL_SPI_Receive' makes pointer from integer without a cast [-Wint-conversion]
  228 |         HAL_SPI_Receive(&hspi2, (uint8_t)&rx, 1, HAL_MAX_DELAY);
      |                                 ^~~~~~~~~~~~
      |                                 |
      |                                 unsigned char
In file included from ../Core/Inc/stm32f7xx_hal_conf.h:407,
                 from ../Drivers/STM32F7xx_HAL_Driver/Inc/stm32f7xx_hal.h:29,
                 from ../Core/Inc/main.h:30,
                 from ../Core/Src/main.c:20:
../Drivers/STM32F7xx_HAL_Driver/Inc/stm32f7xx_hal_spi.h:797:69: note: expected 'uint8_t *' {aka 'unsigned char *'} but argument is of type 'unsigned char'
  797 | HAL_StatusTypeDef HAL_SPI_Receive(SPI_HandleTypeDef *hspi, uint8_t *pData, uint16_t Size, uint32_t Timeout);
      |                                                            ~~~~~~~~~^~~~~
arm-none-eabi-gcc -o "spi_data_read.elf" @"objects.list"   -mcpu=cortex-m7 -T"/home/invadl0640/Desktop/STM32 Codes/spi_data_read/STM32F746NGHX_FLASH.ld" --specs=nosys.specs -Wl,-Map="spi_data_read.map" -Wl,--gc-sections -static --specs=nano.specs -mfpu=fpv5-sp-d16 -mfloat-abi=hard -mthumb -Wl,--start-group -lc -lm -Wl,--end-group
Finished building target: spi_data_read.elf
 
arm-none-eabi-size  spi_data_read.elf 
arm-none-eabi-objdump -h -S spi_data_read.elf  > "spi_data_read.list"
   text	   data	    bss	    dec	    hex	filename
  10088	     16	   1672	  11776	   2e00	spi_data_read.elf
Finished building: default.size.stdout
 
Finished building: spi_data_read.list
 
12:31:26 **** Incremental Build of configuration Debug for project spi_data_read ****
make -j12 all 
arm-none-eabi-gcc "../Core/Src/main.c" -mcpu=cortex-m7 -std=gnu11 -g3 -DDEBUG -DUSE_HAL_DRIVER -DSTM32F746xx -c -I../Core/Inc -I../Drivers/STM32F7xx_HAL_Driver/Inc -I../Drivers/STM32F7xx_HAL_Driver/Inc/Legacy -I../Drivers/CMSIS/Device/ST/STM32F7xx/Include -I../Drivers/CMSIS/Include -O0 -ffunction-sections -fdata-sections -Wall -fstack-usage -fcyclomatic-complexity -MMD -MP -MF"Core/Src/main.d" -MT"Core/Src/main.o" --specs=nano.specs -mfpu=fpv5-sp-d16 -mfloat-abi=hard -mthumb -o "Core/Src/main.o"
arm-none-eabi-gcc -o "spi_data_read.elf" @"objects.list"   -mcpu=cortex-m7 -T"/home/invadl0640/Desktop/STM32 Codes/spi_data_read/STM32F746NGHX_FLASH.ld" --specs=nosys.specs -Wl,-Map="spi_data_read.map" -Wl,--gc-sections -static --specs=nano.specs -mfpu=fpv5-sp-d16 -mfloat-abi=hard -mthumb -Wl,--start-group -lc -lm -Wl,--end-group
Finished building target: spi_data_read.elf
 
arm-none-eabi-size  spi_data_read.elf 
arm-none-eabi-objdump -h -S spi_data_read.elf  > "spi_data_read.list"
   text	   data	    bss	    dec	    hex	filename
  10084	     16	   1672	  11772	   2dfc	spi_data_read.elf
Finished building: default.size.stdout
 
Finished building: spi_data_read.list
 
13:34:17 **** Incremental Build of configuration Debug for project spi_data_read ****
make -j12 all 
arm-none-eabi-size  spi_data_read.elf 
   text	   data	    bss	    dec	    hex	filename
  10084	     16	   1672	  11772	   2dfc	spi_data_read.elf
Finished building: default.size.stdout
 
13:36:03 **** Incremental Build of configuration Debug for project spi_data_read ****
make -j12 all 
arm-none-eabi-size  spi_data_read.elf 
   text	   data	    bss	    dec	    hex	filename
  10084	     16	   1672	  11772	   2dfc	spi_data_read.elf
Finished building: default.size.stdout
 
13:36:23 **** Incremental Build of configuration Debug for project spi_data_read ****
make -j12 all 
arm-none-eabi-size  spi_data_read.elf 
   text	   data	    bss	    dec	    hex	filename
  10084	     16	   1672	  11772	   2dfc	spi_data_read.elf
Finished building: default.size.stdout
 
13:36:32 **** Incremental Build of configuration Debug for project spi_data_read ****
make -j12 all 
arm-none-eabi-size  spi_data_read.elf 
   text	   data	    bss	    dec	    hex	filename
  10084	     16	   1672	  11772	   2dfc	spi_data_read.elf
Finished building: default.size.stdout
 
13:36:46 **** Incremental Build of configuration Debug for project spi_data_read ****
make -j12 all 
arm-none-eabi-size  spi_data_read.elf 
   text	   data	    bss	    dec	    hex	filename
  10084	     16	   1672	  11772	   2dfc	spi_data_read.elf
Finished building: default.size.stdout
 
13:37:00 **** Incremental Build of configuration Debug for project spi_data_read ****
make -j12 all 
arm-none-eabi-size  spi_data_read.elf 
   text	   data	    bss	    dec	    hex	filename
  10084	     16	   1672	  11772	   2dfc	spi_data_read.elf
Finished building: default.size.stdout
 
13:37:11 **** Incremental Build of configuration Debug for project spi_data_read ****
make -j12 all 
arm-none-eabi-size  spi_data_read.elf 
   text	   data	    bss	    dec	    hex	filename
  10084	     16	   1672	  11772	   2dfc	spi_data_read.elf
Finished building: default.size.stdout
 
13:37:21 **** Incremental Build of configuration Debug for project spi_data_read ****
make -j12 all 
arm-none-eabi-size  spi_data_read.elf 
   text	   data	    bss	    dec	    hex	filename
  10084	     16	   1672	  11772	   2dfc	spi_data_read.elf
Finished building: default.size.stdout
 
13:38:31 **** Incremental Build of configuration Debug for project spi_data_read ****
make -j12 all 
arm-none-eabi-gcc "../Core/Src/main.c" -mcpu=cortex-m7 -std=gnu11 -g3 -DDEBUG -DUSE_HAL_DRIVER -DSTM32F746xx -c -I../Core/Inc -I../Drivers/STM32F7xx_HAL_Driver/Inc -I../Drivers/STM32F7xx_HAL_Driver/Inc/Legacy -I../Drivers/CMSIS/Device/ST/STM32F7xx/Include -I../Drivers/CMSIS/Include -O0 -ffunction-sections -fdata-sections -Wall -fstack-usage -fcyclomatic-complexity -MMD -MP -MF"Core/Src/main.d" -MT"Core/Src/main.o" --specs=nano.specs -mfpu=fpv5-sp-d16 -mfloat-abi=hard -mthumb -o "Core/Src/main.o"
../Core/Src/main.c: In function 'SystemClock_Config':
../Core/Src/main.c:121:22: warning: variable 'RCC_OscInitStruct' set but not used [-Wunused-but-set-variable]
  121 |   RCC_OscInitTypeDef RCC_OscInitStruct = {0};
      |                      ^~~~~~~~~~~~~~~~~
arm-none-eabi-gcc -o "spi_data_read.elf" @"objects.list"   -mcpu=cortex-m7 -T"/home/invadl0640/Desktop/STM32 Codes/spi_data_read/STM32F746NGHX_FLASH.ld" --specs=nosys.specs -Wl,-Map="spi_data_read.map" -Wl,--gc-sections -static --specs=nano.specs -mfpu=fpv5-sp-d16 -mfloat-abi=hard -mthumb -Wl,--start-group -lc -lm -Wl,--end-group
Finished building target: spi_data_read.elf
 
arm-none-eabi-size  spi_data_read.elf 
arm-none-eabi-objdump -h -S spi_data_read.elf  > "spi_data_read.list"
   text	   data	    bss	    dec	    hex	filename
   8716	     16	   1672	  10404	   28a4	spi_data_read.elf
Finished building: default.size.stdout
 
Finished building: spi_data_read.list
 
13:38:41 **** Incremental Build of configuration Debug for project spi_data_read ****
make -j12 all 
arm-none-eabi-size  spi_data_read.elf 
   text	   data	    bss	    dec	    hex	filename
   8716	     16	   1672	  10404	   28a4	spi_data_read.elf
Finished building: default.size.stdout
 
13:39:09 **** Incremental Build of configuration Debug for project spi_data_read ****
make -j12 all 
arm-none-eabi-gcc "../Core/Src/main.c" -mcpu=cortex-m7 -std=gnu11 -g3 -DDEBUG -DUSE_HAL_DRIVER -DSTM32F746xx -c -I../Core/Inc -I../Drivers/STM32F7xx_HAL_Driver/Inc -I../Drivers/STM32F7xx_HAL_Driver/Inc/Legacy -I../Drivers/CMSIS/Device/ST/STM32F7xx/Include -I../Drivers/CMSIS/Include -O0 -ffunction-sections -fdata-sections -Wall -fstack-usage -fcyclomatic-complexity -MMD -MP -MF"Core/Src/main.d" -MT"Core/Src/main.o" --specs=nano.specs -mfpu=fpv5-sp-d16 -mfloat-abi=hard -mthumb -o "Core/Src/main.o"
../Core/Src/main.c: In function 'SystemClock_Config':
../Core/Src/main.c:121:22: warning: variable 'RCC_OscInitStruct' set but not used [-Wunused-but-set-variable]
  121 |   RCC_OscInitTypeDef RCC_OscInitStruct = {0};
      |                      ^~~~~~~~~~~~~~~~~
arm-none-eabi-gcc -o "spi_data_read.elf" @"objects.list"   -mcpu=cortex-m7 -T"/home/invadl0640/Desktop/STM32 Codes/spi_data_read/STM32F746NGHX_FLASH.ld" --specs=nosys.specs -Wl,-Map="spi_data_read.map" -Wl,--gc-sections -static --specs=nano.specs -mfpu=fpv5-sp-d16 -mfloat-abi=hard -mthumb -Wl,--start-group -lc -lm -Wl,--end-group
Finished building target: spi_data_read.elf
 
arm-none-eabi-size  spi_data_read.elf 
arm-none-eabi-objdump -h -S spi_data_read.elf  > "spi_data_read.list"
   text	   data	    bss	    dec	    hex	filename
   8712	     16	   1672	  10400	   28a0	spi_data_read.elf
Finished building: default.size.stdout
 
Finished building: spi_data_read.list
 
13:41:42 **** Incremental Build of configuration Debug for project spi_data_read ****
make -j12 all 
arm-none-eabi-gcc "../Drivers/STM32F7xx_HAL_Driver/Src/stm32f7xx_hal.c" -mcpu=cortex-m7 -std=gnu11 -g3 -DDEBUG -DUSE_HAL_DRIVER -DSTM32F746xx -c -I../Core/Inc -I../Drivers/STM32F7xx_HAL_Driver/Inc -I../Drivers/STM32F7xx_HAL_Driver/Inc/Legacy -I../Drivers/CMSIS/Device/ST/STM32F7xx/Include -I../Drivers/CMSIS/Include -O0 -ffunction-sections -fdata-sections -Wall -fstack-usage -fcyclomatic-complexity -MMD -MP -MF"Drivers/STM32F7xx_HAL_Driver/Src/stm32f7xx_hal.d" -MT"Drivers/STM32F7xx_HAL_Driver/Src/stm32f7xx_hal.o" --specs=nano.specs -mfpu=fpv5-sp-d16 -mfloat-abi=hard -mthumb -o "Drivers/STM32F7xx_HAL_Driver/Src/stm32f7xx_hal.o"
arm-none-eabi-gcc "../Drivers/STM32F7xx_HAL_Driver/Src/stm32f7xx_hal_cortex.c" -mcpu=cortex-m7 -std=gnu11 -g3 -DDEBUG -DUSE_HAL_DRIVER -DSTM32F746xx -c -I../Core/Inc -I../Drivers/STM32F7xx_HAL_Driver/Inc -I../Drivers/STM32F7xx_HAL_Driver/Inc/Legacy -I../Drivers/CMSIS/Device/ST/STM32F7xx/Include -I../Drivers/CMSIS/Include -O0 -ffunction-sections -fdata-sections -Wall -fstack-usage -fcyclomatic-complexity -MMD -MP -MF"Drivers/STM32F7xx_HAL_Driver/Src/stm32f7xx_hal_cortex.d" -MT"Drivers/STM32F7xx_HAL_Driver/Src/stm32f7xx_hal_cortex.o" --specs=nano.specs -mfpu=fpv5-sp-d16 -mfloat-abi=hard -mthumb -o "Drivers/STM32F7xx_HAL_Driver/Src/stm32f7xx_hal_cortex.o"
arm-none-eabi-gcc "../Drivers/STM32F7xx_HAL_Driver/Src/stm32f7xx_hal_dma.c" -mcpu=cortex-m7 -std=gnu11 -g3 -DDEBUG -DUSE_HAL_DRIVER -DSTM32F746xx -c -I../Core/Inc -I../Drivers/STM32F7xx_HAL_Driver/Inc -I../Drivers/STM32F7xx_HAL_Driver/Inc/Legacy -I../Drivers/CMSIS/Device/ST/STM32F7xx/Include -I../Drivers/CMSIS/Include -O0 -ffunction-sections -fdata-sections -Wall -fstack-usage -fcyclomatic-complexity -MMD -MP -MF"Drivers/STM32F7xx_HAL_Driver/Src/stm32f7xx_hal_dma.d" -MT"Drivers/STM32F7xx_HAL_Driver/Src/stm32f7xx_hal_dma.o" --specs=nano.specs -mfpu=fpv5-sp-d16 -mfloat-abi=hard -mthumb -o "Drivers/STM32F7xx_HAL_Driver/Src/stm32f7xx_hal_dma.o"
arm-none-eabi-gcc "../Drivers/STM32F7xx_HAL_Driver/Src/stm32f7xx_hal_dma_ex.c" -mcpu=cortex-m7 -std=gnu11 -g3 -DDEBUG -DUSE_HAL_DRIVER -DSTM32F746xx -c -I../Core/Inc -I../Drivers/STM32F7xx_HAL_Driver/Inc -I../Drivers/STM32F7xx_HAL_Driver/Inc/Legacy -I../Drivers/CMSIS/Device/ST/STM32F7xx/Include -I../Drivers/CMSIS/Include -O0 -ffunction-sections -fdata-sections -Wall -fstack-usage -fcyclomatic-complexity -MMD -MP -MF"Drivers/STM32F7xx_HAL_Driver/Src/stm32f7xx_hal_dma_ex.d" -MT"Drivers/STM32F7xx_HAL_Driver/Src/stm32f7xx_hal_dma_ex.o" --specs=nano.specs -mfpu=fpv5-sp-d16 -mfloat-abi=hard -mthumb -o "Drivers/STM32F7xx_HAL_Driver/Src/stm32f7xx_hal_dma_ex.o"
arm-none-eabi-gcc "../Drivers/STM32F7xx_HAL_Driver/Src/stm32f7xx_hal_exti.c" -mcpu=cortex-m7 -std=gnu11 -g3 -DDEBUG -DUSE_HAL_DRIVER -DSTM32F746xx -c -I../Core/Inc -I../Drivers/STM32F7xx_HAL_Driver/Inc -I../Drivers/STM32F7xx_HAL_Driver/Inc/Legacy -I../Drivers/CMSIS/Device/ST/STM32F7xx/Include -I../Drivers/CMSIS/Include -O0 -ffunction-sections -fdata-sections -Wall -fstack-usage -fcyclomatic-complexity -MMD -MP -MF"Drivers/STM32F7xx_HAL_Driver/Src/stm32f7xx_hal_exti.d" -MT"Drivers/STM32F7xx_HAL_Driver/Src/stm32f7xx_hal_exti.o" --specs=nano.specs -mfpu=fpv5-sp-d16 -mfloat-abi=hard -mthumb -o "Drivers/STM32F7xx_HAL_Driver/Src/stm32f7xx_hal_exti.o"
arm-none-eabi-gcc "../Drivers/STM32F7xx_HAL_Driver/Src/stm32f7xx_hal_flash.c" -mcpu=cortex-m7 -std=gnu11 -g3 -DDEBUG -DUSE_HAL_DRIVER -DSTM32F746xx -c -I../Core/Inc -I../Drivers/STM32F7xx_HAL_Driver/Inc -I../Drivers/STM32F7xx_HAL_Driver/Inc/Legacy -I../Drivers/CMSIS/Device/ST/STM32F7xx/Include -I../Drivers/CMSIS/Include -O0 -ffunction-sections -fdata-sections -Wall -fstack-usage -fcyclomatic-complexity -MMD -MP -MF"Drivers/STM32F7xx_HAL_Driver/Src/stm32f7xx_hal_flash.d" -MT"Drivers/STM32F7xx_HAL_Driver/Src/stm32f7xx_hal_flash.o" --specs=nano.specs -mfpu=fpv5-sp-d16 -mfloat-abi=hard -mthumb -o "Drivers/STM32F7xx_HAL_Driver/Src/stm32f7xx_hal_flash.o"
arm-none-eabi-gcc "../Drivers/STM32F7xx_HAL_Driver/Src/stm32f7xx_hal_flash_ex.c" -mcpu=cortex-m7 -std=gnu11 -g3 -DDEBUG -DUSE_HAL_DRIVER -DSTM32F746xx -c -I../Core/Inc -I../Drivers/STM32F7xx_HAL_Driver/Inc -I../Drivers/STM32F7xx_HAL_Driver/Inc/Legacy -I../Drivers/CMSIS/Device/ST/STM32F7xx/Include -I../Drivers/CMSIS/Include -O0 -ffunction-sections -fdata-sections -Wall -fstack-usage -fcyclomatic-complexity -MMD -MP -MF"Drivers/STM32F7xx_HAL_Driver/Src/stm32f7xx_hal_flash_ex.d" -MT"Drivers/STM32F7xx_HAL_Driver/Src/stm32f7xx_hal_flash_ex.o" --specs=nano.specs -mfpu=fpv5-sp-d16 -mfloat-abi=hard -mthumb -o "Drivers/STM32F7xx_HAL_Driver/Src/stm32f7xx_hal_flash_ex.o"
arm-none-eabi-gcc "../Drivers/STM32F7xx_HAL_Driver/Src/stm32f7xx_hal_gpio.c" -mcpu=cortex-m7 -std=gnu11 -g3 -DDEBUG -DUSE_HAL_DRIVER -DSTM32F746xx -c -I../Core/Inc -I../Drivers/STM32F7xx_HAL_Driver/Inc -I../Drivers/STM32F7xx_HAL_Driver/Inc/Legacy -I../Drivers/CMSIS/Device/ST/STM32F7xx/Include -I../Drivers/CMSIS/Include -O0 -ffunction-sections -fdata-sections -Wall -fstack-usage -fcyclomatic-complexity -MMD -MP -MF"Drivers/STM32F7xx_HAL_Driver/Src/stm32f7xx_hal_gpio.d" -MT"Drivers/STM32F7xx_HAL_Driver/Src/stm32f7xx_hal_gpio.o" --specs=nano.specs -mfpu=fpv5-sp-d16 -mfloat-abi=hard -mthumb -o "Drivers/STM32F7xx_HAL_Driver/Src/stm32f7xx_hal_gpio.o"
arm-none-eabi-gcc "../Drivers/STM32F7xx_HAL_Driver/Src/stm32f7xx_hal_i2c.c" -mcpu=cortex-m7 -std=gnu11 -g3 -DDEBUG -DUSE_HAL_DRIVER -DSTM32F746xx -c -I../Core/Inc -I../Drivers/STM32F7xx_HAL_Driver/Inc -I../Drivers/STM32F7xx_HAL_Driver/Inc/Legacy -I../Drivers/CMSIS/Device/ST/STM32F7xx/Include -I../Drivers/CMSIS/Include -O0 -ffunction-sections -fdata-sections -Wall -fstack-usage -fcyclomatic-complexity -MMD -MP -MF"Drivers/STM32F7xx_HAL_Driver/Src/stm32f7xx_hal_i2c.d" -MT"Drivers/STM32F7xx_HAL_Driver/Src/stm32f7xx_hal_i2c.o" --specs=nano.specs -mfpu=fpv5-sp-d16 -mfloat-abi=hard -mthumb -o "Drivers/STM32F7xx_HAL_Driver/Src/stm32f7xx_hal_i2c.o"
arm-none-eabi-gcc "../Drivers/STM32F7xx_HAL_Driver/Src/stm32f7xx_hal_i2c_ex.c" -mcpu=cortex-m7 -std=gnu11 -g3 -DDEBUG -DUSE_HAL_DRIVER -DSTM32F746xx -c -I../Core/Inc -I../Drivers/STM32F7xx_HAL_Driver/Inc -I../Drivers/STM32F7xx_HAL_Driver/Inc/Legacy -I../Drivers/CMSIS/Device/ST/STM32F7xx/Include -I../Drivers/CMSIS/Include -O0 -ffunction-sections -fdata-sections -Wall -fstack-usage -fcyclomatic-complexity -MMD -MP -MF"Drivers/STM32F7xx_HAL_Driver/Src/stm32f7xx_hal_i2c_ex.d" -MT"Drivers/STM32F7xx_HAL_Driver/Src/stm32f7xx_hal_i2c_ex.o" --specs=nano.specs -mfpu=fpv5-sp-d16 -mfloat-abi=hard -mthumb -o "Drivers/STM32F7xx_HAL_Driver/Src/stm32f7xx_hal_i2c_ex.o"
arm-none-eabi-gcc "../Drivers/STM32F7xx_HAL_Driver/Src/stm32f7xx_hal_pwr.c" -mcpu=cortex-m7 -std=gnu11 -g3 -DDEBUG -DUSE_HAL_DRIVER -DSTM32F746xx -c -I../Core/Inc -I../Drivers/STM32F7xx_HAL_Driver/Inc -I../Drivers/STM32F7xx_HAL_Driver/Inc/Legacy -I../Drivers/CMSIS/Device/ST/STM32F7xx/Include -I../Drivers/CMSIS/Include -O0 -ffunction-sections -fdata-sections -Wall -fstack-usage -fcyclomatic-complexity -MMD -MP -MF"Drivers/STM32F7xx_HAL_Driver/Src/stm32f7xx_hal_pwr.d" -MT"Drivers/STM32F7xx_HAL_Driver/Src/stm32f7xx_hal_pwr.o" --specs=nano.specs -mfpu=fpv5-sp-d16 -mfloat-abi=hard -mthumb -o "Drivers/STM32F7xx_HAL_Driver/Src/stm32f7xx_hal_pwr.o"
arm-none-eabi-gcc "../Drivers/STM32F7xx_HAL_Driver/Src/stm32f7xx_hal_pwr_ex.c" -mcpu=cortex-m7 -std=gnu11 -g3 -DDEBUG -DUSE_HAL_DRIVER -DSTM32F746xx -c -I../Core/Inc -I../Drivers/STM32F7xx_HAL_Driver/Inc -I../Drivers/STM32F7xx_HAL_Driver/Inc/Legacy -I../Drivers/CMSIS/Device/ST/STM32F7xx/Include -I../Drivers/CMSIS/Include -O0 -ffunction-sections -fdata-sections -Wall -fstack-usage -fcyclomatic-complexity -MMD -MP -MF"Drivers/STM32F7xx_HAL_Driver/Src/stm32f7xx_hal_pwr_ex.d" -MT"Drivers/STM32F7xx_HAL_Driver/Src/stm32f7xx_hal_pwr_ex.o" --specs=nano.specs -mfpu=fpv5-sp-d16 -mfloat-abi=hard -mthumb -o "Drivers/STM32F7xx_HAL_Driver/Src/stm32f7xx_hal_pwr_ex.o"
arm-none-eabi-gcc "../Drivers/STM32F7xx_HAL_Driver/Src/stm32f7xx_hal_rcc.c" -mcpu=cortex-m7 -std=gnu11 -g3 -DDEBUG -DUSE_HAL_DRIVER -DSTM32F746xx -c -I../Core/Inc -I../Drivers/STM32F7xx_HAL_Driver/Inc -I../Drivers/STM32F7xx_HAL_Driver/Inc/Legacy -I../Drivers/CMSIS/Device/ST/STM32F7xx/Include -I../Drivers/CMSIS/Include -O0 -ffunction-sections -fdata-sections -Wall -fstack-usage -fcyclomatic-complexity -MMD -MP -MF"Drivers/STM32F7xx_HAL_Driver/Src/stm32f7xx_hal_rcc.d" -MT"Drivers/STM32F7xx_HAL_Driver/Src/stm32f7xx_hal_rcc.o" --specs=nano.specs -mfpu=fpv5-sp-d16 -mfloat-abi=hard -mthumb -o "Drivers/STM32F7xx_HAL_Driver/Src/stm32f7xx_hal_rcc.o"
arm-none-eabi-gcc "../Drivers/STM32F7xx_HAL_Driver/Src/stm32f7xx_hal_rcc_ex.c" -mcpu=cortex-m7 -std=gnu11 -g3 -DDEBUG -DUSE_HAL_DRIVER -DSTM32F746xx -c -I../Core/Inc -I../Drivers/STM32F7xx_HAL_Driver/Inc -I../Drivers/STM32F7xx_HAL_Driver/Inc/Legacy -I../Drivers/CMSIS/Device/ST/STM32F7xx/Include -I../Drivers/CMSIS/Include -O0 -ffunction-sections -fdata-sections -Wall -fstack-usage -fcyclomatic-complexity -MMD -MP -MF"Drivers/STM32F7xx_HAL_Driver/Src/stm32f7xx_hal_rcc_ex.d" -MT"Drivers/STM32F7xx_HAL_Driver/Src/stm32f7xx_hal_rcc_ex.o" --specs=nano.specs -mfpu=fpv5-sp-d16 -mfloat-abi=hard -mthumb -o "Drivers/STM32F7xx_HAL_Driver/Src/stm32f7xx_hal_rcc_ex.o"
arm-none-eabi-gcc "../Drivers/STM32F7xx_HAL_Driver/Src/stm32f7xx_hal_spi.c" -mcpu=cortex-m7 -std=gnu11 -g3 -DDEBUG -DUSE_HAL_DRIVER -DSTM32F746xx -c -I../Core/Inc -I../Drivers/STM32F7xx_HAL_Driver/Inc -I../Drivers/STM32F7xx_HAL_Driver/Inc/Legacy -I../Drivers/CMSIS/Device/ST/STM32F7xx/Include -I../Drivers/CMSIS/Include -O0 -ffunction-sections -fdata-sections -Wall -fstack-usage -fcyclomatic-complexity -MMD -MP -MF"Drivers/STM32F7xx_HAL_Driver/Src/stm32f7xx_hal_spi.d" -MT"Drivers/STM32F7xx_HAL_Driver/Src/stm32f7xx_hal_spi.o" --specs=nano.specs -mfpu=fpv5-sp-d16 -mfloat-abi=hard -mthumb -o "Drivers/STM32F7xx_HAL_Driver/Src/stm32f7xx_hal_spi.o"
arm-none-eabi-gcc "../Drivers/STM32F7xx_HAL_Driver/Src/stm32f7xx_hal_spi_ex.c" -mcpu=cortex-m7 -std=gnu11 -g3 -DDEBUG -DUSE_HAL_DRIVER -DSTM32F746xx -c -I../Core/Inc -I../Drivers/STM32F7xx_HAL_Driver/Inc -I../Drivers/STM32F7xx_HAL_Driver/Inc/Legacy -I../Drivers/CMSIS/Device/ST/STM32F7xx/Include -I../Drivers/CMSIS/Include -O0 -ffunction-sections -fdata-sections -Wall -fstack-usage -fcyclomatic-complexity -MMD -MP -MF"Drivers/STM32F7xx_HAL_Driver/Src/stm32f7xx_hal_spi_ex.d" -MT"Drivers/STM32F7xx_HAL_Driver/Src/stm32f7xx_hal_spi_ex.o" --specs=nano.specs -mfpu=fpv5-sp-d16 -mfloat-abi=hard -mthumb -o "Drivers/STM32F7xx_HAL_Driver/Src/stm32f7xx_hal_spi_ex.o"
arm-none-eabi-gcc "../Core/Src/main.c" -mcpu=cortex-m7 -std=gnu11 -g3 -DDEBUG -DUSE_HAL_DRIVER -DSTM32F746xx -c -I../Core/Inc -I../Drivers/STM32F7xx_HAL_Driver/Inc -I../Drivers/STM32F7xx_HAL_Driver/Inc/Legacy -I../Drivers/CMSIS/Device/ST/STM32F7xx/Include -I../Drivers/CMSIS/Include -O0 -ffunction-sections -fdata-sections -Wall -fstack-usage -fcyclomatic-complexity -MMD -MP -MF"Core/Src/main.d" -MT"Core/Src/main.o" --specs=nano.specs -mfpu=fpv5-sp-d16 -mfloat-abi=hard -mthumb -o "Core/Src/main.o"
arm-none-eabi-gcc "../Core/Src/stm32f7xx_hal_msp.c" -mcpu=cortex-m7 -std=gnu11 -g3 -DDEBUG -DUSE_HAL_DRIVER -DSTM32F746xx -c -I../Core/Inc -I../Drivers/STM32F7xx_HAL_Driver/Inc -I../Drivers/STM32F7xx_HAL_Driver/Inc/Legacy -I../Drivers/CMSIS/Device/ST/STM32F7xx/Include -I../Drivers/CMSIS/Include -O0 -ffunction-sections -fdata-sections -Wall -fstack-usage -fcyclomatic-complexity -MMD -MP -MF"Core/Src/stm32f7xx_hal_msp.d" -MT"Core/Src/stm32f7xx_hal_msp.o" --specs=nano.specs -mfpu=fpv5-sp-d16 -mfloat-abi=hard -mthumb -o "Core/Src/stm32f7xx_hal_msp.o"
arm-none-eabi-gcc "../Core/Src/stm32f7xx_it.c" -mcpu=cortex-m7 -std=gnu11 -g3 -DDEBUG -DUSE_HAL_DRIVER -DSTM32F746xx -c -I../Core/Inc -I../Drivers/STM32F7xx_HAL_Driver/Inc -I../Drivers/STM32F7xx_HAL_Driver/Inc/Legacy -I../Drivers/CMSIS/Device/ST/STM32F7xx/Include -I../Drivers/CMSIS/Include -O0 -ffunction-sections -fdata-sections -Wall -fstack-usage -fcyclomatic-complexity -MMD -MP -MF"Core/Src/stm32f7xx_it.d" -MT"Core/Src/stm32f7xx_it.o" --specs=nano.specs -mfpu=fpv5-sp-d16 -mfloat-abi=hard -mthumb -o "Core/Src/stm32f7xx_it.o"
arm-none-eabi-gcc "../Core/Src/system_stm32f7xx.c" -mcpu=cortex-m7 -std=gnu11 -g3 -DDEBUG -DUSE_HAL_DRIVER -DSTM32F746xx -c -I../Core/Inc -I../Drivers/STM32F7xx_HAL_Driver/Inc -I../Drivers/STM32F7xx_HAL_Driver/Inc/Legacy -I../Drivers/CMSIS/Device/ST/STM32F7xx/Include -I../Drivers/CMSIS/Include -O0 -ffunction-sections -fdata-sections -Wall -fstack-usage -fcyclomatic-complexity -MMD -MP -MF"Core/Src/system_stm32f7xx.d" -MT"Core/Src/system_stm32f7xx.o" --specs=nano.specs -mfpu=fpv5-sp-d16 -mfloat-abi=hard -mthumb -o "Core/Src/system_stm32f7xx.o"
../Core/Src/main.c: In function 'main':
../Core/Src/main.c:99:3: warning: implicit declaration of function 'AD7779_ReadRegister' [-Wimplicit-function-declaration]
   99 |   AD7779_ReadRegister(target_register);
      |   ^~~~~~~~~~~~~~~~~~~
../Core/Src/main.c: At top level:
../Core/Src/main.c:221:10: error: conflicting types for 'AD7779_ReadRegister'; have 'uint16_t(uint16_t)' {aka 'short unsigned int(short unsigned int)'}
  221 | uint16_t AD7779_ReadRegister(uint16_t reg)
      |          ^~~~~~~~~~~~~~~~~~~
../Core/Src/main.c:99:3: note: previous implicit declaration of 'AD7779_ReadRegister' with type 'int()'
   99 |   AD7779_ReadRegister(target_register);
      |   ^~~~~~~~~~~~~~~~~~~
make: *** [Core/Src/subdir.mk:34: Core/Src/main.o] Error 1
make: *** Waiting for unfinished jobs....
"make -j12 all" terminated with exit code 2. Build might be incomplete.
13:42:18 **** Incremental Build of configuration Debug for project spi_data_read ****
make -j12 all 
arm-none-eabi-gcc "../Core/Src/main.c" -mcpu=cortex-m7 -std=gnu11 -g3 -DDEBUG -DUSE_HAL_DRIVER -DSTM32F746xx -c -I../Core/Inc -I../Drivers/STM32F7xx_HAL_Driver/Inc -I../Drivers/STM32F7xx_HAL_Driver/Inc/Legacy -I../Drivers/CMSIS/Device/ST/STM32F7xx/Include -I../Drivers/CMSIS/Include -O0 -ffunction-sections -fdata-sections -Wall -fstack-usage -fcyclomatic-complexity -MMD -MP -MF"Core/Src/main.d" -MT"Core/Src/main.o" --specs=nano.specs -mfpu=fpv5-sp-d16 -mfloat-abi=hard -mthumb -o "Core/Src/main.o"
../Core/Src/main.c: In function 'main':
../Core/Src/main.c:99:3: warning: parameter names (without types) in function declaration
   99 |   uint16_t AD7779_ReadRegister(target_register);
      |   ^~~~~~~~
../Core/Src/main.c: At top level:
../Core/Src/main.c:221:10: error: conflicting types for 'AD7779_ReadRegister'; have 'uint16_t(uint16_t)' {aka 'short unsigned int(short unsigned int)'}
[...]
Finished building: default.size.stdout
 
10:20:03 **** Incremental Build of configuration Debug for project spi_write ****
make -j12 all 
arm-none-eabi-gcc "../Core/Src/main.c" -mcpu=cortex-m7 -std=gnu11 -g3 -DDEBUG -DUSE_HAL_DRIVER -DSTM32F746xx -c -I../Core/Inc -I../Drivers/STM32F7xx_HAL_Driver/Inc -I../Drivers/STM32F7xx_HAL_Driver/Inc/Legacy -I../Drivers/CMSIS/Device/ST/STM32F7xx/Include -I../Drivers/CMSIS/Include -O0 -ffunction-sections -fdata-sections -Wall -fstack-usage -fcyclomatic-complexity -MMD -MP -MF"Core/Src/main.d" -MT"Core/Src/main.o" --specs=nano.specs -mfpu=fpv5-sp-d16 -mfloat-abi=hard -mthumb -o "Core/Src/main.o"
arm-none-eabi-gcc -o "spi_write.elf" @"objects.list"   -mcpu=cortex-m7 -T"/home/invadl0640/Desktop/STM32 Codes/spi_write/STM32F746NGHX_FLASH.ld" --specs=nosys.specs -Wl,-Map="spi_write.map" -Wl,--gc-sections -static --specs=nano.specs -mfpu=fpv5-sp-d16 -mfloat-abi=hard -mthumb -Wl,--start-group -lc -lm -Wl,--end-group
Finished building target: spi_write.elf
 
arm-none-eabi-size  spi_write.elf 
arm-none-eabi-objdump -h -S spi_write.elf  > "spi_write.list"
   text	   data	    bss	    dec	    hex	filename
   9572	     16	   1672	  11260	   2bfc	spi_write.elf
Finished building: default.size.stdout
 
Finished building: spi_write.list
 
10:20:33 **** Incremental Build of configuration Debug for project spi_write ****
make -j12 all 
arm-none-eabi-size  spi_write.elf 
   text	   data	    bss	    dec	    hex	filename
   9572	     16	   1672	  11260	   2bfc	spi_write.elf
Finished building: default.size.stdout
 
10:22:42 **** Incremental Build of configuration Debug for project spi_write ****
make -j12 all 
arm-none-eabi-gcc "../Core/Src/main.c" -mcpu=cortex-m7 -std=gnu11 -g3 -DDEBUG -DUSE_HAL_DRIVER -DSTM32F746xx -c -I../Core/Inc -I../Drivers/STM32F7xx_HAL_Driver/Inc -I../Drivers/STM32F7xx_HAL_Driver/Inc/Legacy -I../Drivers/CMSIS/Device/ST/STM32F7xx/Include -I../Drivers/CMSIS/Include -O0 -ffunction-sections -fdata-sections -Wall -fstack-usage -fcyclomatic-complexity -MMD -MP -MF"Core/Src/main.d" -MT"Core/Src/main.o" --specs=nano.specs -mfpu=fpv5-sp-d16 -mfloat-abi=hard -mthumb -o "Core/Src/main.o"
arm-none-eabi-gcc -o "spi_write.elf" @"objects.list"   -mcpu=cortex-m7 -T"/home/invadl0640/Desktop/STM32 Codes/spi_write/STM32F746NGHX_FLASH.ld" --specs=nosys.specs -Wl,-Map="spi_write.map" -Wl,--gc-sections -static --specs=nano.specs -mfpu=fpv5-sp-d16 -mfloat-abi=hard -mthumb -Wl,--start-group -lc -lm -Wl,--end-group
Finished building target: spi_write.elf
 
arm-none-eabi-size  spi_write.elf 
arm-none-eabi-objdump -h -S spi_write.elf  > "spi_write.list"
   text	   data	    bss	    dec	    hex	filename
   8676	     16	   1672	  10364	   287c	spi_write.elf
Finished building: default.size.stdout
 
Finished building: spi_write.list
 
10:23:02 **** Incremental Build of configuration Debug for project spi_write ****
make -j12 all 
arm-none-eabi-size  spi_write.elf 
   text	   data	    bss	    dec	    hex	filename
   8676	     16	   1672	  10364	   287c	spi_write.elf
Finished building: default.size.stdout
 
10:23:25 **** Incremental Build of configuration Debug for project spi_data_read ****
make -j12 all 
arm-none-eabi-size  spi_data_read.elf 
   text	   data	    bss	    dec	    hex	filename
   8432	     16	   1672	  10120	   2788	spi_data_read.elf
Finished building: default.size.stdout
 
10:23:54 **** Incremental Build of configuration Debug for project spi_write ****
make -j12 all 
arm-none-eabi-size  spi_write.elf 
   text	   data	    bss	    dec	    hex	filename
   8676	     16	   1672	  10364	   287c	spi_write.elf
Finished building: default.size.stdout
 
10:26:28 **** Incremental Build of configuration Debug for project spi_write ****
make -j12 all 
arm-none-eabi-gcc "../Core/Src/main.c" -mcpu=cortex-m7 -std=gnu11 -g3 -DDEBUG -DUSE_HAL_DRIVER -DSTM32F746xx -c -I../Core/Inc -I../Drivers/STM32F7xx_HAL_Driver/Inc -I../Drivers/STM32F7xx_HAL_Driver/Inc/Legacy -I../Drivers/CMSIS/Device/ST/STM32F7xx/Include -I../Drivers/CMSIS/Include -O0 -ffunction-sections -fdata-sections -Wall -fstack-usage -fcyclomatic-complexity -MMD -MP -MF"Core/Src/main.d" -MT"Core/Src/main.o" --specs=nano.specs -mfpu=fpv5-sp-d16 -mfloat-abi=hard -mthumb -o "Core/Src/main.o"
arm-none-eabi-gcc -o "spi_write.elf" @"objects.list"   -mcpu=cortex-m7 -T"/home/invadl0640/Desktop/STM32 Codes/spi_write/STM32F746NGHX_FLASH.ld" --specs=nosys.specs -Wl,-Map="spi_write.map" -Wl,--gc-sections -static --specs=nano.specs -mfpu=fpv5-sp-d16 -mfloat-abi=hard -mthumb -Wl,--start-group -lc -lm -Wl,--end-group
Finished building target: spi_write.elf
 
arm-none-eabi-size  spi_write.elf 
arm-none-eabi-objdump -h -S spi_write.elf  > "spi_write.list"
   text	   data	    bss	    dec	    hex	filename
   8432	     16	   1672	  10120	   2788	spi_write.elf
Finished building: default.size.stdout
 
Finished building: spi_write.list
 
10:28:41 **** Incremental Build of configuration Debug for project spi_write ****
make -j12 all 
arm-none-eabi-gcc "../Core/Src/main.c" -mcpu=cortex-m7 -std=gnu11 -g3 -DDEBUG -DUSE_HAL_DRIVER -DSTM32F746xx -c -I../Core/Inc -I../Drivers/STM32F7xx_HAL_Driver/Inc -I../Drivers/STM32F7xx_HAL_Driver/Inc/Legacy -I../Drivers/CMSIS/Device/ST/STM32F7xx/Include -I../Drivers/CMSIS/Include -O0 -ffunction-sections -fdata-sections -Wall -fstack-usage -fcyclomatic-complexity -MMD -MP -MF"Core/Src/main.d" -MT"Core/Src/main.o" --specs=nano.specs -mfpu=fpv5-sp-d16 -mfloat-abi=hard -mthumb -o "Core/Src/main.o"
arm-none-eabi-gcc -o "spi_write.elf" @"objects.list"   -mcpu=cortex-m7 -T"/home/invadl0640/Desktop/STM32 Codes/spi_write/STM32F746NGHX_FLASH.ld" --specs=nosys.specs -Wl,-Map="spi_write.map" -Wl,--gc-sections -static --specs=nano.specs -mfpu=fpv5-sp-d16 -mfloat-abi=hard -mthumb -Wl,--start-group -lc -lm -Wl,--end-group
Finished building target: spi_write.elf
 
arm-none-eabi-size  spi_write.elf 
arm-none-eabi-objdump -h -S spi_write.elf  > "spi_write.list"
   text	   data	    bss	    dec	    hex	filename
   8564	     16	   1672	  10252	   280c	spi_write.elf
Finished building: default.size.stdout
 
Finished building: spi_write.list
 
10:31:36 **** Incremental Build of configuration Debug for project spi_write ****
make -j12 all 
arm-none-eabi-gcc "../Core/Src/main.c" -mcpu=cortex-m7 -std=gnu11 -g3 -DDEBUG -DUSE_HAL_DRIVER -DSTM32F746xx -c -I../Core/Inc -I../Drivers/STM32F7xx_HAL_Driver/Inc -I../Drivers/STM32F7xx_HAL_Driver/Inc/Legacy -I../Drivers/CMSIS/Device/ST/STM32F7xx/Include -I../Drivers/CMSIS/Include -O0 -ffunction-sections -fdata-sections -Wall -fstack-usage -fcyclomatic-complexity -MMD -MP -MF"Core/Src/main.d" -MT"Core/Src/main.o" --specs=nano.specs -mfpu=fpv5-sp-d16 -mfloat-abi=hard -mthumb -o "Core/Src/main.o"
arm-none-eabi-gcc -o "spi_write.elf" @"objects.list"   -mcpu=cortex-m7 -T"/home/invadl0640/Desktop/STM32 Codes/spi_write/STM32F746NGHX_FLASH.ld" --specs=nosys.specs -Wl,-Map="spi_write.map" -Wl,--gc-sections -static --specs=nano.specs -mfpu=fpv5-sp-d16 -mfloat-abi=hard -mthumb -Wl,--start-group -lc -lm -Wl,--end-group
Finished building target: spi_write.elf
 
arm-none-eabi-size  spi_write.elf 
arm-none-eabi-objdump -h -S spi_write.elf  > "spi_write.list"
   text	   data	    bss	    dec	    hex	filename
   8564	     16	   1672	  10252	   280c	spi_write.elf
Finished building: default.size.stdout
 
Finished building: spi_write.list
 
10:32:44 **** Incremental Build of configuration Debug for project spi_write ****
make -j12 all 
arm-none-eabi-gcc "../Core/Src/main.c" -mcpu=cortex-m7 -std=gnu11 -g3 -DDEBUG -DUSE_HAL_DRIVER -DSTM32F746xx -c -I../Core/Inc -I../Drivers/STM32F7xx_HAL_Driver/Inc -I../Drivers/STM32F7xx_HAL_Driver/Inc/Legacy -I../Drivers/CMSIS/Device/ST/STM32F7xx/Include -I../Drivers/CMSIS/Include -O0 -ffunction-sections -fdata-sections -Wall -fstack-usage -fcyclomatic-complexity -MMD -MP -MF"Core/Src/main.d" -MT"Core/Src/main.o" --specs=nano.specs -mfpu=fpv5-sp-d16 -mfloat-abi=hard -mthumb -o "Core/Src/main.o"
arm-none-eabi-gcc -o "spi_write.elf" @"objects.list"   -mcpu=cortex-m7 -T"/home/invadl0640/Desktop/STM32 Codes/spi_write/STM32F746NGHX_FLASH.ld" --specs=nosys.specs -Wl,-Map="spi_write.map" -Wl,--gc-sections -static --specs=nano.specs -mfpu=fpv5-sp-d16 -mfloat-abi=hard -mthumb -Wl,--start-group -lc -lm -Wl,--end-group
Finished building target: spi_write.elf
 
arm-none-eabi-size  spi_write.elf 
arm-none-eabi-objdump -h -S spi_write.elf  > "spi_write.list"
   text	   data	    bss	    dec	    hex	filename
   8564	     16	   1672	  10252	   280c	spi_write.elf
Finished building: default.size.stdout
 
Finished building: spi_write.list
 
10:34:33 **** Incremental Build of configuration Debug for project spi_write ****
make -j12 all 
arm-none-eabi-gcc "../Core/Src/main.c" -mcpu=cortex-m7 -std=gnu11 -g3 -DDEBUG -DUSE_HAL_DRIVER -DSTM32F746xx -c -I../Core/Inc -I../Drivers/STM32F7xx_HAL_Driver/Inc -I../Drivers/STM32F7xx_HAL_Driver/Inc/Legacy -I../Drivers/CMSIS/Device/ST/STM32F7xx/Include -I../Drivers/CMSIS/Include -O0 -ffunction-sections -fdata-sections -Wall -fstack-usage -fcyclomatic-complexity -MMD -MP -MF"Core/Src/main.d" -MT"Core/Src/main.o" --specs=nano.specs -mfpu=fpv5-sp-d16 -mfloat-abi=hard -mthumb -o "Core/Src/main.o"
arm-none-eabi-gcc -o "spi_write.elf" @"objects.list"   -mcpu=cortex-m7 -T"/home/invadl0640/Desktop/STM32 Codes/spi_write/STM32F746NGHX_FLASH.ld" --specs=nosys.specs -Wl,-Map="spi_write.map" -Wl,--gc-sections -static --specs=nano.specs -mfpu=fpv5-sp-d16 -mfloat-abi=hard -mthumb -Wl,--start-group -lc -lm -Wl,--end-group
Finished building target: spi_write.elf
 
arm-none-eabi-size  spi_write.elf 
arm-none-eabi-objdump -h -S spi_write.elf  > "spi_write.list"
   text	   data	    bss	    dec	    hex	filename
   9532	     16	   1672	  11220	   2bd4	spi_write.elf
Finished building: default.size.stdout
 
Finished building: spi_write.list
 
10:35:47 **** Incremental Build of configuration Debug for project spi_write ****
make -j12 all 
arm-none-eabi-gcc "../Core/Src/main.c" -mcpu=cortex-m7 -std=gnu11 -g3 -DDEBUG -DUSE_HAL_DRIVER -DSTM32F746xx -c -I../Core/Inc -I../Drivers/STM32F7xx_HAL_Driver/Inc -I../Drivers/STM32F7xx_HAL_Driver/Inc/Legacy -I../Drivers/CMSIS/Device/ST/STM32F7xx/Include -I../Drivers/CMSIS/Include -O0 -ffunction-sections -fdata-sections -Wall -fstack-usage -fcyclomatic-complexity -MMD -MP -MF"Core/Src/main.d" -MT"Core/Src/main.o" --specs=nano.specs -mfpu=fpv5-sp-d16 -mfloat-abi=hard -mthumb -o "Core/Src/main.o"
arm-none-eabi-gcc -o "spi_write.elf" @"objects.list"   -mcpu=cortex-m7 -T"/home/invadl0640/Desktop/STM32 Codes/spi_write/STM32F746NGHX_FLASH.ld" --specs=nosys.specs -Wl,-Map="spi_write.map" -Wl,--gc-sections -static --specs=nano.specs -mfpu=fpv5-sp-d16 -mfloat-abi=hard -mthumb -Wl,--start-group -lc -lm -Wl,--end-group
Finished building target: spi_write.elf
 
arm-none-eabi-size  spi_write.elf 
arm-none-eabi-objdump -h -S spi_write.elf  > "spi_write.list"
   text	   data	    bss	    dec	    hex	filename
   9492	     16	   1672	  11180	   2bac	spi_write.elf
Finished building: default.size.stdout
 
Finished building: spi_write.list
 
10:36:12 **** Incremental Build of configuration Debug for project spi_write ****
make -j12 all 
arm-none-eabi-gcc "../Core/Src/main.c" -mcpu=cortex-m7 -std=gnu11 -g3 -DDEBUG -DUSE_HAL_DRIVER -DSTM32F746xx -c -I../Core/Inc -I../Drivers/STM32F7xx_HAL_Driver/Inc -I../Drivers/STM32F7xx_HAL_Driver/Inc/Legacy -I../Drivers/CMSIS/Device/ST/STM32F7xx/Include -I../Drivers/CMSIS/Include -O0 -ffunction-sections -fdata-sections -Wall -fstack-usage -fcyclomatic-complexity -MMD -MP -MF"Core/Src/main.d" -MT"Core/Src/main.o" --specs=nano.specs -mfpu=fpv5-sp-d16 -mfloat-abi=hard -mthumb -o "Core/Src/main.o"
arm-none-eabi-gcc -o "spi_write.elf" @"objects.list"   -mcpu=cortex-m7 -T"/home/invadl0640/Desktop/STM32 Codes/spi_write/STM32F746NGHX_FLASH.ld" --specs=nosys.specs -Wl,-Map="spi_write.map" -Wl,--gc-sections -static --specs=nano.specs -mfpu=fpv5-sp-d16 -mfloat-abi=hard -mthumb -Wl,--start-group -lc -lm -Wl,--end-group
Finished building target: spi_write.elf
 
arm-none-eabi-size  spi_write.elf 
arm-none-eabi-objdump -h -S spi_write.elf  > "spi_write.list"
   text	   data	    bss	    dec	    hex	filename
   9480	     16	   1672	  11168	   2ba0	spi_write.elf
Finished building: default.size.stdout
 
Finished building: spi_write.list
 
10:38:17 **** Incremental Build of configuration Debug for project spi_write ****
make -j12 all 
arm-none-eabi-gcc "../Core/Src/main.c" -mcpu=cortex-m7 -std=gnu11 -g3 -DDEBUG -DUSE_HAL_DRIVER -DSTM32F746xx -c -I../Core/Inc -I../Drivers/STM32F7xx_HAL_Driver/Inc -I../Drivers/STM32F7xx_HAL_Driver/Inc/Legacy -I../Drivers/CMSIS/Device/ST/STM32F7xx/Include -I../Drivers/CMSIS/Include -O0 -ffunction-sections -fdata-sections -Wall -fstack-usage -fcyclomatic-complexity -MMD -MP -MF"Core/Src/main.d" -MT"Core/Src/main.o" --specs=nano.specs -mfpu=fpv5-sp-d16 -mfloat-abi=hard -mthumb -o "Core/Src/main.o"
../Core/Src/main.c: In function 'AD7779_WriteRegister':
../Core/Src/main.c:257:9: warning: implicit declaration of function 'HAL_SPI_TransmitRecieve'; did you mean 'HAL_SPI_TransmitReceive'? [-Wimplicit-function-declaration]
  257 |         HAL_SPI_TransmitRecieve(&hspi2, tx, rx, 2, HAL_MAX_DELAY);
      |         ^~~~~~~~~~~~~~~~~~~~~~~
      |         HAL_SPI_TransmitReceive
arm-none-eabi-gcc -o "spi_write.elf" @"objects.list"   -mcpu=cortex-m7 -T"/home/invadl0640/Desktop/STM32 Codes/spi_write/STM32F746NGHX_FLASH.ld" --specs=nosys.specs -Wl,-Map="spi_write.map" -Wl,--gc-sections -static --specs=nano.specs -mfpu=fpv5-sp-d16 -mfloat-abi=hard -mthumb -Wl,--start-group -lc -lm -Wl,--end-group
/opt/st/stm32cubeide_1.18.1/plugins/com.st.stm32cube.ide.mcu.externaltools.gnu-tools-for-stm32.13.3.rel1.linux64_1.0.0.202410170706/tools/bin/../lib/gcc/arm-none-eabi/13.3.1/../../../../arm-none-eabi/bin/ld: ./Core/Src/main.o: in function `AD7779_WriteRegister':
/home/invadl0640/Desktop/STM32 Codes/spi_write/Debug/../Core/Src/main.c:257:(.text.AD7779_WriteRegister+0x30): undefined reference to `HAL_SPI_TransmitRecieve'
collect2: error: ld returned 1 exit status
make: *** [makefile:64: spi_write.elf] Error 1
"make -j12 all" terminated with exit code 2. Build might be incomplete.
10:38:37 **** Incremental Build of configuration Debug for project spi_write ****
make -j12 all 
arm-none-eabi-gcc "../Core/Src/main.c" -mcpu=cortex-m7 -std=gnu11 -g3 -DDEBUG -DUSE_HAL_DRIVER -DSTM32F746xx -c -I../Core/Inc -I../Drivers/STM32F7xx_HAL_Driver/Inc -I../Drivers/STM32F7xx_HAL_Driver/Inc/Legacy -I../Drivers/CMSIS/Device/ST/STM32F7xx/Include -I../Drivers/CMSIS/Include -O0 -ffunction-sections -fdata-sections -Wall -fstack-usage -fcyclomatic-complexity -MMD -MP -MF"Core/Src/main.d" -MT"Core/Src/main.o" --specs=nano.specs -mfpu=fpv5-sp-d16 -mfloat-abi=hard -mthumb -o "Core/Src/main.o"
arm-none-eabi-gcc -o "spi_write.elf" @"objects.list"   -mcpu=cortex-m7 -T"/home/invadl0640/Desktop/STM32 Codes/spi_write/STM32F746NGHX_FLASH.ld" --specs=nosys.specs -Wl,-Map="spi_write.map" -Wl,--gc-sections -static --specs=nano.specs -mfpu=fpv5-sp-d16 -mfloat-abi=hard -mthumb -Wl,--start-group -lc -lm -Wl,--end-group
Finished building target: spi_write.elf
 
arm-none-eabi-size  spi_write.elf 
arm-none-eabi-objdump -h -S spi_write.elf  > "spi_write.list"
   text	   data	    bss	    dec	    hex	filename
   8764	     16	   1680	  10460	   28dc	spi_write.elf
Finished building: default.size.stdout
 
Finished building: spi_write.list
 
10:41:10 **** Incremental Build of configuration Debug for project spi_write ****
make -j12 all 
arm-none-eabi-gcc "../Core/Src/main.c" -mcpu=cortex-m7 -std=gnu11 -g3 -DDEBUG -DUSE_HAL_DRIVER -DSTM32F746xx -c -I../Core/Inc -I../Drivers/STM32F7xx_HAL_Driver/Inc -I../Drivers/STM32F7xx_HAL_Driver/Inc/Legacy -I../Drivers/CMSIS/Device/ST/STM32F7xx/Include -I../Drivers/CMSIS/Include -O0 -ffunction-sections -fdata-sections -Wall -fstack-usage -fcyclomatic-complexity -MMD -MP -MF"Core/Src/main.d" -MT"Core/Src/main.o" --specs=nano.specs -mfpu=fpv5-sp-d16 -mfloat-abi=hard -mthumb -o "Core/Src/main.o"
arm-none-eabi-gcc -o "spi_write.elf" @"objects.list"   -mcpu=cortex-m7 -T"/home/invadl0640/Desktop/STM32 Codes/spi_write/STM32F746NGHX_FLASH.ld" --specs=nosys.specs -Wl,-Map="spi_write.map" -Wl,--gc-sections -static --specs=nano.specs -mfpu=fpv5-sp-d16 -mfloat-abi=hard -mthumb -Wl,--start-group -lc -lm -Wl,--end-group
Finished building target: spi_write.elf
 
arm-none-eabi-size  spi_write.elf 
arm-none-eabi-objdump -h -S spi_write.elf  > "spi_write.list"
   text	   data	    bss	    dec	    hex	filename
   8764	     16	   1680	  10460	   28dc	spi_write.elf
Finished building: default.size.stdout
 
Finished building: spi_write.list
 
10:42:56 **** Incremental Build of configuration Debug for project spi_write ****
make -j12 all 
arm-none-eabi-gcc "../Core/Src/main.c" -mcpu=cortex-m7 -std=gnu11 -g3 -DDEBUG -DUSE_HAL_DRIVER -DSTM32F746xx -c -I../Core/Inc -I../Drivers/STM32F7xx_HAL_Driver/Inc -I../Drivers/STM32F7xx_HAL_Driver/Inc/Legacy -I../Drivers/CMSIS/Device/ST/STM32F7xx/Include -I../Drivers/CMSIS/Include -O0 -ffunction-sections -fdata-sections -Wall -fstack-usage -fcyclomatic-complexity -MMD -MP -MF"Core/Src/main.d" -MT"Core/Src/main.o" --specs=nano.specs -mfpu=fpv5-sp-d16 -mfloat-abi=hard -mthumb -o "Core/Src/main.o"
arm-none-eabi-gcc -o "spi_write.elf" @"objects.list"   -mcpu=cortex-m7 -T"/home/invadl0640/Desktop/STM32 Codes/spi_write/STM32F746NGHX_FLASH.ld" --specs=nosys.specs -Wl,-Map="spi_write.map" -Wl,--gc-sections -static --specs=nano.specs -mfpu=fpv5-sp-d16 -mfloat-abi=hard -mthumb -Wl,--start-group -lc -lm -Wl,--end-group
Finished building target: spi_write.elf
 
arm-none-eabi-size  spi_write.elf 
arm-none-eabi-objdump -h -S spi_write.elf  > "spi_write.list"
   text	   data	    bss	    dec	    hex	filename
   8764	     16	   1680	  10460	   28dc	spi_write.elf
Finished building: default.size.stdout
 
Finished building: spi_write.list
 
10:44:01 **** Incremental Build of configuration Debug for project spi_write ****
make -j12 all 
arm-none-eabi-gcc "../Core/Src/main.c" -mcpu=cortex-m7 -std=gnu11 -g3 -DDEBUG -DUSE_HAL_DRIVER -DSTM32F746xx -c -I../Core/Inc -I../Drivers/STM32F7xx_HAL_Driver/Inc -I../Drivers/STM32F7xx_HAL_Driver/Inc/Legacy -I../Drivers/CMSIS/Device/ST/STM32F7xx/Include -I../Drivers/CMSIS/Include -O0 -ffunction-sections -fdata-sections -Wall -fstack-usage -fcyclomatic-complexity -MMD -MP -MF"Core/Src/main.d" -MT"Core/Src/main.o" --specs=nano.specs -mfpu=fpv5-sp-d16 -mfloat-abi=hard -mthumb -o "Core/Src/main.o"
arm-none-eabi-gcc -o "spi_write.elf" @"objects.list"   -mcpu=cortex-m7 -T"/home/invadl0640/Desktop/STM32 Codes/spi_write/STM32F746NGHX_FLASH.ld" --specs=nosys.specs -Wl,-Map="spi_write.map" -Wl,--gc-sections -static --specs=nano.specs -mfpu=fpv5-sp-d16 -mfloat-abi=hard -mthumb -Wl,--start-group -lc -lm -Wl,--end-group
Finished building target: spi_write.elf
 
arm-none-eabi-size  spi_write.elf 
arm-none-eabi-objdump -h -S spi_write.elf  > "spi_write.list"
   text	   data	    bss	    dec	    hex	filename
   8776	     16	   1680	  10472	   28e8	spi_write.elf
Finished building: default.size.stdout
 
Finished building: spi_write.list
 
10:44:28 **** Incremental Build of configuration Debug for project spi_write ****
make -j12 all 
arm-none-eabi-size  spi_write.elf 
   text	   data	    bss	    dec	    hex	filename
   8776	     16	   1680	  10472	   28e8	spi_write.elf
Finished building: default.size.stdout
 
10:44:35 **** Incremental Build of configuration Debug for project spi_write ****
make -j12 all 
arm-none-eabi-size  spi_write.elf 
   text	   data	    bss	    dec	    hex	filename
   8776	     16	   1680	  10472	   28e8	spi_write.elf
Finished building: default.size.stdout
 
10:47:35 **** Incremental Build of configuration Debug for project spi_write ****
make -j12 all 
arm-none-eabi-size  spi_write.elf 
   text	   data	    bss	    dec	    hex	filename
   8776	     16	   1680	  10472	   28e8	spi_write.elf
Finished building: default.size.stdout
 
