10:38:39 **** Build of configuration Debug for project I2C_test2 ****
make -j12 all 
arm-none-eabi-gcc "../Core/Src/main.c" -mcpu=cortex-m7 -std=gnu11 -g3 -DDEBUG -DUSE_HAL_DRIVER -DSTM32F746xx -c -I../Core/Inc -I../Drivers/STM32F7xx_HAL_Driver/Inc -I../Drivers/STM32F7xx_HAL_Driver/Inc/Legacy -I../Drivers/CMSIS/Device/ST/STM32F7xx/Include -I../Drivers/CMSIS/Include -O0 -ffunction-sections -fdata-sections -Wall -fstack-usage -fcyclomatic-complexity -MMD -MP -MF"Core/Src/main.d" -MT"Core/Src/main.o" --specs=nano.specs -mfpu=fpv5-sp-d16 -mfloat-abi=hard -mthumb -o "Core/Src/main.o"
arm-none-eabi-gcc -o "I2C_test2.elf" @"objects.list"   -mcpu=cortex-m7 -T"/home/invadl0640/Desktop/STM32 Codes/I2C_test2/STM32F746NGHX_FLASH.ld" --specs=nosys.specs -Wl,-Map="I2C_test2.map" -Wl,--gc-sections -static --specs=nano.specs -mfpu=fpv5-sp-d16 -mfloat-abi=hard -mthumb -Wl,--start-group -lc -lm -Wl,--end-group
Finished building target: I2C_test2.elf
 
arm-none-eabi-size  I2C_test2.elf 
arm-none-eabi-objdump -h -S I2C_test2.elf  > "I2C_test2.list"
   text	   data	    bss	    dec	    hex	filename
  11652	     20	   1660	  13332	   3414	I2C_test2.elf
Finished building: default.size.stdout
 
Finished building: I2C_test2.list
 

10:38:40 Build Finished. 0 errors, 0 warnings. (took 272ms)

