10:49:48 **** Incremental Build of configuration Debug for project pushbutton_risingedge_toggleled ****
make -j12 all 
arm-none-eabi-gcc "../Core/Src/main.c" -mcpu=cortex-m7 -std=gnu11 -g3 -DDEBUG -DUSE_HAL_DRIVER -DSTM32F746xx -c -I../Core/Inc -I../Drivers/STM32F7xx_HAL_Driver/Inc -I../Drivers/STM32F7xx_HAL_Driver/Inc/Legacy -I../Drivers/CMSIS/Device/ST/STM32F7xx/Include -I../Drivers/CMSIS/Include -O0 -ffunction-sections -fdata-sections -Wall -fstack-usage -fcyclomatic-complexity -MMD -MP -MF"Core/Src/main.d" -MT"Core/Src/main.o" --specs=nano.specs -mfpu=fpv5-sp-d16 -mfloat-abi=hard -mthumb -o "Core/Src/main.o"
arm-none-eabi-gcc -o "pushbutton_risingedge_toggleled.elf" @"objects.list"   -mcpu=cortex-m7 -T"/home/invadl0640/Desktop/STM32 Codes/pushbutton_risingedge_toggleled/STM32F746NGHX_FLASH.ld" --specs=nosys.specs -Wl,-Map="pushbutton_risingedge_toggleled.map" -Wl,--gc-sections -static --specs=nano.specs -mfpu=fpv5-sp-d16 -mfloat-abi=hard -mthumb -Wl,--start-group -lc -lm -Wl,--end-group
Finished building target: pushbutton_risingedge_toggleled.elf
 
arm-none-eabi-size  pushbutton_risingedge_toggleled.elf 
arm-none-eabi-objdump -h -S pushbutton_risingedge_toggleled.elf  > "pushbutton_risingedge_toggleled.list"
   text	   data	    bss	    dec	    hex	filename
   6376	     12	   1572	   7960	   1f18	pushbutton_risingedge_toggleled.elf
Finished building: default.size.stdout
 
Finished building: pushbutton_risingedge_toggleled.list
 

10:49:49 Build Finished. 0 errors, 0 warnings. (took 495ms)

