10:29:24 **** Incremental Build of configuration Debug for project pushbutton_softwareinterrupt_baremetal ****
make -j12 all 
arm-none-eabi-gcc "../Core/Src/main.c" -mcpu=cortex-m7 -std=gnu11 -g3 -DDEBUG -DUSE_HAL_DRIVER -DSTM32F746xx -c -I../Core/Inc -I../Drivers/STM32F7xx_HAL_Driver/Inc -I../Drivers/STM32F7xx_HAL_Driver/Inc/Legacy -I../Drivers/CMSIS/Device/ST/STM32F7xx/Include -I../Drivers/CMSIS/Include -O0 -ffunction-sections -fdata-sections -Wall -fstack-usage -fcyclomatic-complexity -MMD -MP -MF"Core/Src/main.d" -MT"Core/Src/main.o" --specs=nano.specs -mfpu=fpv5-sp-d16 -mfloat-abi=hard -mthumb -o "Core/Src/main.o"
arm-none-eabi-gcc -o "pushbutton_softwareinterrupt_baremetal.elf" @"objects.list"   -mcpu=cortex-m7 -T"/home/invadl0640/Desktop/STM32 Codes/pushbutton_softwareinterrupt_baremetal/STM32F746NGHX_FLASH.ld" --specs=nosys.specs -Wl,-Map="pushbutton_softwareinterrupt_baremetal.map" -Wl,--gc-sections -static --specs=nano.specs -mfpu=fpv5-sp-d16 -mfloat-abi=hard -mthumb -Wl,--start-group -lc -lm -Wl,--end-group
Finished building target: pushbutton_softwareinterrupt_baremetal.elf
 
arm-none-eabi-size  pushbutton_softwareinterrupt_baremetal.elf 
arm-none-eabi-objdump -h -S pushbutton_softwareinterrupt_baremetal.elf  > "pushbutton_softwareinterrupt_baremetal.list"
   text	   data	    bss	    dec	    hex	filename
   1372	      4	   1572	   2948	    b84	pushbutton_softwareinterrupt_baremetal.elf
Finished building: default.size.stdout
 
Finished building: pushbutton_softwareinterrupt_baremetal.list
 

10:29:24 Build Finished. 0 errors, 0 warnings. (took 461ms)

