10:51:43 **** Incremental Build of configuration Debug for project pushbutton_3timespress_blinkled ****
make -j12 all 
arm-none-eabi-gcc "../Core/Src/main.c" -mcpu=cortex-m7 -std=gnu11 -g3 -DDEBUG -DUSE_HAL_DRIVER -DSTM32F746xx -c -I../Core/Inc -I../Drivers/STM32F7xx_HAL_Driver/Inc -I../Drivers/STM32F7xx_HAL_Driver/Inc/Legacy -I../Drivers/CMSIS/Device/ST/STM32F7xx/Include -I../Drivers/CMSIS/Include -O0 -ffunction-sections -fdata-sections -Wall -fstack-usage -fcyclomatic-complexity -MMD -MP -MF"Core/Src/main.d" -MT"Core/Src/main.o" --specs=nano.specs -mfpu=fpv5-sp-d16 -mfloat-abi=hard -mthumb -o "Core/Src/main.o"
arm-none-eabi-gcc -o "pushbutton_3timespress_blinkled.elf" @"objects.list"   -mcpu=cortex-m7 -T"/home/invadl0640/Desktop/STM32 Codes/pushbutton_3timespress_blinkled/STM32F746NGHX_FLASH.ld" --specs=nosys.specs -Wl,-Map="pushbutton_3timespress_blinkled.map" -Wl,--gc-sections -static --specs=nano.specs -mfpu=fpv5-sp-d16 -mfloat-abi=hard -mthumb -Wl,--start-group -lc -lm -Wl,--end-group
Finished building target: pushbutton_3timespress_blinkled.elf
 
arm-none-eabi-size  pushbutton_3timespress_blinkled.elf 
arm-none-eabi-objdump -h -S pushbutton_3timespress_blinkled.elf  > "pushbutton_3timespress_blinkled.list"
   text	   data	    bss	    dec	    hex	filename
   6368	     12	   1572	   7952	   1f10	pushbutton_3timespress_blinkled.elf
Finished building: default.size.stdout
 
Finished building: pushbutton_3timespress_blinkled.list
 

10:51:44 Build Finished. 0 errors, 0 warnings. (took 644ms)

