10:26:30 **** Incremental Build of configuration Debug for project pushbutton_interrupt_ledoff ****
make -j12 all 
arm-none-eabi-gcc "../Core/Src/main.c" -mcpu=cortex-m7 -std=gnu11 -g3 -DDEBUG -DUSE_HAL_DRIVER -DSTM32F746xx -c -I../Core/Inc -I../Drivers/STM32F7xx_HAL_Driver/Inc -I../Drivers/STM32F7xx_HAL_Driver/Inc/Legacy -I../Drivers/CMSIS/Device/ST/STM32F7xx/Include -I../Drivers/CMSIS/Include -O0 -ffunction-sections -fdata-sections -Wall -fstack-usage -fcyclomatic-complexity -MMD -MP -MF"Core/Src/main.d" -MT"Core/Src/main.o" --specs=nano.specs -mfpu=fpv5-sp-d16 -mfloat-abi=hard -mthumb -o "Core/Src/main.o"
arm-none-eabi-gcc -o "pushbutton_interrupt_ledoff.elf" @"objects.list"   -mcpu=cortex-m7 -T"/home/invadl0640/Desktop/STM32 Codes/pushbutton_interrupt_ledoff/STM32F746NGHX_FLASH.ld" --specs=nosys.specs -Wl,-Map="pushbutton_interrupt_ledoff.map" -Wl,--gc-sections -static --specs=nano.specs -mfpu=fpv5-sp-d16 -mfloat-abi=hard -mthumb -Wl,--start-group -lc -lm -Wl,--end-group
Finished building target: pushbutton_interrupt_ledoff.elf
 
arm-none-eabi-size  pushbutton_interrupt_ledoff.elf 
arm-none-eabi-objdump -h -S pushbutton_interrupt_ledoff.elf  > "pushbutton_interrupt_ledoff.list"
   text	   data	    bss	    dec	    hex	filename
   2200	     12	   1572	   3784	    ec8	pushbutton_interrupt_ledoff.elf
Finished building: default.size.stdout
 
Finished building: pushbutton_interrupt_ledoff.list
 

10:26:31 Build Finished. 0 errors, 0 warnings. (took 376ms)

