15:10:15 **** Build of configuration Debug for project semaphore_counter_nocmisis_UART_IT ****
make -j12 all 
arm-none-eabi-gcc "../Core/Src/main.c" -mcpu=cortex-m7 -std=gnu11 -g3 -DDEBUG -DUSE_HAL_DRIVER -DSTM32F746xx -c -I../Core/Inc -I../Drivers/STM32F7xx_HAL_Driver/Inc -I../Drivers/STM32F7xx_HAL_Driver/Inc/Legacy -I../Middlewares/Third_Party/FreeRTOS/Source/include -I../Middlewares/Third_Party/FreeRTOS/Source/CMSIS_RTOS -I../Middlewares/Third_Party/FreeRTOS/Source/portable/GCC/ARM_CM7/r0p1 -I../Drivers/CMSIS/Device/ST/STM32F7xx/Include -I../Drivers/CMSIS/Include -O0 -ffunction-sections -fdata-sections -Wall -fstack-usage -fcyclomatic-complexity -MMD -MP -MF"Core/Src/main.d" -MT"Core/Src/main.o" --specs=nano.specs -mfpu=fpv5-sp-d16 -mfloat-abi=hard -mthumb -o "Core/Src/main.o"
arm-none-eabi-gcc -o "semaphore_counter_nocmisis_UART_IT.elf" @"objects.list"   -mcpu=cortex-m7 -T"/home/invadl0640/Desktop/STM32 Codes/semaphore_counter_nocmisis_UART_IT/STM32F746NGHX_FLASH.ld" --specs=nosys.specs -Wl,-Map="semaphore_counter_nocmisis_UART_IT.map" -Wl,--gc-sections -static --specs=nano.specs -mfpu=fpv5-sp-d16 -mfloat-abi=hard -mthumb -Wl,--start-group -lc -lm -Wl,--end-group
Finished building target: semaphore_counter_nocmisis_UART_IT.elf
 
arm-none-eabi-size  semaphore_counter_nocmisis_UART_IT.elf 
arm-none-eabi-objdump -h -S semaphore_counter_nocmisis_UART_IT.elf  > "semaphore_counter_nocmisis_UART_IT.list"
   text	   data	    bss	    dec	    hex	filename
  28560	     28	  18100	  46688	   b660	semaphore_counter_nocmisis_UART_IT.elf
Finished building: default.size.stdout
 
Finished building: semaphore_counter_nocmisis_UART_IT.list
 

15:10:15 Build Finished. 0 errors, 0 warnings. (took 332ms)

