16:06:51 **** Incremental Build of configuration Debug for project spi_test ****
make -j12 all 
arm-none-eabi-gcc "../Core/Src/main.c" -mcpu=cortex-m7 -std=gnu11 -g3 -DDEBUG -DUSE_HAL_DRIVER -DSTM32F746xx -c -I../Core/Inc -I../Drivers/STM32F7xx_HAL_Driver/Inc -I../Drivers/STM32F7xx_HAL_Driver/Inc/Legacy -I../Drivers/CMSIS/Device/ST/STM32F7xx/Include -I../Drivers/CMSIS/Include -O0 -ffunction-sections -fdata-sections -Wall -fstack-usage -fcyclomatic-complexity -MMD -MP -MF"Core/Src/main.d" -MT"Core/Src/main.o" --specs=nano.specs -mfpu=fpv5-sp-d16 -mfloat-abi=hard -mthumb -o "Core/Src/main.o"
arm-none-eabi-gcc -o "spi_test.elf" @"objects.list"   -mcpu=cortex-m7 -T"/home/invadl0640/Desktop/STM32 Codes/spi_test/STM32F746NGHX_FLASH.ld" --specs=nosys.specs -Wl,-Map="spi_test.map" -Wl,--gc-sections -static --specs=nano.specs -mfpu=fpv5-sp-d16 -mfloat-abi=hard -mthumb -Wl,--start-group -lc -lm -Wl,--end-group
Finished building target: spi_test.elf
 
arm-none-eabi-size  spi_test.elf 
arm-none-eabi-objdump -h -S spi_test.elf  > "spi_test.list"
   text	   data	    bss	    dec	    hex	filename
  14656	    104	   2008	  16768	   4180	spi_test.elf
Finished building: default.size.stdout
 
Finished building: spi_test.list
 

16:06:51 Build Finished. 0 errors, 0 warnings. (took 282ms)

