12:05:08 **** Incremental Build of configuration Debug for project window_watchdog_csr_register ****
make -j12 all 
arm-none-eabi-gcc "../Core/Src/main.c" -mcpu=cortex-m7 -std=gnu11 -g3 -DDEBUG -DUSE_HAL_DRIVER -DSTM32F746xx -c -I../Core/Inc -I../Drivers/STM32F7xx_HAL_Driver/Inc -I../Drivers/STM32F7xx_HAL_Driver/Inc/Legacy -I../Drivers/CMSIS/Device/ST/STM32F7xx/Include -I../Drivers/CMSIS/Include -O0 -ffunction-sections -fdata-sections -Wall -fstack-usage -fcyclomatic-complexity -MMD -MP -MF"Core/Src/main.d" -MT"Core/Src/main.o" --specs=nano.specs -mfpu=fpv5-sp-d16 -mfloat-abi=hard -mthumb -o "Core/Src/main.o"
arm-none-eabi-gcc -o "window_watchdog_csr_register.elf" @"objects.list"   -mcpu=cortex-m7 -T"/home/invadl0640/Desktop/STM32 Codes/window_watchdog_csr_register/STM32F746NGHX_FLASH.ld" --specs=nosys.specs -Wl,-Map="window_watchdog_csr_register.map" -Wl,--gc-sections -static --specs=nano.specs -mfpu=fpv5-sp-d16 -mfloat-abi=hard -mthumb -Wl,--start-group -lc -lm -Wl,--end-group
Finished building target: window_watchdog_csr_register.elf
 
arm-none-eabi-size  window_watchdog_csr_register.elf 
arm-none-eabi-objdump -h -S window_watchdog_csr_register.elf  > "window_watchdog_csr_register.list"
   text	   data	    bss	    dec	    hex	filename
   5464	     12	   1572	   7048	   1b88	window_watchdog_csr_register.elf
Finished building: default.size.stdout
 
Finished building: window_watchdog_csr_register.list
 

12:05:08 Build Finished. 0 errors, 0 warnings. (took 233ms)

